Component: ARM Compiler 6.16 Tool: armlink [5dfeaa00]

==============================================================================

Section Cross References

    com.o(.text.init_thcom) refers to com.o(.text.th_com_Tx) for th_com_Tx
    com.o(.text.init_thcom) refers to rtx_thread.o(.text.osThreadNew) for osThreadNew
    com.o(.text.init_thcom) refers to com.o(.bss.thcom_Tx) for thcom_Tx
    com.o(.text.init_thcom) refers to com.o(.text.th_com_Rx) for th_com_Rx
    com.o(.text.init_thcom) refers to com.o(.bss.thcom_Rx) for thcom_Rx
    com.o(.text.init_thcom) refers to rtx_msgqueue.o(.text.osMessageQueueNew) for osMessageQueueNew
    com.o(.text.init_thcom) refers to com.o(.bss.qCom_Tx) for qCom_Tx
    com.o(.text.init_thcom) refers to com.o(.bss.qCom_Rx) for qCom_Rx
    com.o(.text.init_thcom) refers to com.o(.text.init_uart) for init_uart
    com.o(.ARM.exidx.text.init_thcom) refers to com.o(.text.init_thcom) for [Anonymous Symbol]
    com.o(.text.th_com_Tx) refers to com.o(.data.uart) for uart
    com.o(.text.th_com_Tx) refers to rtx_thread.o(.text.osThreadFlagsWait) for osThreadFlagsWait
    com.o(.text.th_com_Tx) refers to rtx_thread.o(.text.osThreadYield) for osThreadYield
    com.o(.text.th_com_Tx) refers to com.o(.bss.qCom_Tx) for qCom_Tx
    com.o(.text.th_com_Tx) refers to rtx_msgqueue.o(.text.osMessageQueueGet) for osMessageQueueGet
    com.o(.text.th_com_Tx) refers to memcpya.o(.text) for __aeabi_memcpy
    com.o(.ARM.exidx.text.th_com_Tx) refers to com.o(.text.th_com_Tx) for [Anonymous Symbol]
    com.o(.text.th_com_Rx) refers to com.o(.data.uart) for uart
    com.o(.text.th_com_Rx) refers to rtx_thread.o(.text.osThreadYield) for osThreadYield
    com.o(.text.th_com_Rx) refers to rtx_thread.o(.text.osThreadFlagsWait) for osThreadFlagsWait
    com.o(.text.th_com_Rx) refers to com.o(.text.procesar_trama) for procesar_trama
    com.o(.text.th_com_Rx) refers to memseta.o(.text) for __aeabi_memclr4
    com.o(.ARM.exidx.text.th_com_Rx) refers to com.o(.text.th_com_Rx) for [Anonymous Symbol]
    com.o(.text.init_uart) refers to com.o(.data.uart) for uart
    com.o(.text.init_uart) refers to com.o(.text.uart_callback) for uart_callback
    com.o(.ARM.exidx.text.init_uart) refers to com.o(.text.init_uart) for [Anonymous Symbol]
    com.o(.text.procesar_trama) refers to com.o(.bss.qCom_Rx) for qCom_Rx
    com.o(.text.procesar_trama) refers to rtx_msgqueue.o(.text.osMessageQueuePut) for osMessageQueuePut
    com.o(.ARM.exidx.text.procesar_trama) refers to com.o(.text.procesar_trama) for [Anonymous Symbol]
    com.o(.text.desinit_uart) refers to com.o(.data.uart) for uart
    com.o(.ARM.exidx.text.desinit_uart) refers to com.o(.text.desinit_uart) for [Anonymous Symbol]
    com.o(.text.uart_callback) refers to com.o(.bss.thcom_Tx) for thcom_Tx
    com.o(.text.uart_callback) refers to rtx_thread.o(.text.osThreadFlagsSet) for osThreadFlagsSet
    com.o(.text.uart_callback) refers to com.o(.bss.thcom_Rx) for thcom_Rx
    com.o(.ARM.exidx.text.uart_callback) refers to com.o(.text.uart_callback) for [Anonymous Symbol]
    com.o(.data.uart) refers to usart_stm32f4xx.o(.rodata.Driver_USART3) for Driver_USART3
    main.o(.text.HAL_GetTick) refers to rtx_kernel.o(.text.osKernelGetState) for osKernelGetState
    main.o(.text.HAL_GetTick) refers to rtx_kernel.o(.text.osKernelGetTickCount) for osKernelGetTickCount
    main.o(.text.HAL_GetTick) refers to system_stm32f4xx.o(.data.SystemCoreClock) for SystemCoreClock
    main.o(.text.HAL_GetTick) refers to main.o(.bss.HAL_GetTick.ticks) for HAL_GetTick.ticks
    main.o(.ARM.exidx.text.HAL_GetTick) refers to main.o(.text.HAL_GetTick) for [Anonymous Symbol]
    main.o(.ARM.exidx.text.HAL_InitTick) refers to main.o(.text.HAL_InitTick) for [Anonymous Symbol]
    main.o(.text.main) refers to stm32f4xx_hal.o(.text.HAL_Init) for HAL_Init
    main.o(.text.main) refers to main.o(.text.SystemClock_Config) for SystemClock_Config
    main.o(.text.main) refers to system_stm32f4xx.o(.text.SystemCoreClockUpdate) for SystemCoreClockUpdate
    main.o(.text.main) refers to rtx_kernel.o(.text.osKernelInitialize) for osKernelInitialize
    main.o(.text.main) refers to com.o(.text.init_thcom) for init_thcom
    main.o(.text.main) refers to nfc.o(.text.init_thNFC) for init_thNFC
    main.o(.text.main) refers to th_adc.o(.text.Init_thADC) for Init_thADC
    main.o(.text.main) refers to vcnl.o(.text.init_thVCNL) for init_thVCNL
    main.o(.text.main) refers to leds.o(.text.Init_Thread_LD1) for Init_Thread_LD1
    main.o(.text.main) refers to pwm.o(.text.Init_Thread_PWM) for Init_Thread_PWM
    main.o(.text.main) refers to principal.o(.text.Init_main) for Init_main
    main.o(.text.main) refers to rtx_kernel.o(.text.osKernelStart) for osKernelStart
    main.o(.ARM.exidx.text.main) refers to main.o(.text.main) for [Anonymous Symbol]
    main.o(.text.SystemClock_Config) refers to stm32f4xx_hal_rcc.o(.text.HAL_RCC_OscConfig) for HAL_RCC_OscConfig
[...]
    TIM1_CC_IRQHandler                       0x080001db   Thumb Code     0  startup_stm32f429xx.o(.text)
    TIM1_TRG_COM_TIM11_IRQHandler            0x080001db   Thumb Code     0  startup_stm32f429xx.o(.text)
    TIM1_UP_TIM10_IRQHandler                 0x080001db   Thumb Code     0  startup_stm32f429xx.o(.text)
    TIM2_IRQHandler                          0x080001db   Thumb Code     0  startup_stm32f429xx.o(.text)
    TIM3_IRQHandler                          0x080001db   Thumb Code     0  startup_stm32f429xx.o(.text)
    TIM4_IRQHandler                          0x080001db   Thumb Code     0  startup_stm32f429xx.o(.text)
    TIM5_IRQHandler                          0x080001db   Thumb Code     0  startup_stm32f429xx.o(.text)
    TIM6_DAC_IRQHandler                      0x080001db   Thumb Code     0  startup_stm32f429xx.o(.text)
    TIM7_IRQHandler                          0x080001db   Thumb Code     0  startup_stm32f429xx.o(.text)
    TIM8_BRK_TIM12_IRQHandler                0x080001db   Thumb Code     0  startup_stm32f429xx.o(.text)
    TIM8_CC_IRQHandler                       0x080001db   Thumb Code     0  startup_stm32f429xx.o(.text)
    TIM8_TRG_COM_TIM14_IRQHandler            0x080001db   Thumb Code     0  startup_stm32f429xx.o(.text)
    TIM8_UP_TIM13_IRQHandler                 0x080001db   Thumb Code     0  startup_stm32f429xx.o(.text)
    UART4_IRQHandler                         0x080001db   Thumb Code     0  startup_stm32f429xx.o(.text)
    UART5_IRQHandler                         0x080001db   Thumb Code     0  startup_stm32f429xx.o(.text)
    UART7_IRQHandler                         0x080001db   Thumb Code     0  startup_stm32f429xx.o(.text)
    UART8_IRQHandler                         0x080001db   Thumb Code     0  startup_stm32f429xx.o(.text)
    USART1_IRQHandler                        0x080001db   Thumb Code     0  startup_stm32f429xx.o(.text)
    USART2_IRQHandler                        0x080001db   Thumb Code     0  startup_stm32f429xx.o(.text)
    USART6_IRQHandler                        0x080001db   Thumb Code     0  startup_stm32f429xx.o(.text)
    WWDG_IRQHandler                          0x080001db   Thumb Code     0  startup_stm32f429xx.o(.text)
    SVC_Handler                              0x080001e5   Thumb Code   108  irq_armv7m.o(.text)
    PendSV_Handler                           0x08000251   Thumb Code    16  irq_armv7m.o(.text)
    SysTick_Handler                          0x08000261   Thumb Code    16  irq_armv7m.o(.text)
    __aeabi_uldivmod                         0x08000279   Thumb Code    98  uldiv.o(.text)
    mktime                                   0x080002dd   Thumb Code   150  mktime.o(.text)
    __aeabi_memcpy                           0x08000385   Thumb Code    36  memcpya.o(.text)
    __aeabi_memcpy4                          0x08000385   Thumb Code     0  memcpya.o(.text)
    __aeabi_memcpy8                          0x08000385   Thumb Code     0  memcpya.o(.text)
    __aeabi_memset                           0x080003a9   Thumb Code    14  memseta.o(.text)
    __aeabi_memset4                          0x080003a9   Thumb Code     0  memseta.o(.text)
    __aeabi_memset8                          0x080003a9   Thumb Code     0  memseta.o(.text)
    __aeabi_memclr                           0x080003b7   Thumb Code     4  memseta.o(.text)
    __aeabi_memclr4                          0x080003b7   Thumb Code     0  memseta.o(.text)
    __aeabi_memclr8                          0x080003b7   Thumb Code     0  memseta.o(.text)
    _memset$wrapper                          0x080003bb   Thumb Code    18  memseta.o(.text)
    __0sscanf                                0x080003cd   Thumb Code    48  __0sscanf.o(.text)
    _scanf_int                               0x08000405   Thumb Code   332  _scanf_int.o(.text)
    __aeabi_fadd                             0x08000551   Thumb Code   164  fadd.o(.text)
    __aeabi_fsub                             0x080005f5   Thumb Code     6  fadd.o(.text)
    __aeabi_frsub                            0x080005fb   Thumb Code     6  fadd.o(.text)
    __aeabi_fmul                             0x08000601   Thumb Code   100  fmul.o(.text)
    __aeabi_fdiv                             0x08000665   Thumb Code   124  fdiv.o(.text)
    __aeabi_dadd                             0x080006e1   Thumb Code   322  dadd.o(.text)
    __aeabi_dsub                             0x08000823   Thumb Code     6  dadd.o(.text)
    __aeabi_drsub                            0x08000829   Thumb Code     6  dadd.o(.text)
    __aeabi_ui2f                             0x0800082f   Thumb Code    10  ffltui.o(.text)
    __aeabi_f2d                              0x08000839   Thumb Code    38  f2d.o(.text)
    __aeabi_d2f                              0x0800085f   Thumb Code    56  d2f.o(.text)
    __aeabi_uidiv                            0x08000897   Thumb Code     0  uidiv.o(.text)
    __aeabi_uidivmod                         0x08000897   Thumb Code    44  uidiv.o(.text)
    __aeabi_llsl                             0x080008c3   Thumb Code    30  llshl.o(.text)
    _ll_shift_l                              0x080008c3   Thumb Code     0  llshl.o(.text)
    __aeabi_llsr                             0x080008e1   Thumb Code    32  llushr.o(.text)
    _ll_ushift_r                             0x080008e1   Thumb Code     0  llushr.o(.text)
    __aeabi_lasr                             0x08000901   Thumb Code    36  llsshr.o(.text)
    _ll_sshift_r                             0x08000901   Thumb Code     0  llsshr.o(.text)
    _localtime                               0x08000925   Thumb Code   134  localtime_i.o(.text)
    _chval                                   0x080009b1   Thumb Code    28  _chval.o(.text)
    __vfscanf_char                           0x080009d9   Thumb Code    20  scanf_char.o(.text)
    _sgetc                                   0x080009f5   Thumb Code    30  _sgetc.o(.text)
    _sbackspace                              0x08000a13   Thumb Code    34  _sgetc.o(.text)
    __I$use$fp                               0x08000a35   Thumb Code     0  iusefp.o(.text)
    _float_round                             0x08000a35   Thumb Code    18  fepilogue.o(.text)
    _float_epilogue                          0x08000a47   Thumb Code    92  fepilogue.o(.text)
    _double_round                            0x08000aa3   Thumb Code    30  depilogue.o(.text)
    _double_epilogue                         0x08000ac1   Thumb Code   156  depilogue.o(.text)
    __aeabi_dmul                             0x08000b5d   Thumb Code   228  dmul.o(.text)
    __aeabi_ddiv                             0x08000c41   Thumb Code   222  ddiv.o(.text)
    __aeabi_d2ulz                            0x08000d1f   Thumb Code    48  dfixul.o(.text)
    __aeabi_cdrcmple                         0x08000d51   Thumb Code    48  cdrcmple.o(.text)
    __scatterload                            0x08000d81   Thumb Code    28  init.o(.text)
    __scatterload_rt2                        0x08000d81   Thumb Code     0  init.o(.text)
    __semihosting_library_function           0x08000da5   Thumb Code     0  semi.o(.text)
    isspace                                  0x08000da5   Thumb Code    10  isspace_c.o(.text)
    __vfscanf                                0x08000db1   Thumb Code   808  _scanf.o(.text)
    __I$use$semihosting$fputc                0x080010dd   Thumb Code     0  iusesemip.o(.text)
    __ctype_lookup                           0x080010dd   Thumb Code    34  ctype_c.o(.text)
    ADC1_pins_F429ZI_config                  0x08001105   Thumb Code   250  adc.o(.text.ADC1_pins_F429ZI_config)
    ADC_Init                                 0x08001201   Thumb Code    54  adc.o(.text.ADC_Init)
    ADC_getData                              0x08001341   Thumb Code    62  adc.o(.text.ADC_getData)
    BusFault_Handler                         0x08001381   Thumb Code     2  stm32f4xx_it.o(.text.BusFault_Handler)
    DebugMon_Handler                         0x08001385   Thumb Code     2  stm32f4xx_it.o(.text.DebugMon_Handler)
    Deinit_ADC                               0x08001389   Thumb Code     8  adc.o(.text.Deinit_ADC)
    EXTI15_10_IRQHandler                     0x080013a5   Thumb Code    12  principal.o(.text.EXTI15_10_IRQHandler)
    Error_Handler                            0x08001751   Thumb Code    12  rtc.o(.text.Error_Handler)
    HAL_ADC_ConfigChannel                    0x080017a1   Thumb Code   296  stm32f4xx_hal_adc.o(.text.HAL_ADC_ConfigChannel)
    HAL_ADC_DeInit                           0x080018c9   Thumb Code    56  stm32f4xx_hal_adc.o(.text.HAL_ADC_DeInit)
    HAL_ADC_GetValue                         0x08001901   Thumb Code     6  stm32f4xx_hal_adc.o(.text.HAL_ADC_GetValue)
    HAL_ADC_Init                             0x08001909   Thumb Code    78  stm32f4xx_hal_adc.o(.text.HAL_ADC_Init)
    HAL_ADC_MspDeInit                        0x08001959   Thumb Code     2  stm32f4xx_hal_adc.o(.text.HAL_ADC_MspDeInit)
    HAL_ADC_MspInit                          0x0800195d   Thumb Code     2  stm32f4xx_hal_adc.o(.text.HAL_ADC_MspInit)
    HAL_ADC_PollForConversion                0x08001961   Thumb Code   180  stm32f4xx_hal_adc.o(.text.HAL_ADC_PollForConversion)
    HAL_ADC_Start                            0x08001a15   Thumb Code   276  stm32f4xx_hal_adc.o(.text.HAL_ADC_Start)
    HAL_Delay                                0x08001b29   Thumb Code    40  stm32f4xx_hal.o(.text.HAL_Delay)
    HAL_GPIO_DeInit                          0x08001b51   Thumb Code   262  stm32f4xx_hal_gpio.o(.text.HAL_GPIO_DeInit)
    HAL_GPIO_EXTI_Callback                   0x08001c59   Thumb Code    74  principal.o(.text.HAL_GPIO_EXTI_Callback)
    HAL_GPIO_EXTI_IRQHandler                 0x08001ca5   Thumb Code    26  stm32f4xx_hal_gpio.o(.text.HAL_GPIO_EXTI_IRQHandler)
    HAL_GPIO_Init                            0x08001cc1   Thumb Code   410  stm32f4xx_hal_gpio.o(.text.HAL_GPIO_Init)
    HAL_GPIO_ReadPin                         0x08001e5d   Thumb Code    10  stm32f4xx_hal_gpio.o(.text.HAL_GPIO_ReadPin)
    HAL_GPIO_TogglePin                       0x08001e69   Thumb Code    14  stm32f4xx_hal_gpio.o(.text.HAL_GPIO_TogglePin)
    HAL_GPIO_WritePin                        0x08001e79   Thumb Code    10  stm32f4xx_hal_gpio.o(.text.HAL_GPIO_WritePin)
    HAL_GetREVID                             0x08001e85   Thumb Code    14  stm32f4xx_hal.o(.text.HAL_GetREVID)
    HAL_GetTick                              0x08001e95   Thumb Code    80  main.o(.text.HAL_GetTick)
    HAL_Init                                 0x08001ee5   Thumb Code    46  stm32f4xx_hal.o(.text.HAL_Init)
    HAL_InitTick                             0x08001f15   Thumb Code     4  main.o(.text.HAL_InitTick)
    HAL_MspInit                              0x08001f19   Thumb Code     2  stm32f4xx_hal.o(.text.HAL_MspInit)
    HAL_NVIC_ClearPendingIRQ                 0x08001f1d   Thumb Code     8  stm32f4xx_hal_cortex.o(.text.HAL_NVIC_ClearPendingIRQ)
    HAL_NVIC_DisableIRQ                      0x08001f25   Thumb Code     8  stm32f4xx_hal_cortex.o(.text.HAL_NVIC_DisableIRQ)
    HAL_NVIC_EnableIRQ                       0x08001f2d   Thumb Code     8  stm32f4xx_hal_cortex.o(.text.HAL_NVIC_EnableIRQ)
    HAL_NVIC_SetPriorityGrouping             0x08001f35   Thumb Code     8  stm32f4xx_hal_cortex.o(.text.HAL_NVIC_SetPriorityGrouping)
    HAL_PWREx_EnableFlashPowerDown           0x08001f3d   Thumb Code    12  stm32f4xx_hal_pwr_ex.o(.text.HAL_PWREx_EnableFlashPowerDown)
    HAL_PWR_EnableBkUpAccess                 0x08001f49   Thumb Code    12  stm32f4xx_hal_pwr.o(.text.HAL_PWR_EnableBkUpAccess)
    HAL_PWR_EnterSTOPMode                    0x08001f55   Thumb Code    60  stm32f4xx_hal_pwr.o(.text.HAL_PWR_EnterSTOPMode)
    HAL_RCCEx_PeriphCLKConfig                0x08001f91   Thumb Code   582  stm32f4xx_hal_rcc_ex.o(.text.HAL_RCCEx_PeriphCLKConfig)
    HAL_RCC_ClockConfig                      0x080021d9   Thumb Code   352  stm32f4xx_hal_rcc.o(.text.HAL_RCC_ClockConfig)
    HAL_RCC_GetClockConfig                   0x08002339   Thumb Code    62  stm32f4xx_hal_rcc.o(.text.HAL_RCC_GetClockConfig)
    HAL_RCC_GetHCLKFreq                      0x08002379   Thumb Code    12  stm32f4xx_hal_rcc.o(.text.HAL_RCC_GetHCLKFreq)
    HAL_RCC_GetOscConfig                     0x08002385   Thumb Code   152  stm32f4xx_hal_rcc.o(.text.HAL_RCC_GetOscConfig)
    HAL_RCC_GetPCLK1Freq                     0x0800241d   Thumb Code    34  stm32f4xx_hal_rcc.o(.text.HAL_RCC_GetPCLK1Freq)
    HAL_RCC_GetSysClockFreq                  0x08002441   Thumb Code   106  stm32f4xx_hal_rcc.o(.text.HAL_RCC_GetSysClockFreq)
    HAL_RCC_OscConfig                        0x080024ad   Thumb Code   820  stm32f4xx_hal_rcc.o(.text.HAL_RCC_OscConfig)
    HAL_RTCEx_AlarmBEventCallback            0x080027e1   Thumb Code    14  principal.o(.text.HAL_RTCEx_AlarmBEventCallback)
    HAL_RTCEx_BKUPWrite                      0x080027f1   Thumb Code    10  stm32f4xx_hal_rtc_ex.o(.text.HAL_RTCEx_BKUPWrite)
    HAL_RTC_AlarmAEventCallback              0x080027fd   Thumb Code    26  principal.o(.text.HAL_RTC_AlarmAEventCallback)
    HAL_RTC_AlarmIRQHandler                  0x08002819   Thumb Code   100  stm32f4xx_hal_rtc.o(.text.HAL_RTC_AlarmIRQHandler)
    HAL_RTC_DeactivateAlarm                  0x0800287d   Thumb Code   148  stm32f4xx_hal_rtc.o(.text.HAL_RTC_DeactivateAlarm)
    HAL_RTC_GetDate                          0x08002911   Thumb Code    66  stm32f4xx_hal_rtc.o(.text.HAL_RTC_GetDate)
    HAL_RTC_GetTime                          0x08002955   Thumb Code    80  stm32f4xx_hal_rtc.o(.text.HAL_RTC_GetTime)
    HAL_RTC_Init                             0x080029a5   Thumb Code   160  stm32f4xx_hal_rtc.o(.text.HAL_RTC_Init)
    HAL_RTC_MspInit                          0x08002a45   Thumb Code     2  stm32f4xx_hal_rtc.o(.text.HAL_RTC_MspInit)
    HAL_RTC_SetAlarm_IT                      0x08002a49   Thumb Code   368  stm32f4xx_hal_rtc.o(.text.HAL_RTC_SetAlarm_IT)
    HAL_RTC_SetDate                          0x08002bb9   Thumb Code   170  stm32f4xx_hal_rtc.o(.text.HAL_RTC_SetDate)
    HAL_RTC_SetTime                          0x08002c65   Thumb Code   210  stm32f4xx_hal_rtc.o(.text.HAL_RTC_SetTime)
    HAL_RTC_WaitForSynchro                   0x08002d39   Thumb Code    48  stm32f4xx_hal_rtc.o(.text.HAL_RTC_WaitForSynchro)
    HAL_ResumeTick                           0x08002d69   Thumb Code    18  stm32f4xx_hal.o(.text.HAL_ResumeTick)
    HAL_SuspendTick                          0x08002d7d   Thumb Code    18  stm32f4xx_hal.o(.text.HAL_SuspendTick)
    HAL_TIM_PWM_ConfigChannel                0x08002d91   Thumb Code   160  stm32f4xx_hal_tim.o(.text.HAL_TIM_PWM_ConfigChannel)
    HAL_TIM_PWM_Init                         0x08002e31   Thumb Code    54  stm32f4xx_hal_tim.o(.text.HAL_TIM_PWM_Init)
    HAL_TIM_PWM_MspInit                      0x08002e69   Thumb Code     2  stm32f4xx_hal_tim.o(.text.HAL_TIM_PWM_MspInit)
    HAL_TIM_PWM_Start                        0x08002e6d   Thumb Code    60  stm32f4xx_hal_tim.o(.text.HAL_TIM_PWM_Start)
    HAL_TIM_PWM_Stop                         0x08002ea9   Thumb Code    96  stm32f4xx_hal_tim.o(.text.HAL_TIM_PWM_Stop)
    HardFault_Handler                        0x08002f09   Thumb Code     2  stm32f4xx_it.o(.text.HardFault_Handler)
    I2C1_ER_IRQHandler                       0x08002f15   Thumb Code     8  i2c_stm32f4xx.o(.text.I2C1_ER_IRQHandler)
    I2C1_EV_IRQHandler                       0x08002f1d   Thumb Code     8  i2c_stm32f4xx.o(.text.I2C1_EV_IRQHandler)
    I2C_callback                             0x08003d05   Thumb Code    30  vcnl.o(.text.I2C_callback)
    INT_init                                 0x08003d25   Thumb Code    94  vcnl.o(.text.INT_init)
    Init_LDS                                 0x08003d85   Thumb Code   134  leds.o(.text.Init_LDS)
    Init_PWM                                 0x08003e0d   Thumb Code   176  pwm.o(.text.Init_PWM)
    Init_RTC                                 0x08003ebd   Thumb Code   162  rtc.o(.text.Init_RTC)
    Init_Thread_LD1                          0x08003f61   Thumb Code    50  leds.o(.text.Init_Thread_LD1)
    Init_Thread_PWM                          0x08003f95   Thumb Code    78  pwm.o(.text.Init_Thread_PWM)
    Init_main                                0x08003fe5   Thumb Code    54  principal.o(.text.Init_main)
    Init_thADC                               0x0800401d   Thumb Code    86  th_adc.o(.text.Init_thADC)
    MemManage_Handler                        0x08004075   Thumb Code     2  stm32f4xx_it.o(.text.MemManage_Handler)
    NFC_Deinit_SPI                           0x0800412d   Thumb Code    18  nfc.o(.text.NFC_Deinit_SPI)
    NFC_SPI_callback                         0x08004141   Thumb Code    30  nfc.o(.text.NFC_SPI_callback)
    NFC_antena_on                            0x08004161   Thumb Code    28  nfc.o(.text.NFC_antena_on)
    NFC_clear_mask                           0x0800417d   Thumb Code    22  nfc.o(.text.NFC_clear_mask)
    NFC_init                                 0x08004195   Thumb Code    70  nfc.o(.text.NFC_init)
    NFC_init_SPI                             0x080041dd   Thumb Code   208  nfc.o(.text.NFC_init_SPI)
    NFC_read_UID                             0x080042ad   Thumb Code   184  nfc.o(.text.NFC_read_UID)
    NFC_read_register                        0x08004365   Thumb Code    90  nfc.o(.text.NFC_read_register)
    NFC_requestA                             0x080043c1   Thumb Code   168  nfc.o(.text.NFC_requestA)
    NFC_set_mask                             0x08004469   Thumb Code    22  nfc.o(.text.NFC_set_mask)
    NFC_wr_register                          0x08004481   Thumb Code    78  nfc.o(.text.NFC_wr_register)
    NMI_Handler                              0x080044d1   Thumb Code     2  stm32f4xx_it.o(.text.NMI_Handler)
    OS_Tick_AcknowledgeIRQ                   0x080044d5   Thumb Code     8  os_systick.o(.text.OS_Tick_AcknowledgeIRQ)
    OS_Tick_Disable                          0x080044dd   Thumb Code    32  os_systick.o(.text.OS_Tick_Disable)
    OS_Tick_Enable                           0x080044fd   Thumb Code    32  os_systick.o(.text.OS_Tick_Enable)
    OS_Tick_GetIRQn                          0x08004521   Thumb Code     6  os_systick.o(.text.OS_Tick_GetIRQn)
    OS_Tick_Setup                            0x08004529   Thumb Code    48  os_systick.o(.text.OS_Tick_Setup)
    RTC_Alarm_IRQHandler                     0x0800458d   Thumb Code    16  principal.o(.text.RTC_Alarm_IRQHandler)
    RTC_Bcd2ToByte                           0x0800459d   Thumb Code    18  stm32f4xx_hal_rtc.o(.text.RTC_Bcd2ToByte)
    RTC_ByteToBcd2                           0x080045b1   Thumb Code    46  stm32f4xx_hal_rtc.o(.text.RTC_ByteToBcd2)
    RTC_CalendarConfig                       0x080045e1   Thumb Code   194  rtc.o(.text.RTC_CalendarConfig)
    RTC_CalendarShow                         0x080046a5   Thumb Code    88  rtc.o(.text.RTC_CalendarShow)
    RTC_EnterInitMode                        0x0800471d   Thumb Code    52  stm32f4xx_hal_rtc.o(.text.RTC_EnterInitMode)
    RTC_Set_AlarmSleep                       0x08004751   Thumb Code   102  rtc.o(.text.RTC_Set_AlarmSleep)
    RTC_Set_AlarmWakeup                      0x080047b9   Thumb Code   102  rtc.o(.text.RTC_Set_AlarmWakeup)
    SPI2_IRQHandler                          0x08004839   Thumb Code     8  spi_stm32f4xx.o(.text.SPI2_IRQHandler)
    StopMode_Measure                         0x080050ed   Thumb Code   602  sleep.o(.text.StopMode_Measure)
    SystemCoreClockUpdate                    0x080053e9   Thumb Code   126  system_stm32f4xx.o(.text.SystemCoreClockUpdate)
    SystemInit                               0x08005469   Thumb Code    16  system_stm32f4xx.o(.text.SystemInit)
    TIM_Base_SetConfig                       0x08005479   Thumb Code   292  stm32f4xx_hal_tim.o(.text.TIM_Base_SetConfig)
    TIM_CCxChannelCmd                        0x0800559d   Thumb Code    36  stm32f4xx_hal_tim.o(.text.TIM_CCxChannelCmd)
    TIM_OC2_SetConfig                        0x08005625   Thumb Code   106  stm32f4xx_hal_tim.o(.text.TIM_OC2_SetConfig)
    Thread_LD1                               0x080057ad   Thumb Code    70  leds.o(.text.Thread_LD1)
    Thread_PWM                               0x080057f5   Thumb Code    82  pwm.o(.text.Thread_PWM)
    TimerRTC_Callback                        0x0800588d   Thumb Code    46  principal.o(.text.TimerRTC_Callback)
    USART3_IRQHandler                        0x08005915   Thumb Code    16  usart_stm32f4xx.o(.text.USART3_IRQHandler)
    USART_IRQHandler                         0x08005f85   Thumb Code   514  usart_stm32f4xx.o(.text.USART_IRQHandler)
    UsageFault_Handler                       0x08006619   Thumb Code     2  stm32f4xx_it.o(.text.UsageFault_Handler)
    VCNL_init                                0x0800661d   Thumb Code    52  vcnl.o(.text.VCNL_init)
    VCNL_init_I2C                            0x08006651   Thumb Code    58  vcnl.o(.text.VCNL_init_I2C)
    VCNL_read_reg                            0x0800668d   Thumb Code    80  vcnl.o(.text.VCNL_read_reg)
    VCNL_write_reg                           0x080066dd   Thumb Code    60  vcnl.o(.text.VCNL_write_reg)
    comp_cmd                                 0x080067e1   Thumb Code   692  principal.o(.text.comp_cmd)
    desinit_uart                             0x08006ab9   Thumb Code    18  com.o(.text.desinit_uart)
    estado_Activo                            0x08006acd   Thumb Code   160  principal.o(.text.estado_Activo)
    estado_Alarma                            0x08006b6d   Thumb Code   186  principal.o(.text.estado_Alarma)
    estado_Bajo_Consumo                      0x08006c29   Thumb Code   250  principal.o(.text.estado_Bajo_Consumo)
    init_thNFC                               0x08006d25   Thumb Code    66  nfc.o(.text.init_thNFC)
    init_thVCNL                              0x08006d69   Thumb Code    44  vcnl.o(.text.init_thVCNL)
    init_thcom                               0x08006d95   Thumb Code   120  com.o(.text.init_thcom)
    init_uart                                0x08006e0d   Thumb Code   100  com.o(.text.init_uart)
    main                                     0x08006e71   Thumb Code    50  main.o(.text.main)
    osDelay                                  0x08006ea5   Thumb Code    32  rtx_delay.o(.text.osDelay)
    osKernelGetState                         0x08006ec9   Thumb Code    40  rtx_kernel.o(.text.osKernelGetState)
    osKernelGetTickCount                     0x08006ef5   Thumb Code    32  rtx_kernel.o(.text.osKernelGetTickCount)
    osKernelInitialize                       0x08006f1d   Thumb Code    40  rtx_kernel.o(.text.osKernelInitialize)
    osKernelResume                           0x08006f49   Thumb Code    32  rtx_kernel.o(.text.osKernelResume)
    osKernelStart                            0x08006f6d   Thumb Code    32  rtx_kernel.o(.text.osKernelStart)
    osKernelSuspend                          0x08006f91   Thumb Code    32  rtx_kernel.o(.text.osKernelSuspend)
    osMessageQueueGet                        0x08006fb5   Thumb Code   108  rtx_msgqueue.o(.text.osMessageQueueGet)
    osMessageQueueGetCount                   0x08007025   Thumb Code    44  rtx_msgqueue.o(.text.osMessageQueueGetCount)
    osMessageQueueNew                        0x08007055   Thumb Code    32  rtx_msgqueue.o(.text.osMessageQueueNew)
    osMessageQueuePut                        0x08007079   Thumb Code   124  rtx_msgqueue.o(.text.osMessageQueuePut)
    osRtxErrorNotify                         0x080070f9   Thumb Code     2  rtx_config.o(.text.osRtxErrorNotify)
    osRtxIdleThread                          0x080070fd   Thumb Code     2  rtx_config.o(.text.osRtxIdleThread)
    osRtxKernelErrorNotify                   0x080070ff   Thumb Code     4  rtx_kernel.o(.text.osRtxKernelErrorNotify)
    osRtxKernelPreInit                       0x08007103   Thumb Code     2  rtx_kernel.o(.text.osRtxKernelPreInit)
    osRtxMemoryAlloc                         0x08007105   Thumb Code   108  rtx_memory.o(.text.osRtxMemoryAlloc)
    osRtxMemoryFree                          0x08007171   Thumb Code    66  rtx_memory.o(.text.osRtxMemoryFree)
    osRtxMemoryInit                          0x080071b3   Thumb Code    54  rtx_memory.o(.text.osRtxMemoryInit)
    osRtxMemoryPoolAlloc                     0x080071e9   Thumb Code    58  rtx_mempool.o(.text.osRtxMemoryPoolAlloc)
    osRtxMemoryPoolFree                      0x08007223   Thumb Code    74  rtx_mempool.o(.text.osRtxMemoryPoolFree)
    osRtxMemoryPoolInit                      0x0800726d   Thumb Code    56  rtx_mempool.o(.text.osRtxMemoryPoolInit)
    osRtxMessageQueueTimerSetup              0x08007351   Thumb Code    32  rtx_msgqueue.o(.text.osRtxMessageQueueTimerSetup)
    osRtxMutexOwnerRelease                   0x08007375   Thumb Code    72  rtx_mutex.o(.text.osRtxMutexOwnerRelease)
    osRtxMutexOwnerRestore                   0x080073bd   Thumb Code    66  rtx_mutex.o(.text.osRtxMutexOwnerRestore)
    osRtxPendSV_Handler                      0x08007401   Thumb Code   136  rtx_system.o(.text.osRtxPendSV_Handler)
    osRtxPostProcess                         0x08007489   Thumb Code   108  rtx_system.o(.text.osRtxPostProcess)
    osRtxThreadDelayTick                     0x080075e5   Thumb Code    72  rtx_thread.o(.text.osRtxThreadDelayTick)
    osRtxThreadDispatch                      0x0800764d   Thumb Code    80  rtx_thread.o(.text.osRtxThreadDispatch)
    osRtxThreadListGet                       0x08007713   Thumb Code    18  rtx_thread.o(.text.osRtxThreadListGet)
    osRtxThreadListPut                       0x08007725   Thumb Code    44  rtx_thread.o(.text.osRtxThreadListPut)
    osRtxThreadListRemove                    0x08007751   Thumb Code    20  rtx_thread.o(.text.osRtxThreadListRemove)
    osRtxThreadListSort                      0x08007771   Thumb Code    38  rtx_thread.o(.text.osRtxThreadListSort)
    osRtxThreadReadyPut                      0x080077c1   Thumb Code    16  rtx_thread.o(.text.osRtxThreadReadyPut)
    osRtxThreadRegPtr                        0x080077d5   Thumb Code     6  rtx_thread.o(.text.osRtxThreadRegPtr)
    osRtxThreadStartup                       0x080077dd   Thumb Code    48  rtx_thread.o(.text.osRtxThreadStartup)
    osRtxThreadSwitch                        0x08007815   Thumb Code    12  rtx_thread.o(.text.osRtxThreadSwitch)
    osRtxThreadWaitEnter                     0x08007821   Thumb Code    56  rtx_thread.o(.text.osRtxThreadWaitEnter)
    osRtxThreadWaitExit                      0x0800785d   Thumb Code    34  rtx_thread.o(.text.osRtxThreadWaitExit)
    osRtxTick_Handler                        0x08007881   Thumb Code   116  rtx_system.o(.text.osRtxTick_Handler)
    osRtxTimerSetup                          0x080078f5   Thumb Code    24  rtx_timer.o(.text.osRtxTimerSetup)
    osRtxTimerThread                         0x08007915   Thumb Code    32  rtx_timer.o(.text.osRtxTimerThread)
    osThreadExit                             0x080079a5   Thumb Code     8  rtx_thread.o(.text.osThreadExit)
    osThreadFlagsSet                         0x080079b1   Thumb Code    84  rtx_thread.o(.text.osThreadFlagsSet)
    osThreadFlagsWait                        0x08007a09   Thumb Code    32  rtx_thread.o(.text.osThreadFlagsWait)
    osThreadNew                              0x08007a2d   Thumb Code    32  rtx_thread.o(.text.osThreadNew)
    osThreadYield                            0x08007a51   Thumb Code    32  rtx_thread.o(.text.osThreadYield)
    osTimerNew                               0x08007a75   Thumb Code    32  rtx_timer.o(.text.osTimerNew)
    osTimerStart                             0x08007a99   Thumb Code    32  rtx_timer.o(.text.osTimerStart)
    osTimerStop                              0x08007abd   Thumb Code    32  rtx_timer.o(.text.osTimerStop)
    procesar_trama                           0x08007ae1   Thumb Code    66  com.o(.text.procesar_trama)
    th_com_Rx                                0x08008439   Thumb Code   134  com.o(.text.th_com_Rx)
    th_com_Tx                                0x080084c1   Thumb Code   130  com.o(.text.th_com_Tx)
    th_main                                  0x08008545   Thumb Code   130  principal.o(.text.th_main)
    thread_ADC                               0x080085c9   Thumb Code   348  th_adc.o(.text.thread_ADC)
    thread_NFC                               0x08008725   Thumb Code   148  nfc.o(.text.thread_NFC)
    thread_VCNL                              0x080087b9   Thumb Code   122  vcnl.o(.text.thread_VCNL)
    uart_callback                            0x08008835   Thumb Code    50  com.o(.text.uart_callback)
    __0printf                                0x08008869   Thumb Code    22  printfa.o(i.__0printf)
    __1printf                                0x08008869   Thumb Code     0  printfa.o(i.__0printf)
    __2printf                                0x08008869   Thumb Code     0  printfa.o(i.__0printf)
    __c89printf                              0x08008869   Thumb Code     0  printfa.o(i.__0printf)
    printf                                   0x08008869   Thumb Code     0  printfa.o(i.__0printf)
    __0sprintf                               0x08008889   Thumb Code    34  printfa.o(i.__0sprintf)
    __1sprintf                               0x08008889   Thumb Code     0  printfa.o(i.__0sprintf)
    __2sprintf                               0x08008889   Thumb Code     0  printfa.o(i.__0sprintf)
    __c89sprintf                             0x08008889   Thumb Code     0  printfa.o(i.__0sprintf)
    sprintf                                  0x08008889   Thumb Code     0  printfa.o(i.__0sprintf)
    __scatterload_copy                       0x080088b1   Thumb Code    14  handlers.o(i.__scatterload_copy)
    __scatterload_null                       0x080088bf   Thumb Code     2  handlers.o(i.__scatterload_null)
    __scatterload_zeroinit                   0x080088c1   Thumb Code    14  handlers.o(i.__scatterload_zeroinit)
    fputc                                    0x0800918d   Thumb Code    18  fputc.o(i.fputc)
    __ctype_categories                       0x080091b6   Data          64  ctype_c.o(.constdata)
    osRtxConfig                              0x080091f8   Data         112  rtx_lib.o(.rodata)
    os_cb_sections                           0x08009268   Data          56  rtx_lib.o(.rodata)
    AHBPrescTable                            0x080092a0   Data          16  system_stm32f4xx.o(.rodata.AHBPrescTable)
    APBPrescTable                            0x080092b0   Data           8  system_stm32f4xx.o(.rodata.APBPrescTable)
    Driver_I2C1                              0x080092b8   Data          48  i2c_stm32f4xx.o(.rodata.Driver_I2C1)
    Driver_SPI2                              0x080092e8   Data          44  spi_stm32f4xx.o(.rodata.Driver_SPI2)
    Driver_USART3                            0x08009314   Data          56  usart_stm32f4xx.o(.rodata.Driver_USART3)
    Thread_LD1_attr                          0x0800934c   Data          36  leds.o(.rodata.Thread_LD1_attr)
    Thread_PWM_attr                          0x08009370   Data          36  pwm.o(.rodata.Thread_PWM_attr)
    osRtxUserSVC                             0x080093e0   Data           4  rtx_lib.o(.rodata.osRtxUserSVC)
    Region$$Table$$Base                      0x0800945c   Number         0  anon$$obj.o(Region$$Table)
    Region$$Table$$Limit                     0x0800947c   Number         0  anon$$obj.o(Region$$Table)
    __stdout                                 0x20000000   Data           4  stdout.o(.data)
    SPI_NFC                                  0x20000004   Data           4  nfc.o(.data.SPI_NFC)
    SystemCoreClock                          0x20000008   Data           4  system_stm32f4xx.o(.data.SystemCoreClock)
    osRtxInfo                                0x2000000c   Data         164  rtx_kernel.o(.data.os)
    uart                                     0x200000b0   Data           4  com.o(.data.uart)
    uwTickFreq                               0x200000b4   Data           1  stm32f4xx_hal.o(.data.uwTickFreq)
    uwTickPrio                               0x200000b8   Data           4  stm32f4xx_hal.o(.data.uwTickPrio)
    vcnl_i2c                                 0x200000bc   Data           4  vcnl.o(.data.vcnl_i2c)
    RtcHandle                                0x200000ec   Data          32  rtc.o(.bss.RtcHandle)
    adc                                      0x20000174   Data          72  th_adc.o(.bss.adc)
    buff                                     0x200001bc   Data          30  nfc.o(.bss.buff)
    data_adc                                 0x200001dc   Data          12  principal.o(.bss.data_adc)
    dato                                     0x200001e8   Data          12  th_adc.o(.bss.dato)
    elementos                                0x200001f4   Data           1  principal.o(.bss.elementos)
    estado                                   0x200001f5   Data           1  principal.o(.bss.estado)
    exec2                                    0x200001fc   Data           4  principal.o(.bss.exec2)
    flag                                     0x20000200   Data           4  vcnl.o(.bss.flag)
    flag_alarma_wakeup                       0x20000205   Data           1  principal.o(.bss.flag_alarma_wakeup)
    htim1                                    0x20000208   Data          64  pwm.o(.bss.htim1)
    id_vcnl                                  0x20000248   Data           2  vcnl.o(.bss.id_vcnl)
    in_flag                                  0x2000024a   Data           2  vcnl.o(.bss.in_flag)
    mid_Msg_PWM                              0x2000024c   Data           4  pwm.o(.bss.mid_Msg_PWM)
    msg                                      0x20000250   Data           6  nfc.o(.bss.msg)
    msg_PWM_leido                            0x20000258   Data           4  pwm.o(.bss.msg_PWM_leido)
    msg_rx                                   0x2000025c   Data          52  principal.o(.bss.msg_rx)
    msg_tx                                   0x20000290   Data          52  principal.o(.bss.msg_tx)
    .bss.os.msgqueue.cb$$Base                0x2000830c   Number         0  rtx_lib.o(.bss.os.msgqueue.cb)
    .bss.os.msgqueue.cb$$Limit               0x20008340   Number         0  rtx_lib.o(.bss.os.msgqueue.cb)
    .bss.os.thread.cb$$Base                  0x20008390   Number         0  rtx_lib.o(.bss.os.thread.cb)
    .bss.os.thread.cb$$Limit                 0x20008418   Number         0  rtx_lib.o(.bss.os.thread.cb)
    peticion                                 0x20008818   Data           1  th_adc.o(.bss.peticion)
    qCom_Rx                                  0x2000881c   Data           4  com.o(.bss.qCom_Rx)
    qCom_Tx                                  0x20008820   Data           4  com.o(.bss.qCom_Tx)
    q_adc_data                               0x20008824   Data           4  th_adc.o(.bss.q_adc_data)
    q_adc_peticion                           0x20008828   Data           4  th_adc.o(.bss.q_adc_peticion)
    q_nfc                                    0x2000882c   Data           4  nfc.o(.bss.q_nfc)
    showdate                                 0x20008830   Data          12  principal.o(.bss.showdate)
    showtime                                 0x2000883c   Data          10  principal.o(.bss.showtime)
    status_mcr                               0x20008846   Data           1  nfc.o(.bss.status_mcr)
    status_q                                 0x20008847   Data           1  principal.o(.bss.status_q)
    th_ADC                                   0x20008848   Data           4  th_adc.o(.bss.th_ADC)
    th_NFC                                   0x2000884c   Data           4  nfc.o(.bss.th_NFC)
    th_id_VCNL                               0x20008850   Data           4  vcnl.o(.bss.th_id_VCNL)
    thcom_Rx                                 0x20008854   Data           4  com.o(.bss.thcom_Rx)
    thcom_Tx                                 0x20008858   Data           4  com.o(.bss.thcom_Tx)
    thmain                                   0x2000885c   Data           4  principal.o(.bss.thmain)
    tid_Thread_LD1                           0x20008860   Data           4  leds.o(.bss.tid_Thread_LD1)
    tid_Thread_PWM                           0x20008864   Data           4  pwm.o(.bss.tid_Thread_PWM)
    tim_RTC                                  0x20008868   Data           4  principal.o(.bss.tim_RTC)
    ts                                       0x2000886c   Data          44  principal.o(.bss.ts)
    uid                                      0x20008898   Data           6  principal.o(.bss.uid)
    version                                  0x2000889e   Data           1  nfc.o(.bss.version)
    __initial_sp                             0x20008ca0   Data           0  startup_stm32f429xx.o(STACK)



==============================================================================

Memory Map of the image

  Image Entry point : 0x080001ad

  Load Region LR_IROM1 (Base: 0x08000000, Size: 0x00009540, Max: 0x00200000, ABSOLUTE)

    Execution Region ER_IROM1 (Exec base: 0x08000000, Load base: 0x08000000, Size: 0x0000947c, Max: 0x00200000, ABSOLUTE)

    Exec Addr    Load Addr    Size         Type   Attr      Idx    E Section Name        Object

    0x08000000   0x08000000   0x000001ac   Data   RO         1842    RESET               startup_stm32f429xx.o
    0x080001ac   0x080001ac   0x00000000   Code   RO         2350  * .ARM.Collect$$$$00000000  mc_w.l(entry.o)
    0x080001ac   0x080001ac   0x00000004   Code   RO         2643    .ARM.Collect$$$$00000001  mc_w.l(entry2.o)
    0x080001b0   0x080001b0   0x00000004   Code   RO         2646    .ARM.Collect$$$$00000004  mc_w.l(entry5.o)
    0x080001b4   0x080001b4   0x00000000   Code   RO         2648    .ARM.Collect$$$$00000008  mc_w.l(entry7b.o)
    0x080001b4   0x080001b4   0x00000000   Code   RO         2650    .ARM.Collect$$$$0000000A  mc_w.l(entry8b.o)
    0x080001b4   0x080001b4   0x00000008   Code   RO         2651    .ARM.Collect$$$$0000000B  mc_w.l(entry9a.o)
    0x080001bc   0x080001bc   0x00000000   Code   RO         2653    .ARM.Collect$$$$0000000D  mc_w.l(entry10a.o)
    0x080001bc   0x080001bc   0x00000000   Code   RO         2655    .ARM.Collect$$$$0000000F  mc_w.l(entry11a.o)
    0x080001bc   0x080001bc   0x00000004   Code   RO         2644    .ARM.Collect$$$$00002712  mc_w.l(entry2.o)
    0x080001c0   0x080001c0   0x00000024   Code   RO         1843    .text               startup_stm32f429xx.o
    0x080001e4   0x080001e4   0x00000094   Code   RO         2200    .text               RTX_CM3.lib(irq_armv7m.o)
    0x08000278   0x08000278   0x00000062   Code   RO         2353    .text               mc_w.l(uldiv.o)
    0x080002da   0x080002da   0x00000002   PAD
    0x080002dc   0x080002dc   0x000000a8   Code   RO         2355    .text               mc_w.l(mktime.o)
    0x08000384   0x08000384   0x00000024   Code   RO         2358    .text               mc_w.l(memcpya.o)
    0x080003a8   0x080003a8   0x00000024   Code   RO         2360    .text               mc_w.l(memseta.o)
    0x080003cc   0x080003cc   0x00000038   Code   RO         2625    .text               mc_w.l(__0sscanf.o)
    0x08000404   0x08000404   0x0000014c   Code   RO         2627    .text               mc_w.l(_scanf_int.o)
    0x08000550   0x08000550   0x000000b0   Code   RO         2629    .text               mf_w.l(fadd.o)
    0x08000600   0x08000600   0x00000064   Code   RO         2631    .text               mf_w.l(fmul.o)
    0x08000664   0x08000664   0x0000007c   Code   RO         2633    .text               mf_w.l(fdiv.o)
    0x080006e0   0x080006e0   0x0000014e   Code   RO         2635    .text               mf_w.l(dadd.o)
    0x0800082e   0x0800082e   0x0000000a   Code   RO         2637    .text               mf_w.l(ffltui.o)
    0x08000838   0x08000838   0x00000026   Code   RO         2639    .text               mf_w.l(f2d.o)
    0x0800085e   0x0800085e   0x00000038   Code   RO         2641    .text               mf_w.l(d2f.o)
    0x08000896   0x08000896   0x0000002c   Code   RO         2671    .text               mc_w.l(uidiv.o)
    0x080008c2   0x080008c2   0x0000001e   Code   RO         2673    .text               mc_w.l(llshl.o)
    0x080008e0   0x080008e0   0x00000020   Code   RO         2675    .text               mc_w.l(llushr.o)
    0x08000900   0x08000900   0x00000024   Code   RO         2677    .text               mc_w.l(llsshr.o)
    0x08000924   0x08000924   0x0000008c   Code   RO         2682    .text               mc_w.l(localtime_i.o)
    0x080009b0   0x080009b0   0x0000001c   Code   RO         2685    .text               mc_w.l(_chval.o)
    0x080009cc   0x080009cc   0x00000028   Code   RO         2687    .text               mc_w.l(scanf_char.o)
    0x080009f4   0x080009f4   0x00000040   Code   RO         2689    .text               mc_w.l(_sgetc.o)
    0x08000a34   0x08000a34   0x00000000   Code   RO         2691    .text               mc_w.l(iusefp.o)
    0x08000a34   0x08000a34   0x0000006e   Code   RO         2692    .text               mf_w.l(fepilogue.o)
    0x08000aa2   0x08000aa2   0x000000ba   Code   RO         2694    .text               mf_w.l(depilogue.o)
    0x08000b5c   0x08000b5c   0x000000e4   Code   RO         2696    .text               mf_w.l(dmul.o)
    0x08000c40   0x08000c40   0x000000de   Code   RO         2698    .text               mf_w.l(ddiv.o)
    0x08000d1e   0x08000d1e   0x00000030   Code   RO         2700    .text               mf_w.l(dfixul.o)
    0x08000d4e   0x08000d4e   0x00000002   PAD
    0x08000d50   0x08000d50   0x00000030   Code   RO         2702    .text               mf_w.l(cdrcmple.o)
    0x08000d80   0x08000d80   0x00000024   Code   RO         2704    .text               mc_w.l(init.o)
    0x08000da4   0x08000da4   0x00000000   Code   RO         2706    .text               mc_w.l(semi.o)
    0x08000da4   0x08000da4   0x0000000a   Code   RO         2707    .text               mc_w.l(isspace_c.o)
    0x08000dae   0x08000dae   0x00000002   PAD
    0x08000db0   0x08000db0   0x0000032c   Code   RO         2709    .text               mc_w.l(_scanf.o)
    0x080010dc   0x080010dc   0x00000000   Code   RO         2711    .text               mc_w.l(iusesemip.o)
    0x080010dc   0x080010dc   0x00000028   Code   RO         2712    .text               mc_w.l(ctype_c.o)
    0x08001104   0x08001104   0x000000fa   Code   RO          136    .text.ADC1_pins_F429ZI_config  adc.o
    0x080011fe   0x080011fe   0x00000002   PAD
    0x08001200   0x08001200   0x00000036   Code   RO          140    .text.ADC_Init      adc.o
    0x08001236   0x08001236   0x00000002   PAD
    0x08001238   0x08001238   0x00000108   Code   RO          617    .text.ADC_Init      stm32f4xx_hal_adc.o
    0x08001340   0x08001340   0x0000003e   Code   RO          142    .text.ADC_getData   adc.o
    0x0800137e   0x0800137e   0x00000002   PAD
    0x08001380   0x08001380   0x00000002   Code   RO           53    .text.BusFault_Handler  stm32f4xx_it.o
    0x08001382   0x08001382   0x00000002   PAD
    0x08001384   0x08001384   0x00000002   Code   RO           57    .text.DebugMon_Handler  stm32f4xx_it.o
    0x08001386   0x08001386   0x00000002   PAD
    0x08001388   0x08001388   0x00000008   Code   RO          138    .text.Deinit_ADC    adc.o
    0x08001390   0x08001390   0x00000012   Code   RO          432    .text.Disable_SPI_Clock  spi_stm32f4xx.o
    0x080013a2   0x080013a2   0x00000002   PAD
    0x080013a4   0x080013a4   0x0000000c   Code   RO          262    .text.EXTI15_10_IRQHandler  principal.o
    0x080013b0   0x080013b0   0x00000024   Code   RO          360    .text.Enable_GPIO_Clock  i2c_stm32f4xx.o
    0x080013d4   0x080013d4   0x00000164   Code   RO          422    .text.Enable_GPIO_Clock  spi_stm32f4xx.o
    0x08001538   0x08001538   0x000001f4   Code   RO          500    .text.Enable_GPIO_Clock  usart_stm32f4xx.o
    0x0800172c   0x0800172c   0x00000024   Code   RO          434    .text.Enable_SPI_Clock  spi_stm32f4xx.o
    0x08001750   0x08001750   0x00000030   Code   RO          115    .text.Error_Handler  rtc.o
    0x08001780   0x08001780   0x00000020   Code   RO         1919    .text.GetKernelSleepTime  RTX_CM3.lib(rtx_kernel.o)
    0x080017a0   0x080017a0   0x00000128   Code   RO          657    .text.HAL_ADC_ConfigChannel  stm32f4xx_hal_adc.o
    0x080018c8   0x080018c8   0x00000038   Code   RO          619    .text.HAL_ADC_DeInit  stm32f4xx_hal_adc.o
    0x08001900   0x08001900   0x00000006   Code   RO          653    .text.HAL_ADC_GetValue  stm32f4xx_hal_adc.o
    0x08001906   0x08001906   0x00000002   PAD
    0x08001908   0x08001908   0x0000004e   Code   RO          613    .text.HAL_ADC_Init  stm32f4xx_hal_adc.o
    0x08001956   0x08001956   0x00000002   PAD
    0x08001958   0x08001958   0x00000002   Code   RO          621    .text.HAL_ADC_MspDeInit  stm32f4xx_hal_adc.o
    0x0800195a   0x0800195a   0x00000002   PAD
    0x0800195c   0x0800195c   0x00000002   Code   RO          615    .text.HAL_ADC_MspInit  stm32f4xx_hal_adc.o
    0x0800195e   0x0800195e   0x00000002   PAD
    0x08001960   0x08001960   0x000000b4   Code   RO          627    .text.HAL_ADC_PollForConversion  stm32f4xx_hal_adc.o
    0x08001a14   0x08001a14   0x00000114   Code   RO          623    .text.HAL_ADC_Start  stm32f4xx_hal_adc.o
    0x08001b28   0x08001b28   0x00000028   Code   RO          564    .text.HAL_Delay     stm32f4xx_hal.o
    0x08001b50   0x08001b50   0x00000106   Code   RO          839    .text.HAL_GPIO_DeInit  stm32f4xx_hal_gpio.o
    0x08001c56   0x08001c56   0x00000002   PAD
    0x08001c58   0x08001c58   0x0000004a   Code   RO          264    .text.HAL_GPIO_EXTI_Callback  principal.o
    0x08001ca2   0x08001ca2   0x00000002   PAD
    0x08001ca4   0x08001ca4   0x0000001a   Code   RO          849    .text.HAL_GPIO_EXTI_IRQHandler  stm32f4xx_hal_gpio.o
    0x08001cbe   0x08001cbe   0x00000002   PAD
    0x08001cc0   0x08001cc0   0x0000019a   Code   RO          837    .text.HAL_GPIO_Init  stm32f4xx_hal_gpio.o
    0x08001e5a   0x08001e5a   0x00000002   PAD
    0x08001e5c   0x08001e5c   0x0000000a   Code   RO          841    .text.HAL_GPIO_ReadPin  stm32f4xx_hal_gpio.o
    0x08001e66   0x08001e66   0x00000002   PAD
    0x08001e68   0x08001e68   0x0000000e   Code   RO          845    .text.HAL_GPIO_TogglePin  stm32f4xx_hal_gpio.o
    0x08001e76   0x08001e76   0x00000002   PAD
    0x08001e78   0x08001e78   0x0000000a   Code   RO          843    .text.HAL_GPIO_WritePin  stm32f4xx_hal_gpio.o
    0x08001e82   0x08001e82   0x00000002   PAD
    0x08001e84   0x08001e84   0x0000000e   Code   RO          572    .text.HAL_GetREVID  stm32f4xx_hal.o
    0x08001e92   0x08001e92   0x00000002   PAD
    0x08001e94   0x08001e94   0x00000050   Code   RO           29    .text.HAL_GetTick   main.o
    0x08001ee4   0x08001ee4   0x0000002e   Code   RO          544    .text.HAL_Init      stm32f4xx_hal.o
    0x08001f12   0x08001f12   0x00000002   PAD
    0x08001f14   0x08001f14   0x00000004   Code   RO           31    .text.HAL_InitTick  main.o
    0x08001f18   0x08001f18   0x00000002   Code   RO          548    .text.HAL_MspInit   stm32f4xx_hal.o
    0x08001f1a   0x08001f1a   0x00000002   PAD
    0x08001f1c   0x08001f1c   0x00000008   Code   RO          761    .text.HAL_NVIC_ClearPendingIRQ  stm32f4xx_hal_cortex.o
    0x08001f24   0x08001f24   0x00000008   Code   RO          727    .text.HAL_NVIC_DisableIRQ  stm32f4xx_hal_cortex.o
    0x08001f2c   0x08001f2c   0x00000008   Code   RO          723    .text.HAL_NVIC_EnableIRQ  stm32f4xx_hal_cortex.o
    0x08001f34   0x08001f34   0x00000008   Code   RO          711    .text.HAL_NVIC_SetPriorityGrouping  stm32f4xx_hal_cortex.o
    0x08001f3c   0x08001f3c   0x0000000c   Code   RO         1089    .text.HAL_PWREx_EnableFlashPowerDown  stm32f4xx_hal_pwr_ex.o
    0x08001f48   0x08001f48   0x0000000c   Code   RO         1045    .text.HAL_PWR_EnableBkUpAccess  stm32f4xx_hal_pwr.o
    0x08001f54   0x08001f54   0x0000003c   Code   RO         1061    .text.HAL_PWR_EnterSTOPMode  stm32f4xx_hal_pwr.o
    0x08001f90   0x08001f90   0x00000246   Code   RO         1147    .text.HAL_RCCEx_PeriphCLKConfig  stm32f4xx_hal_rcc_ex.o
    0x080021d6   0x080021d6   0x00000002   PAD
    0x080021d8   0x080021d8   0x00000160   Code   RO         1115    .text.HAL_RCC_ClockConfig  stm32f4xx_hal_rcc.o
    0x08002338   0x08002338   0x0000003e   Code   RO         1133    .text.HAL_RCC_GetClockConfig  stm32f4xx_hal_rcc.o
    0x08002376   0x08002376   0x00000002   PAD
    0x08002378   0x08002378   0x0000000c   Code   RO         1125    .text.HAL_RCC_GetHCLKFreq  stm32f4xx_hal_rcc.o
    0x08002384   0x08002384   0x00000098   Code   RO         1131    .text.HAL_RCC_GetOscConfig  stm32f4xx_hal_rcc.o
    0x0800241c   0x0800241c   0x00000022   Code   RO         1127    .text.HAL_RCC_GetPCLK1Freq  stm32f4xx_hal_rcc.o
    0x0800243e   0x0800243e   0x00000002   PAD
    0x08002440   0x08002440   0x0000006a   Code   RO         1117    .text.HAL_RCC_GetSysClockFreq  stm32f4xx_hal_rcc.o
    0x080024aa   0x080024aa   0x00000002   PAD
    0x080024ac   0x080024ac   0x00000334   Code   RO         1113    .text.HAL_RCC_OscConfig  stm32f4xx_hal_rcc.o
    0x080027e0   0x080027e0   0x0000000e   Code   RO          270    .text.HAL_RTCEx_AlarmBEventCallback  principal.o
    0x080027ee   0x080027ee   0x00000002   PAD
    0x080027f0   0x080027f0   0x0000000a   Code   RO         1261    .text.HAL_RTCEx_BKUPWrite  stm32f4xx_hal_rtc_ex.o
    0x080027fa   0x080027fa   0x00000002   PAD
    0x080027fc   0x080027fc   0x0000001a   Code   RO          268    .text.HAL_RTC_AlarmAEventCallback  principal.o
    0x08002816   0x08002816   0x00000002   PAD
    0x08002818   0x08002818   0x00000064   Code   RO         1203    .text.HAL_RTC_AlarmIRQHandler  stm32f4xx_hal_rtc.o
    0x0800287c   0x0800287c   0x00000094   Code   RO         1199    .text.HAL_RTC_DeactivateAlarm  stm32f4xx_hal_rtc.o
    0x08002910   0x08002910   0x00000042   Code   RO         1193    .text.HAL_RTC_GetDate  stm32f4xx_hal_rtc.o
    0x08002952   0x08002952   0x00000002   PAD
    0x08002954   0x08002954   0x00000050   Code   RO         1187    .text.HAL_RTC_GetTime  stm32f4xx_hal_rtc.o
    0x080029a4   0x080029a4   0x000000a0   Code   RO         1171    .text.HAL_RTC_Init  stm32f4xx_hal_rtc.o
    0x08002a44   0x08002a44   0x00000002   Code   RO         1173    .text.HAL_RTC_MspInit  stm32f4xx_hal_rtc.o
    0x08002a46   0x08002a46   0x00000002   PAD
    0x08002a48   0x08002a48   0x00000170   Code   RO         1197    .text.HAL_RTC_SetAlarm_IT  stm32f4xx_hal_rtc.o
    0x08002bb8   0x08002bb8   0x000000aa   Code   RO         1191    .text.HAL_RTC_SetDate  stm32f4xx_hal_rtc.o
    0x08002c62   0x08002c62   0x00000002   PAD
    0x08002c64   0x08002c64   0x000000d2   Code   RO         1183    .text.HAL_RTC_SetTime  stm32f4xx_hal_rtc.o
    0x08002d36   0x08002d36   0x00000002   PAD
    0x08002d38   0x08002d38   0x00000030   Code   RO         1177    .text.HAL_RTC_WaitForSynchro  stm32f4xx_hal_rtc.o
    0x08002d68   0x08002d68   0x00000012   Code   RO          568    .text.HAL_ResumeTick  stm32f4xx_hal.o
    0x08002d7a   0x08002d7a   0x00000002   PAD
    0x08002d7c   0x08002d7c   0x00000012   Code   RO          566    .text.HAL_SuspendTick  stm32f4xx_hal.o
    0x08002d8e   0x08002d8e   0x00000002   PAD
    0x08002d90   0x08002d90   0x000000a0   Code   RO         1589    .text.HAL_TIM_PWM_ConfigChannel  stm32f4xx_hal_tim.o
    0x08002e30   0x08002e30   0x00000036   Code   RO         1477    .text.HAL_TIM_PWM_Init  stm32f4xx_hal_tim.o
    0x08002e66   0x08002e66   0x00000002   PAD
    0x08002e68   0x08002e68   0x00000002   Code   RO         1479    .text.HAL_TIM_PWM_MspInit  stm32f4xx_hal_tim.o
    0x08002e6a   0x08002e6a   0x00000002   PAD
    0x08002e6c   0x08002e6c   0x0000003c   Code   RO         1485    .text.HAL_TIM_PWM_Start  stm32f4xx_hal_tim.o
    0x08002ea8   0x08002ea8   0x00000060   Code   RO         1487    .text.HAL_TIM_PWM_Stop  stm32f4xx_hal_tim.o
    0x08002f08   0x08002f08   0x00000002   Code   RO           49    .text.HardFault_Handler  stm32f4xx_it.o
    0x08002f0a   0x08002f0a   0x00000002   PAD
    0x08002f0c   0x08002f0c   0x00000008   Code   RO          354    .text.I2C1_Control  i2c_stm32f4xx.o
    0x08002f14   0x08002f14   0x00000008   Code   RO          330    .text.I2C1_ER_IRQHandler  i2c_stm32f4xx.o
    0x08002f1c   0x08002f1c   0x00000008   Code   RO          326    .text.I2C1_EV_IRQHandler  i2c_stm32f4xx.o
    0x08002f24   0x08002f24   0x00000008   Code   RO          352    .text.I2C1_GetDataCount  i2c_stm32f4xx.o
    0x08002f2c   0x08002f2c   0x00000008   Code   RO          356    .text.I2C1_GetStatus  i2c_stm32f4xx.o
    0x08002f34   0x08002f34   0x0000000a   Code   RO          338    .text.I2C1_Initialize  i2c_stm32f4xx.o
    0x08002f3e   0x08002f3e   0x00000002   PAD
    0x08002f40   0x08002f40   0x00000008   Code   RO          346    .text.I2C1_MasterReceive  i2c_stm32f4xx.o
    0x08002f48   0x08002f48   0x00000008   Code   RO          344    .text.I2C1_MasterTransmit  i2c_stm32f4xx.o
    0x08002f50   0x08002f50   0x00000008   Code   RO          342    .text.I2C1_PowerControl  i2c_stm32f4xx.o
    0x08002f58   0x08002f58   0x00000008   Code   RO          350    .text.I2C1_SlaveReceive  i2c_stm32f4xx.o
    0x08002f60   0x08002f60   0x00000008   Code   RO          348    .text.I2C1_SlaveTransmit  i2c_stm32f4xx.o
    0x08002f68   0x08002f68   0x0000000a   Code   RO          340    .text.I2C1_Uninitialize  i2c_stm32f4xx.o
    0x08002f72   0x08002f72   0x00000002   PAD
    0x08002f74   0x08002f74   0x00000004   Code   RO          336    .text.I2CX_GetCapabilities  i2c_stm32f4xx.o
    0x08002f78   0x08002f78   0x0000000a   Code   RO          334    .text.I2CX_GetVersion  i2c_stm32f4xx.o
    0x08002f82   0x08002f82   0x00000002   PAD
    0x08002f84   0x08002f84   0x000002a4   Code   RO          376    .text.I2C_Control   i2c_stm32f4xx.o
    0x08003228   0x08003228   0x00000162   Code   RO          332    .text.I2C_ER_IRQHandler  i2c_stm32f4xx.o
    0x0800338a   0x0800338a   0x00000002   PAD
    0x0800338c   0x0800338c   0x0000051e   Code   RO          328    .text.I2C_EV_IRQHandler  i2c_stm32f4xx.o
    0x080038aa   0x080038aa   0x00000002   PAD
    0x080038ac   0x080038ac   0x00000026   Code   RO          374    .text.I2C_GetDataCount  i2c_stm32f4xx.o
    0x080038d2   0x080038d2   0x00000002   PAD
    0x080038d4   0x080038d4   0x0000000c   Code   RO          378    .text.I2C_GetStatus  i2c_stm32f4xx.o
    0x080038e0   0x080038e0   0x0000007e   Code   RO          358    .text.I2C_Initialize  i2c_stm32f4xx.o
    0x0800395e   0x0800395e   0x00000002   PAD
    0x08003960   0x08003960   0x000000c0   Code   RO          368    .text.I2C_MasterReceive  i2c_stm32f4xx.o
    0x08003a20   0x08003a20   0x000000bc   Code   RO          366    .text.I2C_MasterTransmit  i2c_stm32f4xx.o
    0x08003adc   0x08003adc   0x0000014a   Code   RO          364    .text.I2C_PowerControl  i2c_stm32f4xx.o
    0x08003c26   0x08003c26   0x00000002   PAD
    0x08003c28   0x08003c28   0x00000054   Code   RO          372    .text.I2C_SlaveReceive  i2c_stm32f4xx.o
    0x08003c7c   0x08003c7c   0x00000058   Code   RO          370    .text.I2C_SlaveTransmit  i2c_stm32f4xx.o
    0x08003cd4   0x08003cd4   0x0000002e   Code   RO          362    .text.I2C_Uninitialize  i2c_stm32f4xx.o
    0x08003d02   0x08003d02   0x00000002   PAD
    0x08003d04   0x08003d04   0x0000001e   Code   RO          193    .text.I2C_callback  vcnl.o
    0x08003d22   0x08003d22   0x00000002   PAD
    0x08003d24   0x08003d24   0x0000005e   Code   RO          195    .text.INT_init      vcnl.o
    0x08003d82   0x08003d82   0x00000002   PAD
    0x08003d84   0x08003d84   0x00000086   Code   RO          216    .text.Init_LDS      leds.o
    0x08003e0a   0x08003e0a   0x00000002   PAD
    0x08003e0c   0x08003e0c   0x000000b0   Code   RO          233    .text.Init_PWM      pwm.o
    0x08003ebc   0x08003ebc   0x000000a2   Code   RO          119    .text.Init_RTC      rtc.o
    0x08003f5e   0x08003f5e   0x00000002   PAD
    0x08003f60   0x08003f60   0x00000032   Code   RO          212    .text.Init_Thread_LD1  leds.o
    0x08003f92   0x08003f92   0x00000002   PAD
    0x08003f94   0x08003f94   0x0000004e   Code   RO          229    .text.Init_Thread_PWM  pwm.o
    0x08003fe2   0x08003fe2   0x00000002   PAD
    0x08003fe4   0x08003fe4   0x00000036   Code   RO          248    .text.Init_main     principal.o
    0x0800401a   0x0800401a   0x00000002   PAD
    0x0800401c   0x0800401c   0x00000056   Code   RO          152    .text.Init_thADC    th_adc.o
    0x08004072   0x08004072   0x00000002   PAD
    0x08004074   0x08004074   0x00000002   Code   RO           51    .text.MemManage_Handler  stm32f4xx_it.o
    0x08004076   0x08004076   0x00000040   Code   RO         2183    .text.MessageQueueGet  RTX_CM3.lib(rtx_msgqueue.o)
    0x080040b6   0x080040b6   0x00000058   Code   RO         2177    .text.MessageQueuePut  RTX_CM3.lib(rtx_msgqueue.o)
    0x0800410e   0x0800410e   0x0000001c   Code   RO         2175    .text.MessageQueueRemove  RTX_CM3.lib(rtx_msgqueue.o)
    0x0800412a   0x0800412a   0x00000002   PAD
    0x0800412c   0x0800412c   0x00000012   Code   RO           80    .text.NFC_Deinit_SPI  nfc.o
    0x0800413e   0x0800413e   0x00000002   PAD
    0x08004140   0x08004140   0x0000001e   Code   RO           82    .text.NFC_SPI_callback  nfc.o
    0x0800415e   0x0800415e   0x00000002   PAD
    0x08004160   0x08004160   0x0000001c   Code   RO           86    .text.NFC_antena_on  nfc.o
    0x0800417c   0x0800417c   0x00000016   Code   RO           92    .text.NFC_clear_mask  nfc.o
    0x08004192   0x08004192   0x00000002   PAD
    0x08004194   0x08004194   0x00000046   Code   RO           72    .text.NFC_init      nfc.o
    0x080041da   0x080041da   0x00000002   PAD
    0x080041dc   0x080041dc   0x000000d0   Code   RO           70    .text.NFC_init_SPI  nfc.o
    0x080042ac   0x080042ac   0x000000b8   Code   RO           78    .text.NFC_read_UID  nfc.o
    0x08004364   0x08004364   0x0000005a   Code   RO           74    .text.NFC_read_register  nfc.o
    0x080043be   0x080043be   0x00000002   PAD
    0x080043c0   0x080043c0   0x000000a8   Code   RO           76    .text.NFC_requestA  nfc.o
    0x08004468   0x08004468   0x00000016   Code   RO           88    .text.NFC_set_mask  nfc.o
    0x0800447e   0x0800447e   0x00000002   PAD
    0x08004480   0x08004480   0x0000004e   Code   RO           84    .text.NFC_wr_register  nfc.o
    0x080044ce   0x080044ce   0x00000002   PAD
    0x080044d0   0x080044d0   0x00000002   Code   RO           47    .text.NMI_Handler   stm32f4xx_it.o
    0x080044d2   0x080044d2   0x00000002   PAD
    0x080044d4   0x080044d4   0x00000008   Code   RO         2330    .text.OS_Tick_AcknowledgeIRQ  RTX_CM3.lib(os_systick.o)
    0x080044dc   0x080044dc   0x00000020   Code   RO         2328    .text.OS_Tick_Disable  RTX_CM3.lib(os_systick.o)
    0x080044fc   0x080044fc   0x00000024   Code   RO         2326    .text.OS_Tick_Enable  RTX_CM3.lib(os_systick.o)
    0x08004520   0x08004520   0x00000006   Code   RO         2332    .text.OS_Tick_GetIRQn  RTX_CM3.lib(os_systick.o)
    0x08004526   0x08004526   0x00000002   PAD
    0x08004528   0x08004528   0x00000040   Code   RO         2324    .text.OS_Tick_Setup  RTX_CM3.lib(os_systick.o)
    0x08004568   0x08004568   0x0000000c   Code   RO         1923    .text.OUTLINED_FUNCTION_0  RTX_CM3.lib(rtx_kernel.o)
    0x08004574   0x08004574   0x00000006   Code   RO         2065    .text.OUTLINED_FUNCTION_0  RTX_CM3.lib(rtx_thread.o)
    0x0800457a   0x0800457a   0x0000000c   Code   RO         2191    .text.OUTLINED_FUNCTION_0  RTX_CM3.lib(rtx_msgqueue.o)
    0x08004586   0x08004586   0x00000006   Code   RO         1925    .text.OUTLINED_FUNCTION_1  RTX_CM3.lib(rtx_kernel.o)
    0x0800458c   0x0800458c   0x00000010   Code   RO          266    .text.RTC_Alarm_IRQHandler  principal.o
    0x0800459c   0x0800459c   0x00000012   Code   RO         1189    .text.RTC_Bcd2ToByte  stm32f4xx_hal_rtc.o
    0x080045ae   0x080045ae   0x00000002   PAD
    0x080045b0   0x080045b0   0x0000002e   Code   RO         1185    .text.RTC_ByteToBcd2  stm32f4xx_hal_rtc.o
    0x080045de   0x080045de   0x00000002   PAD
    0x080045e0   0x080045e0   0x000000c2   Code   RO          117    .text.RTC_CalendarConfig  rtc.o
    0x080046a2   0x080046a2   0x00000002   PAD
    0x080046a4   0x080046a4   0x00000078   Code   RO          121    .text.RTC_CalendarShow  rtc.o
    0x0800471c   0x0800471c   0x00000034   Code   RO         1175    .text.RTC_EnterInitMode  stm32f4xx_hal_rtc.o
    0x08004750   0x08004750   0x00000066   Code   RO          125    .text.RTC_Set_AlarmSleep  rtc.o
    0x080047b6   0x080047b6   0x00000002   PAD
    0x080047b8   0x080047b8   0x00000066   Code   RO          123    .text.RTC_Set_AlarmWakeup  rtc.o
    0x0800481e   0x0800481e   0x00000002   PAD
    0x08004820   0x08004820   0x00000008   Code   RO          412    .text.SPI2_Control  spi_stm32f4xx.o
    0x08004828   0x08004828   0x00000008   Code   RO          410    .text.SPI2_GetDataCount  spi_stm32f4xx.o
    0x08004830   0x08004830   0x00000008   Code   RO          414    .text.SPI2_GetStatus  spi_stm32f4xx.o
    0x08004838   0x08004838   0x00000008   Code   RO          390    .text.SPI2_IRQHandler  spi_stm32f4xx.o
    0x08004840   0x08004840   0x0000000a   Code   RO          398    .text.SPI2_Initialize  spi_stm32f4xx.o
    0x0800484a   0x0800484a   0x00000002   PAD
    0x0800484c   0x0800484c   0x00000008   Code   RO          402    .text.SPI2_PowerControl  spi_stm32f4xx.o
    0x08004854   0x08004854   0x00000008   Code   RO          406    .text.SPI2_Receive  spi_stm32f4xx.o
    0x0800485c   0x0800485c   0x00000008   Code   RO          404    .text.SPI2_Send     spi_stm32f4xx.o
    0x08004864   0x08004864   0x00000008   Code   RO          408    .text.SPI2_Transfer  spi_stm32f4xx.o
    0x0800486c   0x0800486c   0x0000000a   Code   RO          400    .text.SPI2_Uninitialize  spi_stm32f4xx.o
    0x08004876   0x08004876   0x00000002   PAD
    0x08004878   0x08004878   0x00000004   Code   RO          396    .text.SPIX_GetCapabilities  spi_stm32f4xx.o
    0x0800487c   0x0800487c   0x0000000a   Code   RO          394    .text.SPIX_GetVersion  spi_stm32f4xx.o
    0x08004886   0x08004886   0x00000002   PAD
    0x08004888   0x08004888   0x000002d8   Code   RO          428    .text.SPI_Control   spi_stm32f4xx.o
    0x08004b60   0x08004b60   0x0000000c   Code   RO          446    .text.SPI_GetDataCount  spi_stm32f4xx.o
    0x08004b6c   0x08004b6c   0x00000028   Code   RO          448    .text.SPI_GetStatus  spi_stm32f4xx.o
    0x08004b94   0x08004b94   0x000000f0   Code   RO          392    .text.SPI_IRQHandler  spi_stm32f4xx.o
    0x08004c84   0x08004c84   0x000000c6   Code   RO          420    .text.SPI_Initialize  spi_stm32f4xx.o
    0x08004d4a   0x08004d4a   0x00000002   PAD
    0x08004d4c   0x08004d4c   0x00000022   Code   RO          430    .text.SPI_PeripheralReset  spi_stm32f4xx.o
    0x08004d6e   0x08004d6e   0x00000002   PAD
    0x08004d70   0x08004d70   0x000000c2   Code   RO          426    .text.SPI_PowerControl  spi_stm32f4xx.o
    0x08004e32   0x08004e32   0x00000002   PAD
    0x08004e34   0x08004e34   0x00000084   Code   RO          442    .text.SPI_Receive   spi_stm32f4xx.o
    0x08004eb8   0x08004eb8   0x0000005a   Code   RO          416    .text.SPI_RxData    spi_stm32f4xx.o
    0x08004f12   0x08004f12   0x00000002   PAD
    0x08004f14   0x08004f14   0x00000084   Code   RO          440    .text.SPI_Send      spi_stm32f4xx.o
    0x08004f98   0x08004f98   0x00000072   Code   RO          444    .text.SPI_Transfer  spi_stm32f4xx.o
    0x0800500a   0x0800500a   0x00000002   PAD
    0x0800500c   0x0800500c   0x0000005c   Code   RO          418    .text.SPI_TxData    spi_stm32f4xx.o
    0x08005068   0x08005068   0x00000042   Code   RO          424    .text.SPI_Uninitialize  spi_stm32f4xx.o
    0x080050aa   0x080050aa   0x00000002   PAD
    0x080050ac   0x080050ac   0x0000003e   Code   RO          173    .text.SYSCLKConfig_STOP  sleep.o
    0x080050ea   0x080050ea   0x00000002   PAD
    0x080050ec   0x080050ec   0x0000025a   Code   RO          171    .text.StopMode_Measure  sleep.o
    0x08005346   0x08005346   0x00000002   PAD
    0x08005348   0x08005348   0x000000a0   Code   RO           35    .text.SystemClock_Config  main.o
    0x080053e8   0x080053e8   0x0000007e   Code   RO         1852    .text.SystemCoreClockUpdate  system_stm32f4xx.o
    0x08005466   0x08005466   0x00000002   PAD
    0x08005468   0x08005468   0x00000010   Code   RO         1850    .text.SystemInit    system_stm32f4xx.o
    0x08005478   0x08005478   0x00000124   Code   RO         1427    .text.TIM_Base_SetConfig  stm32f4xx_hal_tim.o
    0x0800559c   0x0800559c   0x00000024   Code   RO         1461    .text.TIM_CCxChannelCmd  stm32f4xx_hal_tim.o
    0x080055c0   0x080055c0   0x00000064   Code   RO         1571    .text.TIM_OC1_SetConfig  stm32f4xx_hal_tim.o
    0x08005624   0x08005624   0x0000006a   Code   RO         1573    .text.TIM_OC2_SetConfig  stm32f4xx_hal_tim.o
    0x0800568e   0x0800568e   0x00000002   PAD
    0x08005690   0x08005690   0x00000068   Code   RO         1575    .text.TIM_OC3_SetConfig  stm32f4xx_hal_tim.o
    0x080056f8   0x080056f8   0x0000004e   Code   RO         1577    .text.TIM_OC4_SetConfig  stm32f4xx_hal_tim.o
    0x08005746   0x08005746   0x00000064   Code   RO         2017    .text.ThreadFlagsCheck  RTX_CM3.lib(rtx_thread.o)
    0x080057aa   0x080057aa   0x00000002   PAD
    0x080057ac   0x080057ac   0x00000046   Code   RO          214    .text.Thread_LD1    leds.o
    0x080057f2   0x080057f2   0x00000002   PAD
    0x080057f4   0x080057f4   0x00000052   Code   RO          231    .text.Thread_PWM    pwm.o
    0x08005846   0x08005846   0x00000002   PAD
    0x08005848   0x08005848   0x00000044   Code   RO         2117    .text.TimerInsert   RTX_CM3.lib(rtx_timer.o)
    0x0800588c   0x0800588c   0x0000002e   Code   RO          252    .text.TimerRTC_Callback  principal.o
    0x080058ba   0x080058ba   0x00000002   PAD
    0x080058bc   0x080058bc   0x00000028   Code   RO         2125    .text.TimerRemove   RTX_CM3.lib(rtx_timer.o)
    0x080058e4   0x080058e4   0x00000008   Code   RO          490    .text.USART3_Control  usart_stm32f4xx.o
    0x080058ec   0x080058ec   0x00000006   Code   RO          472    .text.USART3_GetCapabilities  usart_stm32f4xx.o
    0x080058f2   0x080058f2   0x00000002   PAD
    0x080058f4   0x080058f4   0x00000008   Code   RO          496    .text.USART3_GetModemStatus  usart_stm32f4xx.o
    0x080058fc   0x080058fc   0x00000008   Code   RO          488    .text.USART3_GetRxCount  usart_stm32f4xx.o
    0x08005904   0x08005904   0x00000008   Code   RO          492    .text.USART3_GetStatus  usart_stm32f4xx.o
    0x0800590c   0x0800590c   0x00000008   Code   RO          486    .text.USART3_GetTxCount  usart_stm32f4xx.o
    0x08005914   0x08005914   0x00000010   Code   RO          468    .text.USART3_IRQHandler  usart_stm32f4xx.o
    0x08005924   0x08005924   0x0000000a   Code   RO          474    .text.USART3_Initialize  usart_stm32f4xx.o
    0x0800592e   0x0800592e   0x00000002   PAD
    0x08005930   0x08005930   0x00000008   Code   RO          478    .text.USART3_PowerControl  usart_stm32f4xx.o
    0x08005938   0x08005938   0x00000008   Code   RO          482    .text.USART3_Receive  usart_stm32f4xx.o
    0x08005940   0x08005940   0x00000008   Code   RO          480    .text.USART3_Send   usart_stm32f4xx.o
    0x08005948   0x08005948   0x00000008   Code   RO          494    .text.USART3_SetModemControl  usart_stm32f4xx.o
    0x08005950   0x08005950   0x00000008   Code   RO          484    .text.USART3_Transfer  usart_stm32f4xx.o
    0x08005958   0x08005958   0x0000000a   Code   RO          476    .text.USART3_Uninitialize  usart_stm32f4xx.o
    0x08005962   0x08005962   0x00000002   PAD
    0x08005964   0x08005964   0x00000596   Code   RO          522    .text.USART_Control  usart_stm32f4xx.o
    0x08005efa   0x08005efa   0x00000002   PAD
    0x08005efc   0x08005efc   0x00000004   Code   RO          528    .text.USART_GetModemStatus  usart_stm32f4xx.o
    0x08005f00   0x08005f00   0x0000000c   Code   RO          520    .text.USART_GetRxCount  usart_stm32f4xx.o
    0x08005f0c   0x08005f0c   0x0000006a   Code   RO          524    .text.USART_GetStatus  usart_stm32f4xx.o
    0x08005f76   0x08005f76   0x00000002   PAD
    0x08005f78   0x08005f78   0x0000000c   Code   RO          518    .text.USART_GetTxCount  usart_stm32f4xx.o
    0x08005f84   0x08005f84   0x00000202   Code   RO          466    .text.USART_IRQHandler  usart_stm32f4xx.o
    0x08006186   0x08006186   0x00000002   PAD
    0x08006188   0x08006188   0x00000046   Code   RO          498    .text.USART_Initialize  usart_stm32f4xx.o
    0x080061ce   0x080061ce   0x00000002   PAD
    0x080061d0   0x080061d0   0x0000018a   Code   RO          510    .text.USART_PeripheralReset  usart_stm32f4xx.o
    0x0800635a   0x0800635a   0x00000002   PAD
    0x0800635c   0x0800635c   0x000000c6   Code   RO          504    .text.USART_PowerControl  usart_stm32f4xx.o
    0x08006422   0x08006422   0x00000002   PAD
    0x08006424   0x08006424   0x00000094   Code   RO          514    .text.USART_Receive  usart_stm32f4xx.o
    0x080064b8   0x080064b8   0x00000080   Code   RO          512    .text.USART_Send    usart_stm32f4xx.o
    0x08006538   0x08006538   0x00000054   Code   RO          526    .text.USART_SetModemControl  usart_stm32f4xx.o
    0x0800658c   0x0800658c   0x00000054   Code   RO          516    .text.USART_Transfer  usart_stm32f4xx.o
    0x080065e0   0x080065e0   0x0000002c   Code   RO          502    .text.USART_Uninitialize  usart_stm32f4xx.o
    0x0800660c   0x0800660c   0x0000000a   Code   RO          470    .text.USARTx_GetVersion  usart_stm32f4xx.o
    0x08006616   0x08006616   0x00000002   PAD
    0x08006618   0x08006618   0x00000002   Code   RO           55    .text.UsageFault_Handler  stm32f4xx_it.o
    0x0800661a   0x0800661a   0x00000002   PAD
    0x0800661c   0x0800661c   0x00000034   Code   RO          189    .text.VCNL_init     vcnl.o
    0x08006650   0x08006650   0x0000003a   Code   RO          187    .text.VCNL_init_I2C  vcnl.o
    0x0800668a   0x0800668a   0x00000002   PAD
    0x0800668c   0x0800668c   0x00000050   Code   RO          191    .text.VCNL_read_reg  vcnl.o
    0x080066dc   0x080066dc   0x0000003c   Code   RO          197    .text.VCNL_write_reg  vcnl.o
    0x08006718   0x08006718   0x0000000e   Code   RO          436    .text.__NVIC_ClearPendingIRQ  spi_stm32f4xx.o
    0x08006726   0x08006726   0x00000002   PAD
    0x08006728   0x08006728   0x0000000e   Code   RO          506    .text.__NVIC_ClearPendingIRQ  usart_stm32f4xx.o
    0x08006736   0x08006736   0x00000002   PAD
    0x08006738   0x08006738   0x00000020   Code   RO          763    .text.__NVIC_ClearPendingIRQ  stm32f4xx_hal_cortex.o
    0x08006758   0x08006758   0x00000028   Code   RO          729    .text.__NVIC_DisableIRQ  stm32f4xx_hal_cortex.o
    0x08006780   0x08006780   0x0000000e   Code   RO          438    .text.__NVIC_EnableIRQ  spi_stm32f4xx.o
    0x0800678e   0x0800678e   0x00000002   PAD
    0x08006790   0x08006790   0x0000000e   Code   RO          508    .text.__NVIC_EnableIRQ  usart_stm32f4xx.o
    0x0800679e   0x0800679e   0x00000002   PAD
    0x080067a0   0x080067a0   0x00000020   Code   RO          725    .text.__NVIC_EnableIRQ  stm32f4xx_hal_cortex.o
    0x080067c0   0x080067c0   0x00000020   Code   RO          713    .text.__NVIC_SetPriorityGrouping  stm32f4xx_hal_cortex.o
    0x080067e0   0x080067e0   0x000002d8   Code   RO          260    .text.comp_cmd      principal.o
    0x08006ab8   0x08006ab8   0x00000012   Code   RO           12    .text.desinit_uart  com.o
    0x08006aca   0x08006aca   0x00000002   PAD
    0x08006acc   0x08006acc   0x000000a0   Code   RO          254    .text.estado_Activo  principal.o
    0x08006b6c   0x08006b6c   0x000000ba   Code   RO          258    .text.estado_Alarma  principal.o
    0x08006c26   0x08006c26   0x00000002   PAD
    0x08006c28   0x08006c28   0x000000fa   Code   RO          256    .text.estado_Bajo_Consumo  principal.o
    0x08006d22   0x08006d22   0x00000002   PAD
    0x08006d24   0x08006d24   0x00000042   Code   RO           66    .text.init_thNFC    nfc.o
    0x08006d66   0x08006d66   0x00000002   PAD
    0x08006d68   0x08006d68   0x0000002c   Code   RO          183    .text.init_thVCNL   vcnl.o
    0x08006d94   0x08006d94   0x00000078   Code   RO            2    .text.init_thcom    com.o
    0x08006e0c   0x08006e0c   0x00000064   Code   RO            8    .text.init_uart     com.o
    0x08006e70   0x08006e70   0x00000032   Code   RO           33    .text.main          main.o
    0x08006ea2   0x08006ea2   0x00000002   PAD
    0x08006ea4   0x08006ea4   0x00000024   Code   RO         2083    .text.osDelay       RTX_CM3.lib(rtx_delay.o)
    0x08006ec8   0x08006ec8   0x0000002c   Code   RO         1875    .text.osKernelGetState  RTX_CM3.lib(rtx_kernel.o)
    0x08006ef4   0x08006ef4   0x00000028   Code   RO         1891    .text.osKernelGetTickCount  RTX_CM3.lib(rtx_kernel.o)
    0x08006f1c   0x08006f1c   0x0000002c   Code   RO         1869    .text.osKernelInitialize  RTX_CM3.lib(rtx_kernel.o)
    0x08006f48   0x08006f48   0x00000024   Code   RO         1889    .text.osKernelResume  RTX_CM3.lib(rtx_kernel.o)
    0x08006f6c   0x08006f6c   0x00000024   Code   RO         1879    .text.osKernelStart  RTX_CM3.lib(rtx_kernel.o)
    0x08006f90   0x08006f90   0x00000024   Code   RO         1887    .text.osKernelSuspend  RTX_CM3.lib(rtx_kernel.o)
    0x08006fb4   0x08006fb4   0x00000070   Code   RO         2151    .text.osMessageQueueGet  RTX_CM3.lib(rtx_msgqueue.o)
    0x08007024   0x08007024   0x00000030   Code   RO         2161    .text.osMessageQueueGetCount  RTX_CM3.lib(rtx_msgqueue.o)
    0x08007054   0x08007054   0x00000024   Code   RO         2145    .text.osMessageQueueNew  RTX_CM3.lib(rtx_msgqueue.o)
    0x08007078   0x08007078   0x00000080   Code   RO         2149    .text.osMessageQueuePut  RTX_CM3.lib(rtx_msgqueue.o)
    0x080070f8   0x080070f8   0x00000002   Code   RO          317    .text.osRtxErrorNotify  rtx_config.o
    0x080070fa   0x080070fa   0x00000002   PAD
    0x080070fc   0x080070fc   0x00000002   Code   RO          315    .text.osRtxIdleThread  rtx_config.o
    0x080070fe   0x080070fe   0x00000004   Code   RO         1867    .text.osRtxKernelErrorNotify  RTX_CM3.lib(rtx_kernel.o)
    0x08007102   0x08007102   0x00000002   Code   RO         1865    .text.osRtxKernelPreInit  RTX_CM3.lib(rtx_kernel.o)
    0x08007104   0x08007104   0x0000006c   Code   RO         2246    .text.osRtxMemoryAlloc  RTX_CM3.lib(rtx_memory.o)
    0x08007170   0x08007170   0x00000042   Code   RO         2248    .text.osRtxMemoryFree  RTX_CM3.lib(rtx_memory.o)
    0x080071b2   0x080071b2   0x00000036   Code   RO         2244    .text.osRtxMemoryInit  RTX_CM3.lib(rtx_memory.o)
    0x080071e8   0x080071e8   0x0000003a   Code   RO         2260    .text.osRtxMemoryPoolAlloc  RTX_CM3.lib(rtx_mempool.o)
    0x08007222   0x08007222   0x0000004a   Code   RO         2262    .text.osRtxMemoryPoolFree  RTX_CM3.lib(rtx_mempool.o)
    0x0800726c   0x0800726c   0x00000038   Code   RO         2258    .text.osRtxMemoryPoolInit  RTX_CM3.lib(rtx_mempool.o)
    0x080072a4   0x080072a4   0x000000aa   Code   RO         2173    .text.osRtxMessageQueuePostProcess  RTX_CM3.lib(rtx_msgqueue.o)
    0x0800734e   0x0800734e   0x00000002   PAD
    0x08007350   0x08007350   0x00000024   Code   RO         2141    .text.osRtxMessageQueueTimerSetup  RTX_CM3.lib(rtx_msgqueue.o)
    0x08007374   0x08007374   0x00000048   Code   RO         2208    .text.osRtxMutexOwnerRelease  RTX_CM3.lib(rtx_mutex.o)
    0x080073bc   0x080073bc   0x00000042   Code   RO         2210    .text.osRtxMutexOwnerRestore  RTX_CM3.lib(rtx_mutex.o)
    0x080073fe   0x080073fe   0x00000002   PAD
    0x08007400   0x08007400   0x00000088   Code   RO         2312    .text.osRtxPendSV_Handler  RTX_CM3.lib(rtx_system.o)
    0x08007488   0x08007488   0x00000070   Code   RO         2314    .text.osRtxPostProcess  RTX_CM3.lib(rtx_system.o)
    0x080074f8   0x080074f8   0x00000034   Code   RO         1957    .text.osRtxThreadBlock  RTX_CM3.lib(rtx_thread.o)
    0x0800752c   0x0800752c   0x0000007c   Code   RO         1965    .text.osRtxThreadDelayInsert  RTX_CM3.lib(rtx_thread.o)
    0x080075a8   0x080075a8   0x0000003c   Code   RO         1961    .text.osRtxThreadDelayRemove  RTX_CM3.lib(rtx_thread.o)
    0x080075e4   0x080075e4   0x00000048   Code   RO         1947    .text.osRtxThreadDelayTick  RTX_CM3.lib(rtx_thread.o)
    0x0800762c   0x0800762c   0x00000020   Code   RO         2049    .text.osRtxThreadDestroy  RTX_CM3.lib(rtx_thread.o)
    0x0800764c   0x0800764c   0x00000050   Code   RO         1955    .text.osRtxThreadDispatch  RTX_CM3.lib(rtx_thread.o)
    0x0800769c   0x0800769c   0x00000058   Code   RO         2041    .text.osRtxThreadFree  RTX_CM3.lib(rtx_thread.o)
    0x080076f4   0x080076f4   0x0000001e   Code   RO         2047    .text.osRtxThreadJoinWakeup  RTX_CM3.lib(rtx_thread.o)
    0x08007712   0x08007712   0x00000012   Code   RO         1939    .text.osRtxThreadListGet  RTX_CM3.lib(rtx_thread.o)
    0x08007724   0x08007724   0x0000002c   Code   RO         1937    .text.osRtxThreadListPut  RTX_CM3.lib(rtx_thread.o)
    0x08007750   0x08007750   0x00000014   Code   RO         1943    .text.osRtxThreadListRemove  RTX_CM3.lib(rtx_thread.o)
    0x08007764   0x08007764   0x0000000c   Code   RO         1949    .text.osRtxThreadListRoot  RTX_CM3.lib(rtx_thread.o)
    0x08007770   0x08007770   0x00000026   Code   RO         1941    .text.osRtxThreadListSort  RTX_CM3.lib(rtx_thread.o)
    0x08007796   0x08007796   0x00000028   Code   RO         2015    .text.osRtxThreadPostProcess  RTX_CM3.lib(rtx_thread.o)
    0x080077be   0x080077be   0x00000002   PAD
    0x080077c0   0x080077c0   0x00000014   Code   RO         1945    .text.osRtxThreadReadyPut  RTX_CM3.lib(rtx_thread.o)
    0x080077d4   0x080077d4   0x00000006   Code   RO         1951    .text.osRtxThreadRegPtr  RTX_CM3.lib(rtx_thread.o)
    0x080077da   0x080077da   0x00000002   PAD
    0x080077dc   0x080077dc   0x00000038   Code   RO         1967    .text.osRtxThreadStartup  RTX_CM3.lib(rtx_thread.o)
    0x08007814   0x08007814   0x0000000c   Code   RO         1953    .text.osRtxThreadSwitch  RTX_CM3.lib(rtx_thread.o)
    0x08007820   0x08007820   0x0000003c   Code   RO         1963    .text.osRtxThreadWaitEnter  RTX_CM3.lib(rtx_thread.o)
    0x0800785c   0x0800785c   0x00000022   Code   RO         1959    .text.osRtxThreadWaitExit  RTX_CM3.lib(rtx_thread.o)
    0x0800787e   0x0800787e   0x00000002   PAD
    0x08007880   0x08007880   0x00000074   Code   RO         2310    .text.osRtxTick_Handler  RTX_CM3.lib(rtx_system.o)
    0x080078f4   0x080078f4   0x00000020   Code   RO         2099    .text.osRtxTimerSetup  RTX_CM3.lib(rtx_timer.o)
    0x08007914   0x08007914   0x00000020   Code   RO         2103    .text.osRtxTimerThread  RTX_CM3.lib(rtx_timer.o)
    0x08007934   0x08007934   0x00000070   Code   RO         2101    .text.osRtxTimerTick  RTX_CM3.lib(rtx_timer.o)
    0x080079a4   0x080079a4   0x0000000c   Code   RO         1999    .text.osThreadExit  RTX_CM3.lib(rtx_thread.o)
    0x080079b0   0x080079b0   0x00000058   Code   RO         2007    .text.osThreadFlagsSet  RTX_CM3.lib(rtx_thread.o)
    0x08007a08   0x08007a08   0x00000024   Code   RO         2013    .text.osThreadFlagsWait  RTX_CM3.lib(rtx_thread.o)
    0x08007a2c   0x08007a2c   0x00000024   Code   RO         1971    .text.osThreadNew   RTX_CM3.lib(rtx_thread.o)
    0x08007a50   0x08007a50   0x00000024   Code   RO         1989    .text.osThreadYield  RTX_CM3.lib(rtx_thread.o)
    0x08007a74   0x08007a74   0x00000024   Code   RO         2105    .text.osTimerNew    RTX_CM3.lib(rtx_timer.o)
    0x08007a98   0x08007a98   0x00000024   Code   RO         2109    .text.osTimerStart  RTX_CM3.lib(rtx_timer.o)
    0x08007abc   0x08007abc   0x00000024   Code   RO         2111    .text.osTimerStop   RTX_CM3.lib(rtx_timer.o)
    0x08007ae0   0x08007ae0   0x00000042   Code   RO           10    .text.procesar_trama  com.o
    0x08007b22   0x08007b22   0x00000016   Code   RO         2087    .text.svcRtxDelay   RTX_CM3.lib(rtx_delay.o)
    0x08007b38   0x08007b38   0x00000008   Code   RO         1877    .text.svcRtxKernelGetState  RTX_CM3.lib(rtx_kernel.o)
    0x08007b40   0x08007b40   0x0000000c   Code   RO         1893    .text.svcRtxKernelGetTickCount  RTX_CM3.lib(rtx_kernel.o)
    0x08007b4c   0x08007b4c   0x000000fc   Code   RO         1907    .text.svcRtxKernelInitialize  RTX_CM3.lib(rtx_kernel.o)
    0x08007c48   0x08007c48   0x00000078   Code   RO         1921    .text.svcRtxKernelResume  RTX_CM3.lib(rtx_kernel.o)
    0x08007cc0   0x08007cc0   0x00000084   Code   RO         1909    .text.svcRtxKernelStart  RTX_CM3.lib(rtx_kernel.o)
    0x08007d44   0x08007d44   0x0000003c   Code   RO         1917    .text.svcRtxKernelSuspend  RTX_CM3.lib(rtx_kernel.o)
    0x08007d80   0x08007d80   0x000000d8   Code   RO         2185    .text.svcRtxMessageQueueGet  RTX_CM3.lib(rtx_msgqueue.o)
    0x08007e58   0x08007e58   0x00000010   Code   RO         2163    .text.svcRtxMessageQueueGetCount  RTX_CM3.lib(rtx_msgqueue.o)
    0x08007e68   0x08007e68   0x00000114   Code   RO         2143    .text.svcRtxMessageQueueNew  RTX_CM3.lib(rtx_msgqueue.o)
    0x08007f7c   0x08007f7c   0x000000b4   Code   RO         2181    .text.svcRtxMessageQueuePut  RTX_CM3.lib(rtx_msgqueue.o)
    0x08008030   0x08008030   0x0000004c   Code   RO         2045    .text.svcRtxThreadExit  RTX_CM3.lib(rtx_thread.o)
    0x0800807c   0x0800807c   0x00000066   Code   RO         2057    .text.svcRtxThreadFlagsSet  RTX_CM3.lib(rtx_thread.o)
    0x080080e2   0x080080e2   0x00000002   PAD
    0x080080e4   0x080080e4   0x0000004c   Code   RO         2063    .text.svcRtxThreadFlagsWait  RTX_CM3.lib(rtx_thread.o)
    0x08008130   0x08008130   0x000001e8   Code   RO         1969    .text.svcRtxThreadNew  RTX_CM3.lib(rtx_thread.o)
    0x08008318   0x08008318   0x00000038   Code   RO         2031    .text.svcRtxThreadYield  RTX_CM3.lib(rtx_thread.o)
    0x08008350   0x08008350   0x00000078   Code   RO         2119    .text.svcRtxTimerNew  RTX_CM3.lib(rtx_timer.o)
    0x080083c8   0x080083c8   0x00000048   Code   RO         2123    .text.svcRtxTimerStart  RTX_CM3.lib(rtx_timer.o)
    0x08008410   0x08008410   0x00000028   Code   RO         2127    .text.svcRtxTimerStop  RTX_CM3.lib(rtx_timer.o)
    0x08008438   0x08008438   0x00000086   Code   RO            6    .text.th_com_Rx     com.o
    0x080084be   0x080084be   0x00000002   PAD
    0x080084c0   0x080084c0   0x00000082   Code   RO            4    .text.th_com_Tx     com.o
    0x08008542   0x08008542   0x00000002   PAD
    0x08008544   0x08008544   0x00000082   Code   RO          250    .text.th_main       principal.o
    0x080085c6   0x080085c6   0x00000002   PAD
    0x080085c8   0x080085c8   0x0000015c   Code   RO          154    .text.thread_ADC    th_adc.o
    0x08008724   0x08008724   0x00000094   Code   RO           68    .text.thread_NFC    nfc.o
    0x080087b8   0x080087b8   0x0000007a   Code   RO          185    .text.thread_VCNL   vcnl.o
    0x08008832   0x08008832   0x00000002   PAD
    0x08008834   0x08008834   0x00000032   Code   RO           14    .text.uart_callback  com.o
    0x08008866   0x08008866   0x00000002   PAD
    0x08008868   0x08008868   0x00000020   Code   RO         2597    i.__0printf         mc_w.l(printfa.o)
    0x08008888   0x08008888   0x00000028   Code   RO         2599    i.__0sprintf        mc_w.l(printfa.o)
    0x080088b0   0x080088b0   0x0000000e   Code   RO         2717    i.__scatterload_copy  mc_w.l(handlers.o)
    0x080088be   0x080088be   0x00000002   Code   RO         2718    i.__scatterload_null  mc_w.l(handlers.o)
    0x080088c0   0x080088c0   0x0000000e   Code   RO         2719    i.__scatterload_zeroinit  mc_w.l(handlers.o)
    0x080088ce   0x080088ce   0x00000002   PAD
    0x080088d0   0x080088d0   0x00000184   Code   RO         2604    i._fp_digits        mc_w.l(printfa.o)
    0x08008a54   0x08008a54   0x000006dc   Code   RO         2605    i._printf_core      mc_w.l(printfa.o)
    0x08009130   0x08009130   0x00000024   Code   RO         2606    i._printf_post_padding  mc_w.l(printfa.o)
    0x08009154   0x08009154   0x0000002e   Code   RO         2607    i._printf_pre_padding  mc_w.l(printfa.o)
    0x08009182   0x08009182   0x0000000a   Code   RO         2609    i._sputc            mc_w.l(printfa.o)
    0x0800918c   0x0800918c   0x00000012   Code   RO         2657    i.fputc             mc_w.l(fputc.o)
    0x0800919e   0x0800919e   0x0000000c   Data   RO         2356    .constdata          mc_w.l(mktime.o)
    0x080091aa   0x080091aa   0x0000000c   Data   RO         2683    .constdata          mc_w.l(localtime_i.o)
    0x080091b6   0x080091b6   0x00000040   Data   RO         2713    .constdata          mc_w.l(ctype_c.o)
    0x080091f6   0x080091f6   0x00000002   PAD
    0x080091f8   0x080091f8   0x000000a8   Data   RO          302    .rodata             rtx_lib.o
    0x080092a0   0x080092a0   0x00000010   Data   RO         1855    .rodata.AHBPrescTable  system_stm32f4xx.o
    0x080092b0   0x080092b0   0x00000008   Data   RO         1856    .rodata.APBPrescTable  system_stm32f4xx.o
    0x080092b8   0x080092b8   0x00000030   Data   RO          380    .rodata.Driver_I2C1  i2c_stm32f4xx.o
    0x080092e8   0x080092e8   0x0000002c   Data   RO          450    .rodata.Driver_SPI2  spi_stm32f4xx.o
    0x08009314   0x08009314   0x00000038   Data   RO          530    .rodata.Driver_USART3  usart_stm32f4xx.o
    0x0800934c   0x0800934c   0x00000024   Data   RO          218    .rodata.Thread_LD1_attr  leds.o
    0x08009370   0x08009370   0x00000024   Data   RO          235    .rodata.Thread_PWM_attr  pwm.o
    0x08009394   0x08009394   0x00000034   Data   RO          535    .rodata.USART3_Resources  usart_stm32f4xx.o
    0x080093c8   0x080093c8   0x0000000c   Data   RO          532    .rodata.USART3_rx   usart_stm32f4xx.o
    0x080093d4   0x080093d4   0x0000000c   Data   RO          531    .rodata.USART3_tx   usart_stm32f4xx.o
    0x080093e0   0x080093e0   0x00000004   Data   RO          304    .rodata.osRtxUserSVC  rtx_lib.o
    0x080093e4   0x080093e4   0x00000024   Data   RO          299    .rodata.os_idle_thread_attr  rtx_lib.o
    0x08009408   0x08009408   0x00000018   Data   RO          301    .rodata.os_timer_mq_attr  rtx_lib.o
    0x08009420   0x08009420   0x00000024   Data   RO          300    .rodata.os_timer_thread_attr  rtx_lib.o
    0x08009444   0x08009444   0x0000000b   Data   RO          286    .rodata.str1.1      principal.o
    0x0800944f   0x0800944f   0x00000001   PAD
    0x08009450   0x08009450   0x0000000b   Data   RO         1927    .rodata.str1.4      RTX_CM3.lib(rtx_kernel.o)
    0x0800945b   0x0800945b   0x00000001   PAD
    0x0800945c   0x0800945c   0x00000020   Data   RO         2716    Region$$Table       anon$$obj.o


    Execution Region RW_IRAM1 (Exec base: 0x20000000, Load base: 0x08009480, Size: 0x00008ca0, Max: 0x00030000, ABSOLUTE)

    Exec Addr    Load Addr    Size         Type   Attr      Idx    E Section Name        Object

    0x20000000   0x08009480   0x00000004   Data   RW         2661    .data               mc_w.l(stdout.o)
    0x20000004   0x08009484   0x00000004   Data   RW           94    .data.SPI_NFC       nfc.o
    0x20000008   0x08009488   0x00000004   Data   RW         1854    .data.SystemCoreClock  system_stm32f4xx.o
    0x2000000c   0x0800948c   0x000000a4   Data   RW         1928    .data.os            RTX_CM3.lib(rtx_kernel.o)
    0x200000b0   0x08009530   0x00000004   Data   RW           16    .data.uart          com.o
    0x200000b4   0x08009534   0x00000001   Data   RW          603    .data.uwTickFreq    stm32f4xx_hal.o
    0x200000b5   0x08009535   0x00000003   PAD
    0x200000b8   0x08009538   0x00000004   Data   RW          602    .data.uwTickPrio    stm32f4xx_hal.o
    0x200000bc   0x0800953c   0x00000004   Data   RW          199    .data.vcnl_i2c      vcnl.o
    0x200000c0        -       0x00000004   Zero   RW           37    .bss.HAL_GetTick.ticks  main.o
    0x200000c4        -       0x00000028   Zero   RW          381    .bss.I2C1_Info      i2c_stm32f4xx.o
    0x200000ec        -       0x00000020   Zero   RW          127    .bss.RtcHandle      rtc.o
    0x2000010c        -       0x00000004   Zero   RW          452    .bss.SPI2_Info.0    spi_stm32f4xx.o
    0x20000110        -       0x00000001   Zero   RW          455    .bss.SPI2_Info.1.0  spi_stm32f4xx.o
    0x20000111   0x08009540   0x00000003   PAD
    0x20000114        -       0x00000001   Zero   RW          456    .bss.SPI2_Info.1.1  spi_stm32f4xx.o
    0x20000115   0x08009540   0x00000001   PAD
    0x20000116        -       0x00000001   Zero   RW          457    .bss.SPI2_Info.1.2  spi_stm32f4xx.o
    0x20000117   0x08009540   0x00000001   PAD
    0x20000118        -       0x00000004   Zero   RW          453    .bss.SPI2_Info.2    spi_stm32f4xx.o
    0x2000011c        -       0x00000004   Zero   RW          454    .bss.SPI2_Info.3    spi_stm32f4xx.o
    0x20000120        -       0x0000001c   Zero   RW          451    .bss.SPI2_TransferInfo  spi_stm32f4xx.o
    0x2000013c        -       0x00000014   Zero   RW          533    .bss.USART3_Info    usart_stm32f4xx.o
    0x20000150        -       0x00000024   Zero   RW          534    .bss.USART3_TransferInfo  usart_stm32f4xx.o
    0x20000174        -       0x00000048   Zero   RW          159    .bss.adc            th_adc.o
    0x200001bc        -       0x0000001e   Zero   RW           98    .bss.buff           nfc.o
    0x200001da   0x08009540   0x00000002   PAD
    0x200001dc        -       0x0000000c   Zero   RW          287    .bss.data_adc       principal.o
    0x200001e8        -       0x0000000c   Zero   RW          161    .bss.dato           th_adc.o
    0x200001f4        -       0x00000001   Zero   RW          288    .bss.elementos      principal.o
    0x200001f5        -       0x00000001   Zero   RW          276    .bss.estado         principal.o
    0x200001f6   0x08009540   0x00000002   PAD
    0x200001f8        -       0x00000004   Zero   RW          277    .bss.exec1          principal.o
    0x200001fc        -       0x00000004   Zero   RW          275    .bss.exec2          principal.o
    0x20000200        -       0x00000004   Zero   RW          202    .bss.flag           vcnl.o
    0x20000204        -       0x00000001   Zero   RW          220    .bss.flag           leds.o
    0x20000205        -       0x00000001   Zero   RW          272    .bss.flag_alarma_wakeup  principal.o
    0x20000206   0x08009540   0x00000002   PAD
    0x20000208        -       0x00000040   Zero   RW          238    .bss.htim1          pwm.o
    0x20000248        -       0x00000002   Zero   RW          201    .bss.id_vcnl        vcnl.o
    0x2000024a        -       0x00000002   Zero   RW          203    .bss.in_flag        vcnl.o
    0x2000024c        -       0x00000004   Zero   RW          236    .bss.mid_Msg_PWM    pwm.o
    0x20000250        -       0x00000006   Zero   RW          100    .bss.msg            nfc.o
    0x20000256   0x08009540   0x00000002   PAD
    0x20000258        -       0x00000004   Zero   RW          239    .bss.msg_PWM_leido  pwm.o
    0x2000025c        -       0x00000034   Zero   RW          280    .bss.msg_rx         principal.o
    0x20000290        -       0x00000034   Zero   RW          279    .bss.msg_tx         principal.o
    0x200002c4   0x08009540   0x00000004   PAD
    0x200002c8        -       0x00008040   Zero   RW          298    .bss.os             rtx_lib.o
    0x20008308        -       0x00000001   Zero   RW         2342    .bss.os             RTX_CM3.lib(os_systick.o)
    0x20008309   0x08009540   0x00000003   PAD
    0x2000830c        -       0x00000034   Zero   RW          308    .bss.os.msgqueue.cb  rtx_lib.o
    0x20008340        -       0x00000050   Zero   RW          309    .bss.os.msgqueue.mem  rtx_lib.o
    0x20008390        -       0x00000088   Zero   RW          305    .bss.os.thread.cb   rtx_lib.o
    0x20008418        -       0x00000200   Zero   RW          306    .bss.os.thread.idle.stack  rtx_lib.o
    0x20008618        -       0x00000200   Zero   RW          307    .bss.os.thread.timer.stack  rtx_lib.o
    0x20008818        -       0x00000001   Zero   RW          160    .bss.peticion       th_adc.o
    0x20008819   0x08009540   0x00000003   PAD
    0x2000881c        -       0x00000004   Zero   RW           20    .bss.qCom_Rx        com.o
    0x20008820        -       0x00000004   Zero   RW           19    .bss.qCom_Tx        com.o
    0x20008824        -       0x00000004   Zero   RW          158    .bss.q_adc_data     th_adc.o
    0x20008828        -       0x00000004   Zero   RW          157    .bss.q_adc_peticion  th_adc.o
    0x2000882c        -       0x00000004   Zero   RW           96    .bss.q_nfc          nfc.o
    0x20008830        -       0x0000000c   Zero   RW          285    .bss.showdate       principal.o
    0x2000883c        -       0x0000000a   Zero   RW          284    .bss.showtime       principal.o
    0x20008846        -       0x00000001   Zero   RW           99    .bss.status_mcr     nfc.o
    0x20008847        -       0x00000001   Zero   RW          281    .bss.status_q       principal.o
    0x20008848        -       0x00000004   Zero   RW          156    .bss.th_ADC         th_adc.o
    0x2000884c        -       0x00000004   Zero   RW           95    .bss.th_NFC         nfc.o
    0x20008850        -       0x00000004   Zero   RW          200    .bss.th_id_VCNL     vcnl.o
    0x20008854        -       0x00000004   Zero   RW           18    .bss.thcom_Rx       com.o
    0x20008858        -       0x00000004   Zero   RW           17    .bss.thcom_Tx       com.o
    0x2000885c        -       0x00000004   Zero   RW          274    .bss.thmain         principal.o
    0x20008860        -       0x00000004   Zero   RW          219    .bss.tid_Thread_LD1  leds.o
    0x20008864        -       0x00000004   Zero   RW          237    .bss.tid_Thread_PWM  pwm.o
    0x20008868        -       0x00000004   Zero   RW          278    .bss.tim_RTC        principal.o
    0x2000886c        -       0x0000002c   Zero   RW          283    .bss.ts             principal.o
    0x20008898        -       0x00000006   Zero   RW          282    .bss.uid            principal.o
    0x2000889e        -       0x00000001   Zero   RW           97    .bss.version        nfc.o
    0x2000889f   0x08009540   0x00000001   PAD
    0x200088a0        -       0x00000400   Zero   RW         1840    STACK               startup_stm32f429xx.o

