Component: ARM Compiler 5.06 update 7 (build 960) Tool: armlink [4d3601]

==============================================================================

Section Cross References

    main.o(i.HAL_GetTick) refers to rtx_kernel.o(.text.osKernelGetState) for osKernelGetState
    main.o(i.HAL_GetTick) refers to rtx_kernel.o(.text.osKernelGetTickCount) for osKernelGetTickCount
    main.o(i.HAL_GetTick) refers to system_stm32f4xx.o(.data) for SystemCoreClock
    main.o(i.HAL_GetTick) refers to main.o(.data) for ticks
    main.o(i.SystemClock_Config) refers to stm32f4xx_hal_rcc.o(i.HAL_RCC_OscConfig) for HAL_RCC_OscConfig
    main.o(i.SystemClock_Config) refers to main.o(i.Error_Handler) for Error_Handler
    main.o(i.SystemClock_Config) refers to stm32f4xx_hal_rcc.o(i.HAL_RCC_ClockConfig) for HAL_RCC_ClockConfig
    main.o(i.SystemClock_Config) refers to stm32f4xx_hal.o(i.HAL_GetREVID) for HAL_GetREVID
    main.o(i.main) refers to stm32f4xx_hal.o(i.HAL_Init) for HAL_Init
    main.o(i.main) refers to main.o(i.SystemClock_Config) for SystemClock_Config
    main.o(i.main) refers to system_stm32f4xx.o(i.SystemCoreClockUpdate) for SystemCoreClockUpdate
    main.o(i.main) refers to rtx_kernel.o(.text.osKernelInitialize) for osKernelInitialize
    main.o(i.main) refers to sd.o(i.Init_th_SD) for Init_th_SD
    main.o(i.main) refers to prueba_thsd.o(i.init_th_prueba_com) for init_th_prueba_com
    main.o(i.main) refers to rtx_kernel.o(.text.osKernelStart) for osKernelStart
    prueba_thsd.o(i.init_th_prueba_com) refers to rtx_thread.o(.text.osThreadNew) for osThreadNew
    prueba_thsd.o(i.init_th_prueba_com) refers to prueba_thsd.o(i.th_prueba_SD) for th_prueba_SD
    prueba_thsd.o(i.init_th_prueba_com) refers to prueba_thsd.o(.data) for th_id_prueba_sd
    sd.o(i.Init_Pins_SD) refers to stm32f4xx_hal_gpio.o(i.HAL_GPIO_Init) for HAL_GPIO_Init
    sd.o(i.Init_Pins_SD) refers to stm32f4xx_hal_gpio.o(i.HAL_GPIO_WritePin) for HAL_GPIO_WritePin
    sd.o(i.Init_SD) refers to sd.o(i.Init_Pins_SD) for Init_Pins_SD
    sd.o(i.Init_SD) refers to sd.o(i.Init_SPI_SD) for Init_SPI_SD
    sd.o(i.Init_SD) refers to stm32f4xx_hal_gpio.o(i.HAL_GPIO_WritePin) for HAL_GPIO_WritePin
    sd.o(i.Init_SD) refers to rtx_delay.o(.text.osDelay) for osDelay
    sd.o(i.Init_SD) refers to sd.o(i.SD_SPI_TxRx) for SD_SPI_TxRx
    sd.o(i.Init_SPI_SD) refers to sd.o(.data) for SPIdrv
    sd.o(i.Init_SPI_SD) refers to sd.o(i.mySPI_Callback) for mySPI_Callback
    sd.o(i.Init_th_SD) refers to rtx_thread.o(.text.osThreadNew) for osThreadNew
    sd.o(i.Init_th_SD) refers to sd.o(i.th_SD) for th_SD
    sd.o(i.Init_th_SD) refers to sd.o(.data) for th_id_SD
    sd.o(i.SD_SPI_TxRx) refers to rtx_thread.o(.text.osThreadFlagsWait) for osThreadFlagsWait
    sd.o(i.SD_SPI_TxRx) refers to sd.o(.data) for SPIdrv
    sd.o(i.SD_SendDummyClocks) refers to sd.o(i.SD_SPI_TxRx) for SD_SPI_TxRx
    sd.o(i.SD_WaitR1) refers to sd.o(i.SD_SPI_TxRx) for SD_SPI_TxRx
    sd.o(i.mySPI_Callback) refers to rtx_thread.o(.text.osThreadFlagsSet) for osThreadFlagsSet
    sd.o(i.mySPI_Callback) refers to sd.o(.data) for th_id_SD
    sd.o(i.th_SD) refers to sd.o(i.Init_SD) for Init_SD
    sd.o(i.th_SD) refers to rtx_thread.o(.text.osThreadYield) for osThreadYield
    sd.o(i.th_SD) refers to sd.o(.data) for rx
    sd.o(.data) refers to spi_stm32f4xx.o(.constdata) for Driver_SPI1
    rtx_lib.o(i.__user_perthread_libspace) refers to rtx_lib.o(i.os_kernel_is_active) for os_kernel_is_active
    rtx_lib.o(i.__user_perthread_libspace) refers to rtx_thread.o(.text.osThreadGetId) for osThreadGetId
    rtx_lib.o(i.__user_perthread_libspace) refers to rtx_kernel.o(.text.osRtxKernelErrorNotify) for osRtxKernelErrorNotify
    rtx_lib.o(i.__user_perthread_libspace) refers to rtx_lib.o(.bss.os.libspace) for os_libspace_id
    rtx_lib.o(i._mutex_acquire) refers to rtx_lib.o(i.os_kernel_is_active) for os_kernel_is_active
    rtx_lib.o(i._mutex_acquire) refers to rtx_mutex.o(.text.osMutexAcquire) for osMutexAcquire
    rtx_lib.o(i._mutex_free) refers to rtx_mutex.o(.text.osMutexDelete) for osMutexDelete
    rtx_lib.o(i._mutex_initialize) refers to rtx_mutex.o(.text.osMutexNew) for osMutexNew
    rtx_lib.o(i._mutex_initialize) refers to rtx_kernel.o(.text.osRtxKernelErrorNotify) for osRtxKernelErrorNotify
    rtx_lib.o(i._mutex_release) refers to rtx_lib.o(i.os_kernel_is_active) for os_kernel_is_active
    rtx_lib.o(i._mutex_release) refers to rtx_mutex.o(.text.osMutexRelease) for osMutexRelease
    rtx_lib.o(i._platform_post_stackheap_init) refers to rtx_kernel.o(.text.osKernelInitialize) for osKernelInitialize
    rtx_lib.o(i.evr_initialize) refers to eventrecorder.o(i.EventRecorderInitialize) for EventRecorderInitialize
    rtx_lib.o(i.evr_initialize) refers to eventrecorder.o(i.EventRecorderEnable) for EventRecorderEnable
    rtx_lib.o(i.evr_initialize) refers to eventrecorder.o(i.EventRecorderDisable) for EventRecorderDisable
[...]
    svcRtxThreadExit                         0x08001b9d   Thumb Code    72  rtx_thread.o(.text.svcRtxThreadExit)
    __arm_cp.54_0                            0x08001be4   Number         4  rtx_thread.o(.text.svcRtxThreadExit)
    [Anonymous Symbol]                       0x08001be8   Section        0  rtx_thread.o(.text.svcRtxThreadFlagsSet)
    svcRtxThreadFlagsSet                     0x08001be9   Thumb Code   102  rtx_thread.o(.text.svcRtxThreadFlagsSet)
    [Anonymous Symbol]                       0x08001c50   Section        0  rtx_thread.o(.text.svcRtxThreadFlagsWait)
    svcRtxThreadFlagsWait                    0x08001c51   Thumb Code    72  rtx_thread.o(.text.svcRtxThreadFlagsWait)
    __arm_cp.63_0                            0x08001c98   Number         4  rtx_thread.o(.text.svcRtxThreadFlagsWait)
    [Anonymous Symbol]                       0x08001c9c   Section        0  rtx_thread.o(.text.svcRtxThreadNew)
    svcRtxThreadNew                          0x08001c9d   Thumb Code   472  rtx_thread.o(.text.svcRtxThreadNew)
    __arm_cp.16_0                            0x08001e74   Number         4  rtx_thread.o(.text.svcRtxThreadNew)
    __arm_cp.16_1                            0x08001e78   Number         4  rtx_thread.o(.text.svcRtxThreadNew)
    __arm_cp.16_2                            0x08001e7c   Number         4  rtx_thread.o(.text.svcRtxThreadNew)
    __arm_cp.16_3                            0x08001e80   Number         4  rtx_thread.o(.text.svcRtxThreadNew)
    __arm_cp.16_4                            0x08001e84   Number         4  rtx_thread.o(.text.svcRtxThreadNew)
    [Anonymous Symbol]                       0x08001e88   Section        0  rtx_thread.o(.text.svcRtxThreadYield)
    svcRtxThreadYield                        0x08001e89   Thumb Code    52  rtx_thread.o(.text.svcRtxThreadYield)
    __arm_cp.47_0                            0x08001ebc   Number         4  rtx_thread.o(.text.svcRtxThreadYield)
    i.BusFault_Handler                       0x08001ec0   Section        0  stm32f4xx_it.o(i.BusFault_Handler)
    i.DebugMon_Handler                       0x08001ec4   Section        0  stm32f4xx_it.o(i.DebugMon_Handler)
    i.Disable_SPI_Clock                      0x08001ec8   Section        0  spi_stm32f4xx.o(i.Disable_SPI_Clock)
    Disable_SPI_Clock                        0x08001ec9   Thumb Code   128  spi_stm32f4xx.o(i.Disable_SPI_Clock)
    i.Enable_GPIO_Clock                      0x08001f64   Section        0  spi_stm32f4xx.o(i.Enable_GPIO_Clock)
    Enable_GPIO_Clock                        0x08001f65   Thumb Code   422  spi_stm32f4xx.o(i.Enable_GPIO_Clock)
    i.Enable_SPI_Clock                       0x0800213c   Section        0  spi_stm32f4xx.o(i.Enable_SPI_Clock)
    Enable_SPI_Clock                         0x0800213d   Thumb Code   240  spi_stm32f4xx.o(i.Enable_SPI_Clock)
    i.Error_Handler                          0x08002248   Section        0  main.o(i.Error_Handler)
    Error_Handler                            0x08002249   Thumb Code     4  main.o(i.Error_Handler)
    i.EventGetTS                             0x0800224c   Section        0  eventrecorder.o(i.EventGetTS)
    EventGetTS                               0x0800224d   Thumb Code    56  eventrecorder.o(i.EventGetTS)
    i.EventRecordItem                        0x08002288   Section        0  eventrecorder.o(i.EventRecordItem)
    EventRecordItem                          0x08002289   Thumb Code   206  eventrecorder.o(i.EventRecordItem)
    i.EventRecorderDisable                   0x08002360   Section        0  eventrecorder.o(i.EventRecorderDisable)
    i.EventRecorderEnable                    0x080023bc   Section        0  eventrecorder.o(i.EventRecorderEnable)
    i.EventRecorderInitialize                0x08002418   Section        0  eventrecorder.o(i.EventRecorderInitialize)
    i.EventRecorderStart                     0x08002540   Section        0  eventrecorder.o(i.EventRecorderStart)
    i.EventRecorderTimerGetCount             0x08002570   Section        0  eventrecorder.o(i.EventRecorderTimerGetCount)
    i.EventRecorderTimerGetFreq              0x0800257c   Section        0  eventrecorder.o(i.EventRecorderTimerGetFreq)
    i.EventRecorderTimerSetup                0x08002588   Section        0  eventrecorder.o(i.EventRecorderTimerSetup)
    i.HAL_DMA_Abort_IT                       0x080025ac   Section        0  stm32f4xx_hal_dma.o(i.HAL_DMA_Abort_IT)
    i.HAL_GPIO_DeInit                        0x080025d4   Section        0  stm32f4xx_hal_gpio.o(i.HAL_GPIO_DeInit)
    i.HAL_GPIO_Init                          0x08002754   Section        0  stm32f4xx_hal_gpio.o(i.HAL_GPIO_Init)
    i.HAL_GPIO_WritePin                      0x08002970   Section        0  stm32f4xx_hal_gpio.o(i.HAL_GPIO_WritePin)
    i.HAL_GetREVID                           0x0800297c   Section        0  stm32f4xx_hal.o(i.HAL_GetREVID)
    i.HAL_GetTick                            0x08002988   Section        0  main.o(i.HAL_GetTick)
    i.HAL_Init                               0x080029d4   Section        0  stm32f4xx_hal.o(i.HAL_Init)
    i.HAL_InitTick                           0x08002a04   Section        0  main.o(i.HAL_InitTick)
    i.HAL_MspInit                            0x08002a0a   Section        0  stm32f4xx_hal.o(i.HAL_MspInit)
    i.HAL_NVIC_DisableIRQ                    0x08002a0c   Section        0  stm32f4xx_hal_cortex.o(i.HAL_NVIC_DisableIRQ)
    i.HAL_NVIC_SetPriorityGrouping           0x08002a38   Section        0  stm32f4xx_hal_cortex.o(i.HAL_NVIC_SetPriorityGrouping)
    i.HAL_RCC_ClockConfig                    0x08002a60   Section        0  stm32f4xx_hal_rcc.o(i.HAL_RCC_ClockConfig)
    i.HAL_RCC_GetHCLKFreq                    0x08002be4   Section        0  stm32f4xx_hal_rcc.o(i.HAL_RCC_GetHCLKFreq)
    i.HAL_RCC_GetPCLK2Freq                   0x08002bf0   Section        0  stm32f4xx_hal_rcc.o(i.HAL_RCC_GetPCLK2Freq)
    i.HAL_RCC_GetSysClockFreq                0x08002c10   Section        0  stm32f4xx_hal_rcc.o(i.HAL_RCC_GetSysClockFreq)
    i.HAL_RCC_OscConfig                      0x08002cc0   Section        0  stm32f4xx_hal_rcc.o(i.HAL_RCC_OscConfig)
    i.HardFault_Handler                      0x08003148   Section        0  stm32f4xx_it.o(i.HardFault_Handler)
    i.Init_Pins_SD                           0x0800314c   Section        0  sd.o(i.Init_Pins_SD)
    Init_Pins_SD                             0x0800314d   Thumb Code    72  sd.o(i.Init_Pins_SD)
    i.Init_SD                                0x0800319c   Section        0  sd.o(i.Init_SD)
    Init_SD                                  0x0800319d   Thumb Code   122  sd.o(i.Init_SD)
    i.Init_SPI_SD                            0x0800321c   Section        0  sd.o(i.Init_SPI_SD)
    Init_SPI_SD                              0x0800321d   Thumb Code    38  sd.o(i.Init_SPI_SD)
    i.Init_th_SD                             0x08003250   Section        0  sd.o(i.Init_th_SD)
    i.MemManage_Handler                      0x0800326c   Section        0  stm32f4xx_it.o(i.MemManage_Handler)
    i.NMI_Handler                            0x08003270   Section        0  stm32f4xx_it.o(i.NMI_Handler)
    i.SD_SPI_TxRx                            0x08003274   Section        0  sd.o(i.SD_SPI_TxRx)
    SD_SPI_TxRx                              0x08003275   Thumb Code    40  sd.o(i.SD_SPI_TxRx)
    i.SPI1_Control                           0x080032a0   Section        0  spi_stm32f4xx.o(i.SPI1_Control)
    SPI1_Control                             0x080032a1   Thumb Code    18  spi_stm32f4xx.o(i.SPI1_Control)
    i.SPI1_GetDataCount                      0x080032b8   Section        0  spi_stm32f4xx.o(i.SPI1_GetDataCount)
    SPI1_GetDataCount                        0x080032b9   Thumb Code    10  spi_stm32f4xx.o(i.SPI1_GetDataCount)
    i.SPI1_GetStatus                         0x080032c8   Section        0  spi_stm32f4xx.o(i.SPI1_GetStatus)
    SPI1_GetStatus                           0x080032c9   Thumb Code    12  spi_stm32f4xx.o(i.SPI1_GetStatus)
    i.SPI1_IRQHandler                        0x080032d8   Section        0  spi_stm32f4xx.o(i.SPI1_IRQHandler)
    i.SPI1_Initialize                        0x080032e8   Section        0  spi_stm32f4xx.o(i.SPI1_Initialize)
    SPI1_Initialize                          0x080032e9   Thumb Code    14  spi_stm32f4xx.o(i.SPI1_Initialize)
    i.SPI1_PowerControl                      0x080032fc   Section        0  spi_stm32f4xx.o(i.SPI1_PowerControl)
    SPI1_PowerControl                        0x080032fd   Thumb Code    14  spi_stm32f4xx.o(i.SPI1_PowerControl)
    i.SPI1_Receive                           0x08003310   Section        0  spi_stm32f4xx.o(i.SPI1_Receive)
    SPI1_Receive                             0x08003311   Thumb Code    18  spi_stm32f4xx.o(i.SPI1_Receive)
    i.SPI1_Send                              0x08003328   Section        0  spi_stm32f4xx.o(i.SPI1_Send)
    SPI1_Send                                0x08003329   Thumb Code    18  spi_stm32f4xx.o(i.SPI1_Send)
    i.SPI1_Transfer                          0x08003340   Section        0  spi_stm32f4xx.o(i.SPI1_Transfer)
    SPI1_Transfer                            0x08003341   Thumb Code    22  spi_stm32f4xx.o(i.SPI1_Transfer)
    i.SPI1_Uninitialize                      0x0800335c   Section        0  spi_stm32f4xx.o(i.SPI1_Uninitialize)
    SPI1_Uninitialize                        0x0800335d   Thumb Code    10  spi_stm32f4xx.o(i.SPI1_Uninitialize)
    i.SPIX_GetCapabilities                   0x0800336c   Section        0  spi_stm32f4xx.o(i.SPIX_GetCapabilities)
    SPIX_GetCapabilities                     0x0800336d   Thumb Code     6  spi_stm32f4xx.o(i.SPIX_GetCapabilities)
    i.SPIX_GetVersion                        0x08003378   Section        0  spi_stm32f4xx.o(i.SPIX_GetVersion)
    SPIX_GetVersion                          0x08003379   Thumb Code    10  spi_stm32f4xx.o(i.SPIX_GetVersion)
    i.SPI_Control                            0x08003388   Section        0  spi_stm32f4xx.o(i.SPI_Control)
    SPI_Control                              0x08003389   Thumb Code  1290  spi_stm32f4xx.o(i.SPI_Control)
    i.SPI_GetDataCount                       0x08003892   Section        0  spi_stm32f4xx.o(i.SPI_GetDataCount)
    SPI_GetDataCount                         0x08003893   Thumb Code     8  spi_stm32f4xx.o(i.SPI_GetDataCount)
    i.SPI_GetStatus                          0x0800389a   Section        0  spi_stm32f4xx.o(i.SPI_GetStatus)
    SPI_GetStatus                            0x0800389b   Thumb Code    44  spi_stm32f4xx.o(i.SPI_GetStatus)
    i.SPI_IRQHandler                         0x080038c6   Section        0  spi_stm32f4xx.o(i.SPI_IRQHandler)
    SPI_IRQHandler                           0x080038c7   Thumb Code   262  spi_stm32f4xx.o(i.SPI_IRQHandler)
    i.SPI_Initialize                         0x080039cc   Section        0  spi_stm32f4xx.o(i.SPI_Initialize)
    SPI_Initialize                           0x080039cd   Thumb Code   212  spi_stm32f4xx.o(i.SPI_Initialize)
    i.SPI_PeripheralReset                    0x08003aa0   Section        0  spi_stm32f4xx.o(i.SPI_PeripheralReset)
    SPI_PeripheralReset                      0x08003aa1   Thumb Code   262  spi_stm32f4xx.o(i.SPI_PeripheralReset)
    i.SPI_PowerControl                       0x08003bc4   Section        0  spi_stm32f4xx.o(i.SPI_PowerControl)
    SPI_PowerControl                         0x08003bc5   Thumb Code   254  spi_stm32f4xx.o(i.SPI_PowerControl)
    i.SPI_Receive                            0x08003cc8   Section        0  spi_stm32f4xx.o(i.SPI_Receive)
    SPI_Receive                              0x08003cc9   Thumb Code   136  spi_stm32f4xx.o(i.SPI_Receive)
    i.SPI_RxData                             0x08003d50   Section        0  spi_stm32f4xx.o(i.SPI_RxData)
    SPI_RxData                               0x08003d51   Thumb Code    86  spi_stm32f4xx.o(i.SPI_RxData)
    i.SPI_Send                               0x08003da6   Section        0  spi_stm32f4xx.o(i.SPI_Send)
    SPI_Send                                 0x08003da7   Thumb Code   136  spi_stm32f4xx.o(i.SPI_Send)
    i.SPI_Transfer                           0x08003e2e   Section        0  spi_stm32f4xx.o(i.SPI_Transfer)
    SPI_Transfer                             0x08003e2f   Thumb Code   118  spi_stm32f4xx.o(i.SPI_Transfer)
    i.SPI_TxData                             0x08003ea4   Section        0  spi_stm32f4xx.o(i.SPI_TxData)
    SPI_TxData                               0x08003ea5   Thumb Code    84  spi_stm32f4xx.o(i.SPI_TxData)
    i.SPI_Uninitialize                       0x08003ef8   Section        0  spi_stm32f4xx.o(i.SPI_Uninitialize)
    SPI_Uninitialize                         0x08003ef9   Thumb Code   102  spi_stm32f4xx.o(i.SPI_Uninitialize)
    i.SystemClock_Config                     0x08003f60   Section        0  main.o(i.SystemClock_Config)
    SystemClock_Config                       0x08003f61   Thumb Code   178  main.o(i.SystemClock_Config)
    i.SystemCoreClockUpdate                  0x08004020   Section        0  system_stm32f4xx.o(i.SystemCoreClockUpdate)
    i.SystemInit                             0x080040e0   Section        0  system_stm32f4xx.o(i.SystemInit)
    i.UsageFault_Handler                     0x080040fc   Section        0  stm32f4xx_it.o(i.UsageFault_Handler)
    i._mutex_acquire                         0x08004100   Section        0  rtx_lib.o(i._mutex_acquire)
    __tagsym$$used                           0x08004101   Number         0  rtx_lib.o(i._mutex_acquire)
    i._mutex_free                            0x08004116   Section        0  rtx_lib.o(i._mutex_free)
    __tagsym$$used                           0x08004117   Number         0  rtx_lib.o(i._mutex_free)
    i._mutex_initialize                      0x08004122   Section        0  rtx_lib.o(i._mutex_initialize)
    __tagsym$$used                           0x08004123   Number         0  rtx_lib.o(i._mutex_initialize)
    i._mutex_release                         0x08004144   Section        0  rtx_lib.o(i._mutex_release)
    __tagsym$$used                           0x08004145   Number         0  rtx_lib.o(i._mutex_release)
    i._platform_post_stackheap_init          0x08004156   Section        0  rtx_lib.o(i._platform_post_stackheap_init)
    i.crc16_ccitt                            0x0800415e   Section        0  eventrecorder.o(i.crc16_ccitt)
    crc16_ccitt                              0x0800415f   Thumb Code    66  eventrecorder.o(i.crc16_ccitt)
    i.evr_initialize                         0x080041a0   Section        0  rtx_lib.o(i.evr_initialize)
    evr_initialize                           0x080041a1   Thumb Code   232  rtx_lib.o(i.evr_initialize)
    i.init_th_prueba_com                     0x08004288   Section        0  prueba_thsd.o(i.init_th_prueba_com)
    i.main                                   0x080042b0   Section        0  main.o(i.main)
    i.mySPI_Callback                         0x080042d0   Section        0  sd.o(i.mySPI_Callback)
    mySPI_Callback                           0x080042d1   Thumb Code    22  sd.o(i.mySPI_Callback)
    i.osRtxErrorNotify                       0x080042ec   Section        0  rtx_config.o(i.osRtxErrorNotify)
    i.osRtxIdleThread                        0x0800430e   Section        0  rtx_config.o(i.osRtxIdleThread)
    i.osRtxKernelPreInit                     0x08004312   Section        0  rtx_lib.o(i.osRtxKernelPreInit)
    i.os_kernel_is_active                    0x08004320   Section        0  rtx_lib.o(i.os_kernel_is_active)
    os_kernel_is_active                      0x08004321   Thumb Code    28  rtx_lib.o(i.os_kernel_is_active)
    i.th_SD                                  0x08004340   Section        0  sd.o(i.th_SD)
    i.th_prueba_SD                           0x08004354   Section        0  prueba_thsd.o(i.th_prueba_SD)
    x$fpl$fpinit                             0x08004358   Section       10  fpinit.o(x$fpl$fpinit)
    $v0                                      0x08004358   Number         0  fpinit.o(x$fpl$fpinit)
    .constdata                               0x08004364   Section      104  rtx_lib.o(.constdata)
    os_idle_thread_attr                      0x08004364   Data          36  rtx_lib.o(.constdata)
    os_timer_thread_attr                     0x08004388   Data          36  rtx_lib.o(.constdata)
    os_timer_mq_attr                         0x080043ac   Data          24  rtx_lib.o(.constdata)
    .constdata                               0x080043cc   Section      144  spi_stm32f4xx.o(.constdata)
    DriverVersion                            0x080043cc   Data           4  spi_stm32f4xx.o(.constdata)
    DriverCapabilities                       0x080043d0   Data           4  spi_stm32f4xx.o(.constdata)
    SPI1_mosi                                0x080043d4   Data          16  spi_stm32f4xx.o(.constdata)
    SPI1_miso                                0x080043e4   Data          16  spi_stm32f4xx.o(.constdata)
    SPI1_sck                                 0x080043f4   Data          16  spi_stm32f4xx.o(.constdata)
    SPI1_Resources                           0x08004404   Data          44  spi_stm32f4xx.o(.constdata)
    .constdata                               0x0800445c   Section       24  eventrecorder.o(.constdata)
    __tagsym$$used                           0x0800445c   Number         0  eventrecorder.o(.constdata)
    .constdata                               0x08004474   Section       24  system_stm32f4xx.o(.constdata)
    .rodata                                  0x0800448c   Section      168  rtx_lib.o(.rodata)
    __tagsym$$used                           0x0800448c   Number         0  rtx_lib.o(.rodata)
    __tagsym$$used                           0x080044fc   Number         0  rtx_lib.o(.rodata)
    [Anonymous Symbol]                       0x08004538   Section        0  rtx_kernel.o(.rodata.str1.4)
    .bss.os                                  0x20000000   Section    32832  rtx_lib.o(.bss.os)
    os_mem                                   0x20000000   Data       32768  rtx_lib.o(.bss.os)
    os_isr_queue                             0x20008000   Data          64  rtx_lib.o(.bss.os)
    .bss.os.msgqueue.cb                      0x20008040   Section       52  rtx_lib.o(.bss.os.msgqueue.cb)
    os_timer_mq_cb                           0x20008040   Data          52  rtx_lib.o(.bss.os.msgqueue.cb)
    .bss.os.msgqueue.mem                     0x20008074   Section       80  rtx_lib.o(.bss.os.msgqueue.mem)
    os_timer_mq_data                         0x20008074   Data          80  rtx_lib.o(.bss.os.msgqueue.mem)
    .bss.os.thread.cb                        0x200080c4   Section      136  rtx_lib.o(.bss.os.thread.cb)
    os_idle_thread_cb                        0x200080c4   Data          68  rtx_lib.o(.bss.os.thread.cb)
    os_timer_thread_cb                       0x20008108   Data          68  rtx_lib.o(.bss.os.thread.cb)
    .bss.os.thread.idle.stack                0x20008150   Section      512  rtx_lib.o(.bss.os.thread.idle.stack)
    os_idle_thread_stack                     0x20008150   Data         512  rtx_lib.o(.bss.os.thread.idle.stack)
    .bss.os.thread.timer.stack               0x20008350   Section      512  rtx_lib.o(.bss.os.thread.timer.stack)
    os_timer_thread_stack                    0x20008350   Data         512  rtx_lib.o(.bss.os.thread.timer.stack)
    .data                                    0x20008550   Section        4  main.o(.data)
    ticks                                    0x20008550   Data           4  main.o(.data)
    .data                                    0x20008554   Section        4  prueba_thsd.o(.data)
    .data                                    0x20008558   Section       13  sd.o(.data)
    .data                                    0x20008565   Section        1  rtx_lib.o(.data)
    os_kernel_active                         0x20008565   Data           1  rtx_lib.o(.data)
    .data                                    0x20008568   Section        9  stm32f4xx_hal.o(.data)
    .data                                    0x20008574   Section        4  system_stm32f4xx.o(.data)
    .bss                                     0x2000861c   Section       44  spi_stm32f4xx.o(.bss)
    SPI1_Info                                0x2000861c   Data          16  spi_stm32f4xx.o(.bss)
    SPI1_TransferInfo                        0x2000862c   Data          28  spi_stm32f4xx.o(.bss)
    .bss                                     0x20008648   Section       96  libspace.o(.bss)
    .bss.noinit                              0x200086c0   Section     1188  eventrecorder.o(.bss.noinit)
    EventBuffer                              0x200086c0   Data        1024  eventrecorder.o(.bss.noinit)
    EventFilter                              0x20008ac0   Data         128  eventrecorder.o(.bss.noinit)
    EventStatus                              0x20008b40   Data          36  eventrecorder.o(.bss.noinit)
    [Anonymous Symbol]                       0x20008b64   Section        0  os_systick.o(.bss.os)
    PendST                                   0x20008b64   Data           1  os_systick.o(.bss.os)
    HEAP                                     0x20008b68   Section      512  startup_stm32f429xx.o(HEAP)
    Heap_Mem                                 0x20008b68   Data         512  startup_stm32f429xx.o(HEAP)
    STACK                                    0x20008d68   Section     1024  startup_stm32f429xx.o(STACK)
    Stack_Mem                                0x20008d68   Data        1024  startup_stm32f429xx.o(STACK)
    __initial_sp                             0x20009168   Data           0  startup_stm32f429xx.o(STACK)
    FPCCR                                    0xe000ef34   Number         0  irq_armv7m.o ABSOLUTE

    Global Symbols

    Symbol Name                              Value     Ov Type        Size  Object(Section)

    BuildAttributes$$THM_ISAv4$E$P$D$K$B$S$7EM$VFPi3$EXTD16$VFPS$VFMA$PE$A:L22UL41UL21$X:L11$S22US41US21$IEEE1$IW$USESV6$~STKCKD$USESV7$~SHL$OSPACE$ROPI$EBA8$UX$STANDARDLIB$REQ8$PRES8$EABIv2 0x00000000   Number         0  anon$$obj.o ABSOLUTE
    __ARM_use_no_argv                        0x00000000   Number         0  main.o ABSOLUTE
    .bss.os.evflags.cb$$Base                  - Undefined Weak Reference
    .bss.os.evflags.cb$$Limit                 - Undefined Weak Reference
    .bss.os.mempool.cb$$Base                  - Undefined Weak Reference
    .bss.os.mempool.cb$$Limit                 - Undefined Weak Reference
    .bss.os.mutex.cb$$Base                    - Undefined Weak Reference
    .bss.os.mutex.cb$$Limit                   - Undefined Weak Reference
    .bss.os.semaphore.cb$$Base                - Undefined Weak Reference
    .bss.os.semaphore.cb$$Limit               - Undefined Weak Reference
    .bss.os.timer.cb$$Base                    - Undefined Weak Reference
    .bss.os.timer.cb$$Limit                   - Undefined Weak Reference
    __ARM_exceptions_init                     - Undefined Weak Reference
    __alloca_initialize                       - Undefined Weak Reference
    __arm_fini_                               - Undefined Weak Reference
    __arm_preinit_                            - Undefined Weak Reference
    __cpp_initialize__aeabi_                  - Undefined Weak Reference
    __cxa_finalize                            - Undefined Weak Reference
    __rt_locale                               - Undefined Weak Reference
    __sigvec_lookup                           - Undefined Weak Reference
    _atexit_init                              - Undefined Weak Reference
    _call_atexit_fns                          - Undefined Weak Reference
    _clock_init                               - Undefined Weak Reference
    _fp_trap_init                             - Undefined Weak Reference
    _fp_trap_shutdown                         - Undefined Weak Reference
    _get_lc_collate                           - Undefined Weak Reference
    _get_lc_ctype                             - Undefined Weak Reference
    _get_lc_monetary                          - Undefined Weak Reference
    _get_lc_numeric                           - Undefined Weak Reference
    _get_lc_time                              - Undefined Weak Reference
    _getenv_init                              - Undefined Weak Reference
    _handle_redirection                       - Undefined Weak Reference
    _init_alloc                               - Undefined Weak Reference
    _init_user_alloc                          - Undefined Weak Reference
    _initio                                   - Undefined Weak Reference
    _rand_init                                - Undefined Weak Reference
    _signal_finish                            - Undefined Weak Reference
    _signal_init                              - Undefined Weak Reference
    _terminate_alloc                          - Undefined Weak Reference
    _terminate_user_alloc                     - Undefined Weak Reference
    _terminateio                              - Undefined Weak Reference
    __Vectors_Size                           0x000001ac   Number         0  startup_stm32f429xx.o ABSOLUTE
    __Vectors                                0x08000000   Data           4  startup_stm32f429xx.o(RESET)
    __Vectors_End                            0x080001ac   Data           0  startup_stm32f429xx.o(RESET)
    __main                                   0x080001ad   Thumb Code     8  __main.o(!!!main)
    __scatterload                            0x080001b5   Thumb Code     0  __scatter.o(!!!scatter)
    __scatterload_rt2                        0x080001b5   Thumb Code    44  __scatter.o(!!!scatter)
    __scatterload_rt2_thumb_only             0x080001b5   Thumb Code     0  __scatter.o(!!!scatter)
    __scatterload_null                       0x080001c3   Thumb Code     0  __scatter.o(!!!scatter)
    __decompress                             0x080001e9   Thumb Code    58  __dczerorl.o(!!dczerorl)
    __decompress0                            0x080001e9   Thumb Code     0  __dczerorl.o(!!dczerorl)
    __scatterload_zeroinit                   0x08000225   Thumb Code    28  __scatter_zi.o(!!handler_zi)
    __rt_lib_init                            0x08000241   Thumb Code     0  libinit.o(.ARM.Collect$$libinit$$00000000)
    __rt_lib_init_fp_1                       0x08000243   Thumb Code     0  libinit2.o(.ARM.Collect$$libinit$$00000001)
    __rt_lib_init_alloca_1                   0x08000247   Thumb Code     0  libinit2.o(.ARM.Collect$$libinit$$0000002E)
    __rt_lib_init_argv_1                     0x08000247   Thumb Code     0  libinit2.o(.ARM.Collect$$libinit$$0000002C)
    __rt_lib_init_atexit_1                   0x08000247   Thumb Code     0  libinit2.o(.ARM.Collect$$libinit$$0000001B)
    __rt_lib_init_clock_1                    0x08000247   Thumb Code     0  libinit2.o(.ARM.Collect$$libinit$$00000021)
    __rt_lib_init_cpp_1                      0x08000247   Thumb Code     0  libinit2.o(.ARM.Collect$$libinit$$00000032)
    __rt_lib_init_exceptions_1               0x08000247   Thumb Code     0  libinit2.o(.ARM.Collect$$libinit$$00000030)
    __rt_lib_init_fp_trap_1                  0x08000247   Thumb Code     0  libinit2.o(.ARM.Collect$$libinit$$0000001F)
    __rt_lib_init_getenv_1                   0x08000247   Thumb Code     0  libinit2.o(.ARM.Collect$$libinit$$00000023)
    __rt_lib_init_heap_1                     0x08000247   Thumb Code     0  libinit2.o(.ARM.Collect$$libinit$$0000000A)
    __rt_lib_init_lc_collate_1               0x08000247   Thumb Code     0  libinit2.o(.ARM.Collect$$libinit$$00000011)
    __rt_lib_init_lc_ctype_1                 0x08000247   Thumb Code     0  libinit2.o(.ARM.Collect$$libinit$$00000013)
    __rt_lib_init_lc_monetary_1              0x08000247   Thumb Code     0  libinit2.o(.ARM.Collect$$libinit$$00000015)
    __rt_lib_init_lc_numeric_1               0x08000247   Thumb Code     0  libinit2.o(.ARM.Collect$$libinit$$00000017)
    __rt_lib_init_lc_time_1                  0x08000247   Thumb Code     0  libinit2.o(.ARM.Collect$$libinit$$00000019)
    __rt_lib_init_preinit_1                  0x08000247   Thumb Code     0  libinit2.o(.ARM.Collect$$libinit$$00000004)
    __rt_lib_init_rand_1                     0x08000247   Thumb Code     0  libinit2.o(.ARM.Collect$$libinit$$0000000E)
    __rt_lib_init_return                     0x08000247   Thumb Code     0  libinit2.o(.ARM.Collect$$libinit$$00000033)
    __rt_lib_init_signal_1                   0x08000247   Thumb Code     0  libinit2.o(.ARM.Collect$$libinit$$0000001D)
    __rt_lib_init_stdio_1                    0x08000247   Thumb Code     0  libinit2.o(.ARM.Collect$$libinit$$00000025)
    __rt_lib_init_user_alloc_1               0x08000247   Thumb Code     0  libinit2.o(.ARM.Collect$$libinit$$0000000C)
    __rt_lib_shutdown                        0x08000249   Thumb Code     0  libshutdown.o(.ARM.Collect$$libshutdown$$00000000)
    __rt_lib_shutdown_cpp_1                  0x0800024b   Thumb Code     0  libshutdown2.o(.ARM.Collect$$libshutdown$$00000004)
    __rt_lib_shutdown_fini_1                 0x0800024b   Thumb Code     0  libshutdown2.o(.ARM.Collect$$libshutdown$$00000002)
    __rt_lib_shutdown_fp_trap_1              0x0800024b   Thumb Code     0  libshutdown2.o(.ARM.Collect$$libshutdown$$00000009)
    __rt_lib_shutdown_heap_1                 0x0800024b   Thumb Code     0  libshutdown2.o(.ARM.Collect$$libshutdown$$00000011)
    __rt_lib_shutdown_return                 0x0800024b   Thumb Code     0  libshutdown2.o(.ARM.Collect$$libshutdown$$00000012)
    __rt_lib_shutdown_signal_1               0x0800024b   Thumb Code     0  libshutdown2.o(.ARM.Collect$$libshutdown$$0000000C)
    __rt_lib_shutdown_stdio_1                0x0800024b   Thumb Code     0  libshutdown2.o(.ARM.Collect$$libshutdown$$00000006)
    __rt_lib_shutdown_user_alloc_1           0x0800024b   Thumb Code     0  libshutdown2.o(.ARM.Collect$$libshutdown$$0000000E)
    __rt_entry                               0x0800024d   Thumb Code     0  __rtentry.o(.ARM.Collect$$rtentry$$00000000)
    __rt_entry_presh_1                       0x0800024d   Thumb Code     0  __rtentry2.o(.ARM.Collect$$rtentry$$00000002)
    __rt_entry_sh                            0x0800024d   Thumb Code     0  __rtentry4.o(.ARM.Collect$$rtentry$$00000004)
    __rt_entry_postsh_1                      0x08000253   Thumb Code     0  __rtentry2.o(.ARM.Collect$$rtentry$$00000008)
    __rt_entry_li                            0x0800025b   Thumb Code     0  __rtentry2.o(.ARM.Collect$$rtentry$$0000000A)
    __rt_entry_main                          0x0800025f   Thumb Code     0  __rtentry2.o(.ARM.Collect$$rtentry$$0000000D)
    __rt_entry_postli_1                      0x0800025f   Thumb Code     0  __rtentry2.o(.ARM.Collect$$rtentry$$0000000C)
    __rt_exit                                0x08000267   Thumb Code     0  rtexit.o(.ARM.Collect$$rtexit$$00000000)
    __rt_exit_ls                             0x08000269   Thumb Code     0  rtexit2.o(.ARM.Collect$$rtexit$$00000003)
    __rt_exit_prels_1                        0x08000269   Thumb Code     0  rtexit2.o(.ARM.Collect$$rtexit$$00000002)
    __rt_exit_exit                           0x0800026d   Thumb Code     0  rtexit2.o(.ARM.Collect$$rtexit$$00000004)
    __asm___15_EventRecorder_c_e8d3082c__atomic_inc8 0x08000275   Thumb Code    18  eventrecorder.o(.emb_text)
    __asm___15_EventRecorder_c_e8d3082c__atomic_inc32 0x08000287   Thumb Code    18  eventrecorder.o(.emb_text)
    __asm___15_EventRecorder_c_e8d3082c__atomic_xch32 0x08000299   Thumb Code    16  eventrecorder.o(.emb_text)
    __asm___15_EventRecorder_c_e8d3082c__LockRecord 0x080002a9   Thumb Code    34  eventrecorder.o(.emb_text)
    __asm___15_EventRecorder_c_e8d3082c__UnlockRecord 0x080002cb   Thumb Code    30  eventrecorder.o(.emb_text)
    Reset_Handler                            0x080002e9   Thumb Code     8  startup_stm32f429xx.o(.text)
    ADC_IRQHandler                           0x08000303   Thumb Code     0  startup_stm32f429xx.o(.text)
    CAN1_RX0_IRQHandler                      0x08000303   Thumb Code     0  startup_stm32f429xx.o(.text)
    CAN1_RX1_IRQHandler                      0x08000303   Thumb Code     0  startup_stm32f429xx.o(.text)
    CAN1_SCE_IRQHandler                      0x08000303   Thumb Code     0  startup_stm32f429xx.o(.text)
    CAN1_TX_IRQHandler                       0x08000303   Thumb Code     0  startup_stm32f429xx.o(.text)
    CAN2_RX0_IRQHandler                      0x08000303   Thumb Code     0  startup_stm32f429xx.o(.text)
    CAN2_RX1_IRQHandler                      0x08000303   Thumb Code     0  startup_stm32f429xx.o(.text)
    CAN2_SCE_IRQHandler                      0x08000303   Thumb Code     0  startup_stm32f429xx.o(.text)
    CAN2_TX_IRQHandler                       0x08000303   Thumb Code     0  startup_stm32f429xx.o(.text)
    DCMI_IRQHandler                          0x08000303   Thumb Code     0  startup_stm32f429xx.o(.text)
    DMA1_Stream0_IRQHandler                  0x08000303   Thumb Code     0  startup_stm32f429xx.o(.text)
    DMA1_Stream1_IRQHandler                  0x08000303   Thumb Code     0  startup_stm32f429xx.o(.text)
    DMA1_Stream2_IRQHandler                  0x08000303   Thumb Code     0  startup_stm32f429xx.o(.text)
    DMA1_Stream3_IRQHandler                  0x08000303   Thumb Code     0  startup_stm32f429xx.o(.text)
    DMA1_Stream4_IRQHandler                  0x08000303   Thumb Code     0  startup_stm32f429xx.o(.text)
    DMA1_Stream5_IRQHandler                  0x08000303   Thumb Code     0  startup_stm32f429xx.o(.text)
    DMA1_Stream6_IRQHandler                  0x08000303   Thumb Code     0  startup_stm32f429xx.o(.text)
    DMA1_Stream7_IRQHandler                  0x08000303   Thumb Code     0  startup_stm32f429xx.o(.text)
    DMA2D_IRQHandler                         0x08000303   Thumb Code     0  startup_stm32f429xx.o(.text)
    DMA2_Stream0_IRQHandler                  0x08000303   Thumb Code     0  startup_stm32f429xx.o(.text)
    DMA2_Stream1_IRQHandler                  0x08000303   Thumb Code     0  startup_stm32f429xx.o(.text)
    DMA2_Stream2_IRQHandler                  0x08000303   Thumb Code     0  startup_stm32f429xx.o(.text)
    DMA2_Stream3_IRQHandler                  0x08000303   Thumb Code     0  startup_stm32f429xx.o(.text)
    DMA2_Stream4_IRQHandler                  0x08000303   Thumb Code     0  startup_stm32f429xx.o(.text)
    DMA2_Stream5_IRQHandler                  0x08000303   Thumb Code     0  startup_stm32f429xx.o(.text)
    DMA2_Stream6_IRQHandler                  0x08000303   Thumb Code     0  startup_stm32f429xx.o(.text)
    DMA2_Stream7_IRQHandler                  0x08000303   Thumb Code     0  startup_stm32f429xx.o(.text)
    ETH_IRQHandler                           0x08000303   Thumb Code     0  startup_stm32f429xx.o(.text)
    ETH_WKUP_IRQHandler                      0x08000303   Thumb Code     0  startup_stm32f429xx.o(.text)
    EXTI0_IRQHandler                         0x08000303   Thumb Code     0  startup_stm32f429xx.o(.text)
    EXTI15_10_IRQHandler                     0x08000303   Thumb Code     0  startup_stm32f429xx.o(.text)
    EXTI1_IRQHandler                         0x08000303   Thumb Code     0  startup_stm32f429xx.o(.text)
    EXTI2_IRQHandler                         0x08000303   Thumb Code     0  startup_stm32f429xx.o(.text)
    EXTI3_IRQHandler                         0x08000303   Thumb Code     0  startup_stm32f429xx.o(.text)
    EXTI4_IRQHandler                         0x08000303   Thumb Code     0  startup_stm32f429xx.o(.text)
    EXTI9_5_IRQHandler                       0x08000303   Thumb Code     0  startup_stm32f429xx.o(.text)
    FLASH_IRQHandler                         0x08000303   Thumb Code     0  startup_stm32f429xx.o(.text)
    FMC_IRQHandler                           0x08000303   Thumb Code     0  startup_stm32f429xx.o(.text)
    FPU_IRQHandler                           0x08000303   Thumb Code     0  startup_stm32f429xx.o(.text)
    HASH_RNG_IRQHandler                      0x08000303   Thumb Code     0  startup_stm32f429xx.o(.text)
    I2C1_ER_IRQHandler                       0x08000303   Thumb Code     0  startup_stm32f429xx.o(.text)
    I2C1_EV_IRQHandler                       0x08000303   Thumb Code     0  startup_stm32f429xx.o(.text)
    I2C2_ER_IRQHandler                       0x08000303   Thumb Code     0  startup_stm32f429xx.o(.text)
    I2C2_EV_IRQHandler                       0x08000303   Thumb Code     0  startup_stm32f429xx.o(.text)
    I2C3_ER_IRQHandler                       0x08000303   Thumb Code     0  startup_stm32f429xx.o(.text)
    I2C3_EV_IRQHandler                       0x08000303   Thumb Code     0  startup_stm32f429xx.o(.text)
    LTDC_ER_IRQHandler                       0x08000303   Thumb Code     0  startup_stm32f429xx.o(.text)
    LTDC_IRQHandler                          0x08000303   Thumb Code     0  startup_stm32f429xx.o(.text)
    OTG_FS_IRQHandler                        0x08000303   Thumb Code     0  startup_stm32f429xx.o(.text)
    OTG_FS_WKUP_IRQHandler                   0x08000303   Thumb Code     0  startup_stm32f429xx.o(.text)
    OTG_HS_EP1_IN_IRQHandler                 0x08000303   Thumb Code     0  startup_stm32f429xx.o(.text)
    OTG_HS_EP1_OUT_IRQHandler                0x08000303   Thumb Code     0  startup_stm32f429xx.o(.text)
    OTG_HS_IRQHandler                        0x08000303   Thumb Code     0  startup_stm32f429xx.o(.text)
    OTG_HS_WKUP_IRQHandler                   0x08000303   Thumb Code     0  startup_stm32f429xx.o(.text)
    PVD_IRQHandler                           0x08000303   Thumb Code     0  startup_stm32f429xx.o(.text)
    RCC_IRQHandler                           0x08000303   Thumb Code     0  startup_stm32f429xx.o(.text)
    RTC_Alarm_IRQHandler                     0x08000303   Thumb Code     0  startup_stm32f429xx.o(.text)
    RTC_WKUP_IRQHandler                      0x08000303   Thumb Code     0  startup_stm32f429xx.o(.text)
    SAI1_IRQHandler                          0x08000303   Thumb Code     0  startup_stm32f429xx.o(.text)
    SDIO_IRQHandler                          0x08000303   Thumb Code     0  startup_stm32f429xx.o(.text)
    SPI2_IRQHandler                          0x08000303   Thumb Code     0  startup_stm32f429xx.o(.text)
    SPI3_IRQHandler                          0x08000303   Thumb Code     0  startup_stm32f429xx.o(.text)
    SPI4_IRQHandler                          0x08000303   Thumb Code     0  startup_stm32f429xx.o(.text)
    SPI5_IRQHandler                          0x08000303   Thumb Code     0  startup_stm32f429xx.o(.text)
    SPI6_IRQHandler                          0x08000303   Thumb Code     0  startup_stm32f429xx.o(.text)
    TAMP_STAMP_IRQHandler                    0x08000303   Thumb Code     0  startup_stm32f429xx.o(.text)
    TIM1_BRK_TIM9_IRQHandler                 0x08000303   Thumb Code     0  startup_stm32f429xx.o(.text)
    TIM1_CC_IRQHandler                       0x08000303   Thumb Code     0  startup_stm32f429xx.o(.text)
    TIM1_TRG_COM_TIM11_IRQHandler            0x08000303   Thumb Code     0  startup_stm32f429xx.o(.text)
    TIM1_UP_TIM10_IRQHandler                 0x08000303   Thumb Code     0  startup_stm32f429xx.o(.text)
    TIM2_IRQHandler                          0x08000303   Thumb Code     0  startup_stm32f429xx.o(.text)
    TIM3_IRQHandler                          0x08000303   Thumb Code     0  startup_stm32f429xx.o(.text)
    TIM4_IRQHandler                          0x08000303   Thumb Code     0  startup_stm32f429xx.o(.text)
    TIM5_IRQHandler                          0x08000303   Thumb Code     0  startup_stm32f429xx.o(.text)
    TIM6_DAC_IRQHandler                      0x08000303   Thumb Code     0  startup_stm32f429xx.o(.text)
    TIM7_IRQHandler                          0x08000303   Thumb Code     0  startup_stm32f429xx.o(.text)
    TIM8_BRK_TIM12_IRQHandler                0x08000303   Thumb Code     0  startup_stm32f429xx.o(.text)
    TIM8_CC_IRQHandler                       0x08000303   Thumb Code     0  startup_stm32f429xx.o(.text)
    TIM8_TRG_COM_TIM14_IRQHandler            0x08000303   Thumb Code     0  startup_stm32f429xx.o(.text)
    TIM8_UP_TIM13_IRQHandler                 0x08000303   Thumb Code     0  startup_stm32f429xx.o(.text)
    UART4_IRQHandler                         0x08000303   Thumb Code     0  startup_stm32f429xx.o(.text)
    UART5_IRQHandler                         0x08000303   Thumb Code     0  startup_stm32f429xx.o(.text)
    UART7_IRQHandler                         0x08000303   Thumb Code     0  startup_stm32f429xx.o(.text)
    UART8_IRQHandler                         0x08000303   Thumb Code     0  startup_stm32f429xx.o(.text)
    USART1_IRQHandler                        0x08000303   Thumb Code     0  startup_stm32f429xx.o(.text)
    USART2_IRQHandler                        0x08000303   Thumb Code     0  startup_stm32f429xx.o(.text)
    USART3_IRQHandler                        0x08000303   Thumb Code     0  startup_stm32f429xx.o(.text)
    USART6_IRQHandler                        0x08000303   Thumb Code     0  startup_stm32f429xx.o(.text)
    WWDG_IRQHandler                          0x08000303   Thumb Code     0  startup_stm32f429xx.o(.text)
    __user_initial_stackheap                 0x08000305   Thumb Code     0  startup_stm32f429xx.o(.text)
    SVC_Handler                              0x08000329   Thumb Code   154  irq_armv7m.o(.text)
    PendSV_Handler                           0x080003c3   Thumb Code    16  irq_armv7m.o(.text)
    SysTick_Handler                          0x080003d3   Thumb Code    16  irq_armv7m.o(.text)
    __aeabi_uldivmod                         0x080003f1   Thumb Code     0  lludivv7m.o(.text)
    _ll_udiv                                 0x080003f1   Thumb Code   238  lludivv7m.o(.text)
    __aeabi_memcpy                           0x080004df   Thumb Code     0  rt_memcpy_v6.o(.text)
    __rt_memcpy                              0x080004df   Thumb Code   138  rt_memcpy_v6.o(.text)
    _memcpy_lastbytes                        0x08000545   Thumb Code     0  rt_memcpy_v6.o(.text)
    __aeabi_memclr                           0x08000569   Thumb Code     0  rt_memclr.o(.text)
    __rt_memclr                              0x08000569   Thumb Code    68  rt_memclr.o(.text)
    _memset                                  0x0800056d   Thumb Code     0  rt_memclr.o(.text)
    __aeabi_memclr4                          0x080005ad   Thumb Code     0  rt_memclr_w.o(.text)
    __aeabi_memclr8                          0x080005ad   Thumb Code     0  rt_memclr_w.o(.text)
    __rt_memclr_w                            0x080005ad   Thumb Code    78  rt_memclr_w.o(.text)
    _memset_w                                0x080005b1   Thumb Code     0  rt_memclr_w.o(.text)
    __use_two_region_memory                  0x080005fb   Thumb Code     2  heapauxi.o(.text)
    __rt_heap_escrow$2region                 0x080005fd   Thumb Code     2  heapauxi.o(.text)
    __rt_heap_expand$2region                 0x080005ff   Thumb Code     2  heapauxi.o(.text)
    __aeabi_memcpy4                          0x08000601   Thumb Code     0  rt_memcpy_w.o(.text)
    __aeabi_memcpy8                          0x08000601   Thumb Code     0  rt_memcpy_w.o(.text)
    __rt_memcpy_w                            0x08000601   Thumb Code   100  rt_memcpy_w.o(.text)
    _memcpy_lastbytes_aligned                0x08000649   Thumb Code     0  rt_memcpy_w.o(.text)
    __user_setup_stackheap                   0x08000665   Thumb Code    74  sys_stackheap_outer.o(.text)
    exit                                     0x080006af   Thumb Code    18  exit.o(.text)
    __user_libspace                          0x080006c1   Thumb Code     8  libspace.o(.text)
    __user_perproc_libspace                  0x080006c1   Thumb Code     0  libspace.o(.text)
    _sys_exit                                0x080006c9   Thumb Code     8  sys_exit.o(.text)
    __I$use$semihosting                      0x080006d5   Thumb Code     0  use_no_semi.o(.text)
    __use_no_semihosting_swi                 0x080006d5   Thumb Code     2  use_no_semi.o(.text)
    __semihosting_library_function           0x080006d7   Thumb Code     0  indicate_semi.o(.text)
    OS_Tick_AcknowledgeIRQ                   0x0800078d   Thumb Code     8  os_systick.o(.text.OS_Tick_AcknowledgeIRQ)
    OS_Tick_Enable                           0x08000799   Thumb Code    32  os_systick.o(.text.OS_Tick_Enable)
    OS_Tick_GetIRQn                          0x080007c5   Thumb Code     6  os_systick.o(.text.OS_Tick_GetIRQn)
    OS_Tick_Setup                            0x080007cd   Thumb Code    48  os_systick.o(.text.OS_Tick_Setup)
    osDelay                                  0x080008dd   Thumb Code    32  rtx_delay.o(.text.osDelay)
    osKernelGetState                         0x08000901   Thumb Code    40  rtx_kernel.o(.text.osKernelGetState)
    osKernelGetTickCount                     0x08000931   Thumb Code    32  rtx_kernel.o(.text.osKernelGetTickCount)
    osKernelInitialize                       0x08000959   Thumb Code    40  rtx_kernel.o(.text.osKernelInitialize)
    osKernelStart                            0x08000985   Thumb Code    32  rtx_kernel.o(.text.osKernelStart)
    osMessageQueueGet                        0x080009a9   Thumb Code   108  rtx_msgqueue.o(.text.osMessageQueueGet)
    osMessageQueuePut                        0x08000a19   Thumb Code   124  rtx_msgqueue.o(.text.osMessageQueuePut)
    osMutexAcquire                           0x08000a99   Thumb Code    32  rtx_mutex.o(.text.osMutexAcquire)
    osMutexDelete                            0x08000abd   Thumb Code    32  rtx_mutex.o(.text.osMutexDelete)
    osMutexNew                               0x08000ae1   Thumb Code    32  rtx_mutex.o(.text.osMutexNew)
    osMutexRelease                           0x08000b05   Thumb Code    32  rtx_mutex.o(.text.osMutexRelease)
    osRtxKernelErrorNotify                   0x08000b29   Thumb Code     4  rtx_kernel.o(.text.osRtxKernelErrorNotify)
    osRtxMemoryAlloc                         0x08000b2d   Thumb Code   108  rtx_memory.o(.text.osRtxMemoryAlloc)
    osRtxMemoryFree                          0x08000b99   Thumb Code    66  rtx_memory.o(.text.osRtxMemoryFree)
    osRtxMemoryInit                          0x08000bdb   Thumb Code    54  rtx_memory.o(.text.osRtxMemoryInit)
    osRtxMemoryPoolAlloc                     0x08000c11   Thumb Code    58  rtx_mempool.o(.text.osRtxMemoryPoolAlloc)
    osRtxMemoryPoolFree                      0x08000c4b   Thumb Code    74  rtx_mempool.o(.text.osRtxMemoryPoolFree)
    osRtxMemoryPoolInit                      0x08000c95   Thumb Code    56  rtx_mempool.o(.text.osRtxMemoryPoolInit)
    osRtxMessageQueueTimerSetup              0x08000d79   Thumb Code    32  rtx_msgqueue.o(.text.osRtxMessageQueueTimerSetup)
    osRtxMutexOwnerRelease                   0x08000da1   Thumb Code    72  rtx_mutex.o(.text.osRtxMutexOwnerRelease)
    osRtxMutexOwnerRestore                   0x08000de9   Thumb Code    66  rtx_mutex.o(.text.osRtxMutexOwnerRestore)
    osRtxPendSV_Handler                      0x08000e2d   Thumb Code   136  rtx_system.o(.text.osRtxPendSV_Handler)
    osRtxPostProcess                         0x08000eb9   Thumb Code   108  rtx_system.o(.text.osRtxPostProcess)
    osRtxThreadDelayTick                     0x08001025   Thumb Code    72  rtx_thread.o(.text.osRtxThreadDelayTick)
    osRtxThreadDispatch                      0x08001095   Thumb Code    80  rtx_thread.o(.text.osRtxThreadDispatch)
    osRtxThreadListGet                       0x0800115f   Thumb Code    18  rtx_thread.o(.text.osRtxThreadListGet)
    osRtxThreadListPut                       0x08001171   Thumb Code    44  rtx_thread.o(.text.osRtxThreadListPut)
    osRtxThreadListRemove                    0x0800119d   Thumb Code    20  rtx_thread.o(.text.osRtxThreadListRemove)
    osRtxThreadListSort                      0x080011bd   Thumb Code    38  rtx_thread.o(.text.osRtxThreadListSort)
    osRtxThreadReadyPut                      0x0800120d   Thumb Code    16  rtx_thread.o(.text.osRtxThreadReadyPut)
    osRtxThreadRegPtr                        0x08001221   Thumb Code    20  rtx_thread.o(.text.osRtxThreadRegPtr)
    osRtxThreadStartup                       0x08001235   Thumb Code    48  rtx_thread.o(.text.osRtxThreadStartup)
    osRtxThreadSwitch                        0x08001271   Thumb Code    12  rtx_thread.o(.text.osRtxThreadSwitch)
    osRtxThreadWaitEnter                     0x08001281   Thumb Code    56  rtx_thread.o(.text.osRtxThreadWaitEnter)
    osRtxThreadWaitExit                      0x080012bd   Thumb Code    48  rtx_thread.o(.text.osRtxThreadWaitExit)
    osRtxTick_Handler                        0x080012ed   Thumb Code   116  rtx_system.o(.text.osRtxTick_Handler)
    osRtxTimerSetup                          0x08001365   Thumb Code    24  rtx_timer.o(.text.osRtxTimerSetup)
    osRtxTimerThread                         0x08001385   Thumb Code    32  rtx_timer.o(.text.osRtxTimerThread)
    osThreadExit                             0x08001415   Thumb Code     8  rtx_thread.o(.text.osThreadExit)
    osThreadFlagsSet                         0x08001421   Thumb Code    84  rtx_thread.o(.text.osThreadFlagsSet)
    osThreadFlagsWait                        0x08001479   Thumb Code    32  rtx_thread.o(.text.osThreadFlagsWait)
    osThreadNew                              0x0800149d   Thumb Code    32  rtx_thread.o(.text.osThreadNew)
    osThreadYield                            0x080014c1   Thumb Code    32  rtx_thread.o(.text.osThreadYield)
    BusFault_Handler                         0x08001ec1   Thumb Code     4  stm32f4xx_it.o(i.BusFault_Handler)
    DebugMon_Handler                         0x08001ec5   Thumb Code     2  stm32f4xx_it.o(i.DebugMon_Handler)
    EventRecorderDisable                     0x08002361   Thumb Code    88  eventrecorder.o(i.EventRecorderDisable)
    EventRecorderEnable                      0x080023bd   Thumb Code    88  eventrecorder.o(i.EventRecorderEnable)
    EventRecorderInitialize                  0x08002419   Thumb Code   270  eventrecorder.o(i.EventRecorderInitialize)
    EventRecorderStart                       0x08002541   Thumb Code    40  eventrecorder.o(i.EventRecorderStart)
    EventRecorderTimerGetCount               0x08002571   Thumb Code     6  eventrecorder.o(i.EventRecorderTimerGetCount)
    EventRecorderTimerGetFreq                0x0800257d   Thumb Code     6  eventrecorder.o(i.EventRecorderTimerGetFreq)
    EventRecorderTimerSetup                  0x08002589   Thumb Code    28  eventrecorder.o(i.EventRecorderTimerSetup)
    HAL_DMA_Abort_IT                         0x080025ad   Thumb Code    40  stm32f4xx_hal_dma.o(i.HAL_DMA_Abort_IT)
    HAL_GPIO_DeInit                          0x080025d5   Thumb Code   336  stm32f4xx_hal_gpio.o(i.HAL_GPIO_DeInit)
    HAL_GPIO_Init                            0x08002755   Thumb Code   486  stm32f4xx_hal_gpio.o(i.HAL_GPIO_Init)
    HAL_GPIO_WritePin                        0x08002971   Thumb Code    12  stm32f4xx_hal_gpio.o(i.HAL_GPIO_WritePin)
    HAL_GetREVID                             0x0800297d   Thumb Code     8  stm32f4xx_hal.o(i.HAL_GetREVID)
    HAL_GetTick                              0x08002989   Thumb Code    66  main.o(i.HAL_GetTick)
    HAL_Init                                 0x080029d5   Thumb Code    44  stm32f4xx_hal.o(i.HAL_Init)
    HAL_InitTick                             0x08002a05   Thumb Code     6  main.o(i.HAL_InitTick)
    HAL_MspInit                              0x08002a0b   Thumb Code     2  stm32f4xx_hal.o(i.HAL_MspInit)
    HAL_NVIC_DisableIRQ                      0x08002a0d   Thumb Code    38  stm32f4xx_hal_cortex.o(i.HAL_NVIC_DisableIRQ)
    HAL_NVIC_SetPriorityGrouping             0x08002a39   Thumb Code    32  stm32f4xx_hal_cortex.o(i.HAL_NVIC_SetPriorityGrouping)
    HAL_RCC_ClockConfig                      0x08002a61   Thumb Code   368  stm32f4xx_hal_rcc.o(i.HAL_RCC_ClockConfig)
    HAL_RCC_GetHCLKFreq                      0x08002be5   Thumb Code     6  stm32f4xx_hal_rcc.o(i.HAL_RCC_GetHCLKFreq)
    HAL_RCC_GetPCLK2Freq                     0x08002bf1   Thumb Code    22  stm32f4xx_hal_rcc.o(i.HAL_RCC_GetPCLK2Freq)
    HAL_RCC_GetSysClockFreq                  0x08002c11   Thumb Code   162  stm32f4xx_hal_rcc.o(i.HAL_RCC_GetSysClockFreq)
    HAL_RCC_OscConfig                        0x08002cc1   Thumb Code  1152  stm32f4xx_hal_rcc.o(i.HAL_RCC_OscConfig)
    HardFault_Handler                        0x08003149   Thumb Code     4  stm32f4xx_it.o(i.HardFault_Handler)
    Init_th_SD                               0x08003251   Thumb Code    20  sd.o(i.Init_th_SD)
    MemManage_Handler                        0x0800326d   Thumb Code     4  stm32f4xx_it.o(i.MemManage_Handler)
    NMI_Handler                              0x08003271   Thumb Code     2  stm32f4xx_it.o(i.NMI_Handler)
    SPI1_IRQHandler                          0x080032d9   Thumb Code    10  spi_stm32f4xx.o(i.SPI1_IRQHandler)
    SystemCoreClockUpdate                    0x08004021   Thumb Code   170  system_stm32f4xx.o(i.SystemCoreClockUpdate)
    SystemInit                               0x080040e1   Thumb Code    24  system_stm32f4xx.o(i.SystemInit)
    UsageFault_Handler                       0x080040fd   Thumb Code     4  stm32f4xx_it.o(i.UsageFault_Handler)
    _mutex_acquire                           0x08004101   Thumb Code    22  rtx_lib.o(i._mutex_acquire)
    _mutex_free                              0x08004117   Thumb Code    12  rtx_lib.o(i._mutex_free)
    _mutex_initialize                        0x08004123   Thumb Code    34  rtx_lib.o(i._mutex_initialize)
    _mutex_release                           0x08004145   Thumb Code    18  rtx_lib.o(i._mutex_release)
    _platform_post_stackheap_init            0x08004157   Thumb Code     8  rtx_lib.o(i._platform_post_stackheap_init)
    init_th_prueba_com                       0x08004289   Thumb Code    32  prueba_thsd.o(i.init_th_prueba_com)
    main                                     0x080042b1   Thumb Code    32  main.o(i.main)
    osRtxErrorNotify                         0x080042ed   Thumb Code    34  rtx_config.o(i.osRtxErrorNotify)
    osRtxIdleThread                          0x0800430f   Thumb Code     4  rtx_config.o(i.osRtxIdleThread)
    osRtxKernelPreInit                       0x08004313   Thumb Code    14  rtx_lib.o(i.osRtxKernelPreInit)
    th_SD                                    0x08004341   Thumb Code    16  sd.o(i.th_SD)
    th_prueba_SD                             0x08004355   Thumb Code     4  prueba_thsd.o(i.th_prueba_SD)
    _fp_init                                 0x08004359   Thumb Code    10  fpinit.o(x$fpl$fpinit)
    __fplib_config_fpu_vfp                   0x08004361   Thumb Code     0  fpinit.o(x$fpl$fpinit)
    __fplib_config_pureend_doubles           0x08004361   Thumb Code     0  fpinit.o(x$fpl$fpinit)
    irqRtxLibRef                             0x080043c4   Data           4  rtx_lib.o(.constdata)
    osRtxUserSVC                             0x080043c8   Data           4  rtx_lib.o(.constdata)
    Driver_SPI1                              0x08004430   Data          44  spi_stm32f4xx.o(.constdata)
    EventRecorderInfo                        0x0800445c   Data          24  eventrecorder.o(.constdata)
    AHBPrescTable                            0x08004474   Data          16  system_stm32f4xx.o(.constdata)
    APBPrescTable                            0x08004484   Data           8  system_stm32f4xx.o(.constdata)
    osRtxConfig                              0x0800448c   Data         112  rtx_lib.o(.rodata)
    os_cb_sections                           0x080044fc   Data          56  rtx_lib.o(.rodata)
    irqRtxLib                                0x08004534   Number         0  irq_armv7m.o(.rodata)
    Region$$Table$$Base                      0x08004544   Number         0  anon$$obj.o(Region$$Table)
    Region$$Table$$Limit                     0x08004564   Number         0  anon$$obj.o(Region$$Table)
    .bss.os.msgqueue.cb$$Base                0x20008040   Number         0  rtx_lib.o(.bss.os.msgqueue.cb)
    .bss.os.msgqueue.cb$$Limit               0x20008074   Number         0  rtx_lib.o(.bss.os.msgqueue.cb)
    .bss.os.thread.cb$$Base                  0x200080c4   Number         0  rtx_lib.o(.bss.os.thread.cb)
    .bss.os.thread.cb$$Limit                 0x2000814c   Number         0  rtx_lib.o(.bss.os.thread.cb)
    th_id_prueba_sd                          0x20008554   Data           4  prueba_thsd.o(.data)
    status                                   0x20008558   Data           4  sd.o(.data)
    SPIdrv                                   0x2000855c   Data           4  sd.o(.data)
    th_id_SD                                 0x20008560   Data           4  sd.o(.data)
    rx                                       0x20008564   Data           1  sd.o(.data)
    uwTick                                   0x20008568   Data           4  stm32f4xx_hal.o(.data)
    uwTickPrio                               0x2000856c   Data           4  stm32f4xx_hal.o(.data)
    uwTickFreq                               0x20008570   Data           1  stm32f4xx_hal.o(.data)
    SystemCoreClock                          0x20008574   Data           4  system_stm32f4xx.o(.data)
    osRtxInfo                                0x20008578   Data         164  rtx_kernel.o(.data.os)
    __libspace_start                         0x20008648   Data          96  libspace.o(.bss)
    __temporary_stack_top$libspace           0x200086a8   Data           0  libspace.o(.bss)



==============================================================================

Memory Map of the image

  Image Entry point : 0x080001ad

  Load Region LR_IROM1 (Base: 0x08000000, Size: 0x0000cb80, Max: 0x00200000, ABSOLUTE, COMPRESSED[0x00004688])

    Execution Region ER_IROM1 (Exec base: 0x08000000, Load base: 0x08000000, Size: 0x00004564, Max: 0x00200000, ABSOLUTE)

    Exec Addr    Load Addr    Size         Type   Attr      Idx    E Section Name        Object

    0x08000000   0x08000000   0x000001ac   Data   RO         3347    RESET               startup_stm32f429xx.o
    0x080001ac   0x080001ac   0x00000008   Code   RO         4189  * !!!main             c_w.l(__main.o)
    0x080001b4   0x080001b4   0x00000034   Code   RO         4360    !!!scatter          c_w.l(__scatter.o)
    0x080001e8   0x080001e8   0x0000003a   Code   RO         4358    !!dczerorl          c_w.l(__dczerorl.o)
    0x08000222   0x08000222   0x00000002   PAD
    0x08000224   0x08000224   0x0000001c   Code   RO         4362    !!handler_zi        c_w.l(__scatter_zi.o)
    0x08000240   0x08000240   0x00000002   Code   RO         4226    .ARM.Collect$$libinit$$00000000  c_w.l(libinit.o)
    0x08000242   0x08000242   0x00000004   Code   RO         4238    .ARM.Collect$$libinit$$00000001  c_w.l(libinit2.o)
    0x08000246   0x08000246   0x00000000   Code   RO         4241    .ARM.Collect$$libinit$$00000004  c_w.l(libinit2.o)
    0x08000246   0x08000246   0x00000000   Code   RO         4244    .ARM.Collect$$libinit$$0000000A  c_w.l(libinit2.o)
    0x08000246   0x08000246   0x00000000   Code   RO         4246    .ARM.Collect$$libinit$$0000000C  c_w.l(libinit2.o)
    0x08000246   0x08000246   0x00000000   Code   RO         4248    .ARM.Collect$$libinit$$0000000E  c_w.l(libinit2.o)
    0x08000246   0x08000246   0x00000000   Code   RO         4251    .ARM.Collect$$libinit$$00000011  c_w.l(libinit2.o)
    0x08000246   0x08000246   0x00000000   Code   RO         4253    .ARM.Collect$$libinit$$00000013  c_w.l(libinit2.o)
    0x08000246   0x08000246   0x00000000   Code   RO         4255    .ARM.Collect$$libinit$$00000015  c_w.l(libinit2.o)
    0x08000246   0x08000246   0x00000000   Code   RO         4257    .ARM.Collect$$libinit$$00000017  c_w.l(libinit2.o)
    0x08000246   0x08000246   0x00000000   Code   RO         4259    .ARM.Collect$$libinit$$00000019  c_w.l(libinit2.o)
    0x08000246   0x08000246   0x00000000   Code   RO         4261    .ARM.Collect$$libinit$$0000001B  c_w.l(libinit2.o)
    0x08000246   0x08000246   0x00000000   Code   RO         4263    .ARM.Collect$$libinit$$0000001D  c_w.l(libinit2.o)
    0x08000246   0x08000246   0x00000000   Code   RO         4265    .ARM.Collect$$libinit$$0000001F  c_w.l(libinit2.o)
    0x08000246   0x08000246   0x00000000   Code   RO         4267    .ARM.Collect$$libinit$$00000021  c_w.l(libinit2.o)
    0x08000246   0x08000246   0x00000000   Code   RO         4269    .ARM.Collect$$libinit$$00000023  c_w.l(libinit2.o)
    0x08000246   0x08000246   0x00000000   Code   RO         4271    .ARM.Collect$$libinit$$00000025  c_w.l(libinit2.o)
    0x08000246   0x08000246   0x00000000   Code   RO         4275    .ARM.Collect$$libinit$$0000002C  c_w.l(libinit2.o)
    0x08000246   0x08000246   0x00000000   Code   RO         4277    .ARM.Collect$$libinit$$0000002E  c_w.l(libinit2.o)
    0x08000246   0x08000246   0x00000000   Code   RO         4279    .ARM.Collect$$libinit$$00000030  c_w.l(libinit2.o)
    0x08000246   0x08000246   0x00000000   Code   RO         4281    .ARM.Collect$$libinit$$00000032  c_w.l(libinit2.o)
    0x08000246   0x08000246   0x00000002   Code   RO         4282    .ARM.Collect$$libinit$$00000033  c_w.l(libinit2.o)
    0x08000248   0x08000248   0x00000002   Code   RO         4313    .ARM.Collect$$libshutdown$$00000000  c_w.l(libshutdown.o)
    0x0800024a   0x0800024a   0x00000000   Code   RO         4339    .ARM.Collect$$libshutdown$$00000002  c_w.l(libshutdown2.o)
    0x0800024a   0x0800024a   0x00000000   Code   RO         4341    .ARM.Collect$$libshutdown$$00000004  c_w.l(libshutdown2.o)
    0x0800024a   0x0800024a   0x00000000   Code   RO         4343    .ARM.Collect$$libshutdown$$00000006  c_w.l(libshutdown2.o)
    0x0800024a   0x0800024a   0x00000000   Code   RO         4346    .ARM.Collect$$libshutdown$$00000009  c_w.l(libshutdown2.o)
    0x0800024a   0x0800024a   0x00000000   Code   RO         4349    .ARM.Collect$$libshutdown$$0000000C  c_w.l(libshutdown2.o)
    0x0800024a   0x0800024a   0x00000000   Code   RO         4351    .ARM.Collect$$libshutdown$$0000000E  c_w.l(libshutdown2.o)
    0x0800024a   0x0800024a   0x00000000   Code   RO         4354    .ARM.Collect$$libshutdown$$00000011  c_w.l(libshutdown2.o)
    0x0800024a   0x0800024a   0x00000002   Code   RO         4355    .ARM.Collect$$libshutdown$$00000012  c_w.l(libshutdown2.o)
    0x0800024c   0x0800024c   0x00000000   Code   RO         4191    .ARM.Collect$$rtentry$$00000000  c_w.l(__rtentry.o)
    0x0800024c   0x0800024c   0x00000000   Code   RO         4199    .ARM.Collect$$rtentry$$00000002  c_w.l(__rtentry2.o)
    0x0800024c   0x0800024c   0x00000006   Code   RO         4211    .ARM.Collect$$rtentry$$00000004  c_w.l(__rtentry4.o)
    0x08000252   0x08000252   0x00000008   Code   RO         4200    .ARM.Collect$$rtentry$$00000008  c_w.l(__rtentry2.o)
    0x0800025a   0x0800025a   0x00000004   Code   RO         4202    .ARM.Collect$$rtentry$$0000000A  c_w.l(__rtentry2.o)
    0x0800025e   0x0800025e   0x00000000   Code   RO         4204    .ARM.Collect$$rtentry$$0000000C  c_w.l(__rtentry2.o)
    0x0800025e   0x0800025e   0x00000008   Code   RO         4205    .ARM.Collect$$rtentry$$0000000D  c_w.l(__rtentry2.o)
    0x08000266   0x08000266   0x00000002   Code   RO         4230    .ARM.Collect$$rtexit$$00000000  c_w.l(rtexit.o)
    0x08000268   0x08000268   0x00000000   Code   RO         4286    .ARM.Collect$$rtexit$$00000002  c_w.l(rtexit2.o)
    0x08000268   0x08000268   0x00000004   Code   RO         4287    .ARM.Collect$$rtexit$$00000003  c_w.l(rtexit2.o)
    0x0800026c   0x0800026c   0x00000006   Code   RO         4288    .ARM.Collect$$rtexit$$00000004  c_w.l(rtexit2.o)
    0x08000272   0x08000272   0x00000002   PAD
    0x08000274   0x08000274   0x00000074   Code   RO          670    .emb_text           eventrecorder.o
    0x080002e8   0x080002e8   0x00000040   Code   RO         3348    .text               startup_stm32f429xx.o
    0x08000328   0x08000328   0x000000c8   Code   RO         4001    .text               RTX_CM4F.lib(irq_armv7m.o)
    0x080003f0   0x080003f0   0x000000ee   Code   RO         4177    .text               c_w.l(lludivv7m.o)
    0x080004de   0x080004de   0x0000008a   Code   RO         4179    .text               c_w.l(rt_memcpy_v6.o)
    0x08000568   0x08000568   0x00000044   Code   RO         4181    .text               c_w.l(rt_memclr.o)
    0x080005ac   0x080005ac   0x0000004e   Code   RO         4183    .text               c_w.l(rt_memclr_w.o)
    0x080005fa   0x080005fa   0x00000006   Code   RO         4187    .text               c_w.l(heapauxi.o)
    0x08000600   0x08000600   0x00000064   Code   RO         4196    .text               c_w.l(rt_memcpy_w.o)
    0x08000664   0x08000664   0x0000004a   Code   RO         4215    .text               c_w.l(sys_stackheap_outer.o)
    0x080006ae   0x080006ae   0x00000012   Code   RO         4217    .text               c_w.l(exit.o)
    0x080006c0   0x080006c0   0x00000008   Code   RO         4227    .text               c_w.l(libspace.o)
    0x080006c8   0x080006c8   0x0000000c   Code   RO         4283    .text               c_w.l(sys_exit.o)
    0x080006d4   0x080006d4   0x00000002   Code   RO         4302    .text               c_w.l(use_no_semi.o)
    0x080006d6   0x080006d6   0x00000000   Code   RO         4304    .text               c_w.l(indicate_semi.o)
    0x080006d6   0x080006d6   0x00000040   Code   RO         4117    .text.MessageQueueGet  RTX_CM4F.lib(rtx_msgqueue.o)
    0x08000716   0x08000716   0x00000058   Code   RO         4111    .text.MessageQueuePut  RTX_CM4F.lib(rtx_msgqueue.o)
    0x0800076e   0x0800076e   0x0000001c   Code   RO         4109    .text.MessageQueueRemove  RTX_CM4F.lib(rtx_msgqueue.o)
    0x0800078a   0x0800078a   0x00000002   PAD
    0x0800078c   0x0800078c   0x0000000c   Code   RO         4155    .text.OS_Tick_AcknowledgeIRQ  RTX_CM4F.lib(os_systick.o)
    0x08000798   0x08000798   0x0000002c   Code   RO         4151    .text.OS_Tick_Enable  RTX_CM4F.lib(os_systick.o)
    0x080007c4   0x080007c4   0x00000006   Code   RO         4157    .text.OS_Tick_GetIRQn  RTX_CM4F.lib(os_systick.o)
    0x080007ca   0x080007ca   0x00000002   PAD
    0x080007cc   0x080007cc   0x00000040   Code   RO         4149    .text.OS_Tick_Setup  RTX_CM4F.lib(os_systick.o)
    0x0800080c   0x0800080c   0x0000000c   Code   RO         3748    .text.OUTLINED_FUNCTION_0  RTX_CM4F.lib(rtx_kernel.o)
    0x08000818   0x08000818   0x00000006   Code   RO         3890    .text.OUTLINED_FUNCTION_0  RTX_CM4F.lib(rtx_thread.o)
    0x0800081e   0x0800081e   0x0000000c   Code   RO         4125    .text.OUTLINED_FUNCTION_0  RTX_CM4F.lib(rtx_msgqueue.o)
    0x0800082a   0x0800082a   0x00000006   Code   RO         3750    .text.OUTLINED_FUNCTION_1  RTX_CM4F.lib(rtx_kernel.o)
    0x08000830   0x08000830   0x00000064   Code   RO         3842    .text.ThreadFlagsCheck  RTX_CM4F.lib(rtx_thread.o)
    0x08000894   0x08000894   0x00000048   Code   RO         3942    .text.TimerInsert   RTX_CM4F.lib(rtx_timer.o)
    0x080008dc   0x080008dc   0x00000024   Code   RO         3908    .text.osDelay       RTX_CM4F.lib(rtx_delay.o)
    0x08000900   0x08000900   0x00000030   Code   RO         3700    .text.osKernelGetState  RTX_CM4F.lib(rtx_kernel.o)
    0x08000930   0x08000930   0x00000028   Code   RO         3716    .text.osKernelGetTickCount  RTX_CM4F.lib(rtx_kernel.o)
    0x08000958   0x08000958   0x0000002c   Code   RO         3694    .text.osKernelInitialize  RTX_CM4F.lib(rtx_kernel.o)
    0x08000984   0x08000984   0x00000024   Code   RO         3704    .text.osKernelStart  RTX_CM4F.lib(rtx_kernel.o)
    0x080009a8   0x080009a8   0x00000070   Code   RO         4085    .text.osMessageQueueGet  RTX_CM4F.lib(rtx_msgqueue.o)
    0x08000a18   0x08000a18   0x00000080   Code   RO         4083    .text.osMessageQueuePut  RTX_CM4F.lib(rtx_msgqueue.o)
    0x08000a98   0x08000a98   0x00000024   Code   RO         3974    .text.osMutexAcquire  RTX_CM4F.lib(rtx_mutex.o)
    0x08000abc   0x08000abc   0x00000024   Code   RO         3980    .text.osMutexDelete  RTX_CM4F.lib(rtx_mutex.o)
    0x08000ae0   0x08000ae0   0x00000024   Code   RO         3970    .text.osMutexNew    RTX_CM4F.lib(rtx_mutex.o)
    0x08000b04   0x08000b04   0x00000024   Code   RO         3976    .text.osMutexRelease  RTX_CM4F.lib(rtx_mutex.o)
    0x08000b28   0x08000b28   0x00000004   Code   RO         3692    .text.osRtxKernelErrorNotify  RTX_CM4F.lib(rtx_kernel.o)
    0x08000b2c   0x08000b2c   0x0000006c   Code   RO         4011    .text.osRtxMemoryAlloc  RTX_CM4F.lib(rtx_memory.o)
    0x08000b98   0x08000b98   0x00000042   Code   RO         4013    .text.osRtxMemoryFree  RTX_CM4F.lib(rtx_memory.o)
    0x08000bda   0x08000bda   0x00000036   Code   RO         4009    .text.osRtxMemoryInit  RTX_CM4F.lib(rtx_memory.o)
    0x08000c10   0x08000c10   0x0000003a   Code   RO         4025    .text.osRtxMemoryPoolAlloc  RTX_CM4F.lib(rtx_mempool.o)
    0x08000c4a   0x08000c4a   0x0000004a   Code   RO         4027    .text.osRtxMemoryPoolFree  RTX_CM4F.lib(rtx_mempool.o)
    0x08000c94   0x08000c94   0x00000038   Code   RO         4023    .text.osRtxMemoryPoolInit  RTX_CM4F.lib(rtx_mempool.o)
    0x08000ccc   0x08000ccc   0x000000aa   Code   RO         4107    .text.osRtxMessageQueuePostProcess  RTX_CM4F.lib(rtx_msgqueue.o)
    0x08000d76   0x08000d76   0x00000002   PAD
    0x08000d78   0x08000d78   0x00000028   Code   RO         4075    .text.osRtxMessageQueueTimerSetup  RTX_CM4F.lib(rtx_msgqueue.o)
    0x08000da0   0x08000da0   0x00000048   Code   RO         3966    .text.osRtxMutexOwnerRelease  RTX_CM4F.lib(rtx_mutex.o)
    0x08000de8   0x08000de8   0x00000042   Code   RO         3968    .text.osRtxMutexOwnerRestore  RTX_CM4F.lib(rtx_mutex.o)
    0x08000e2a   0x08000e2a   0x00000002   PAD
    0x08000e2c   0x08000e2c   0x0000008c   Code   RO         4137    .text.osRtxPendSV_Handler  RTX_CM4F.lib(rtx_system.o)
    0x08000eb8   0x08000eb8   0x00000074   Code   RO         4139    .text.osRtxPostProcess  RTX_CM4F.lib(rtx_system.o)
    0x08000f2c   0x08000f2c   0x00000038   Code   RO         3782    .text.osRtxThreadBlock  RTX_CM4F.lib(rtx_thread.o)
    0x08000f64   0x08000f64   0x00000080   Code   RO         3790    .text.osRtxThreadDelayInsert  RTX_CM4F.lib(rtx_thread.o)
    0x08000fe4   0x08000fe4   0x00000040   Code   RO         3786    .text.osRtxThreadDelayRemove  RTX_CM4F.lib(rtx_thread.o)
    0x08001024   0x08001024   0x0000004c   Code   RO         3772    .text.osRtxThreadDelayTick  RTX_CM4F.lib(rtx_thread.o)
    0x08001070   0x08001070   0x00000024   Code   RO         3874    .text.osRtxThreadDestroy  RTX_CM4F.lib(rtx_thread.o)
    0x08001094   0x08001094   0x00000054   Code   RO         3780    .text.osRtxThreadDispatch  RTX_CM4F.lib(rtx_thread.o)
    0x080010e8   0x080010e8   0x00000058   Code   RO         3866    .text.osRtxThreadFree  RTX_CM4F.lib(rtx_thread.o)
    0x08001140   0x08001140   0x0000001e   Code   RO         3872    .text.osRtxThreadJoinWakeup  RTX_CM4F.lib(rtx_thread.o)
    0x0800115e   0x0800115e   0x00000012   Code   RO         3764    .text.osRtxThreadListGet  RTX_CM4F.lib(rtx_thread.o)
    0x08001170   0x08001170   0x0000002c   Code   RO         3762    .text.osRtxThreadListPut  RTX_CM4F.lib(rtx_thread.o)
    0x0800119c   0x0800119c   0x00000014   Code   RO         3768    .text.osRtxThreadListRemove  RTX_CM4F.lib(rtx_thread.o)
    0x080011b0   0x080011b0   0x0000000c   Code   RO         3774    .text.osRtxThreadListRoot  RTX_CM4F.lib(rtx_thread.o)
    0x080011bc   0x080011bc   0x00000026   Code   RO         3766    .text.osRtxThreadListSort  RTX_CM4F.lib(rtx_thread.o)
    0x080011e2   0x080011e2   0x00000028   Code   RO         3840    .text.osRtxThreadPostProcess  RTX_CM4F.lib(rtx_thread.o)
    0x0800120a   0x0800120a   0x00000002   PAD
    0x0800120c   0x0800120c   0x00000014   Code   RO         3770    .text.osRtxThreadReadyPut  RTX_CM4F.lib(rtx_thread.o)
    0x08001220   0x08001220   0x00000014   Code   RO         3776    .text.osRtxThreadRegPtr  RTX_CM4F.lib(rtx_thread.o)
    0x08001234   0x08001234   0x0000003c   Code   RO         3792    .text.osRtxThreadStartup  RTX_CM4F.lib(rtx_thread.o)
    0x08001270   0x08001270   0x00000010   Code   RO         3778    .text.osRtxThreadSwitch  RTX_CM4F.lib(rtx_thread.o)
    0x08001280   0x08001280   0x0000003c   Code   RO         3788    .text.osRtxThreadWaitEnter  RTX_CM4F.lib(rtx_thread.o)
    0x080012bc   0x080012bc   0x00000030   Code   RO         3784    .text.osRtxThreadWaitExit  RTX_CM4F.lib(rtx_thread.o)
    0x080012ec   0x080012ec   0x00000078   Code   RO         4135    .text.osRtxTick_Handler  RTX_CM4F.lib(rtx_system.o)
    0x08001364   0x08001364   0x00000020   Code   RO         3924    .text.osRtxTimerSetup  RTX_CM4F.lib(rtx_timer.o)
    0x08001384   0x08001384   0x00000020   Code   RO         3928    .text.osRtxTimerThread  RTX_CM4F.lib(rtx_timer.o)
    0x080013a4   0x080013a4   0x00000070   Code   RO         3926    .text.osRtxTimerTick  RTX_CM4F.lib(rtx_timer.o)
    0x08001414   0x08001414   0x0000000c   Code   RO         3824    .text.osThreadExit  RTX_CM4F.lib(rtx_thread.o)
    0x08001420   0x08001420   0x00000058   Code   RO         3832    .text.osThreadFlagsSet  RTX_CM4F.lib(rtx_thread.o)
    0x08001478   0x08001478   0x00000024   Code   RO         3838    .text.osThreadFlagsWait  RTX_CM4F.lib(rtx_thread.o)
    0x0800149c   0x0800149c   0x00000024   Code   RO         3796    .text.osThreadNew   RTX_CM4F.lib(rtx_thread.o)
    0x080014c0   0x080014c0   0x00000024   Code   RO         3814    .text.osThreadYield  RTX_CM4F.lib(rtx_thread.o)
    0x080014e4   0x080014e4   0x00000016   Code   RO         3912    .text.svcRtxDelay   RTX_CM4F.lib(rtx_delay.o)
    0x080014fa   0x080014fa   0x00000002   PAD
    0x080014fc   0x080014fc   0x0000000c   Code   RO         3702    .text.svcRtxKernelGetState  RTX_CM4F.lib(rtx_kernel.o)
    0x08001508   0x08001508   0x0000000c   Code   RO         3718    .text.svcRtxKernelGetTickCount  RTX_CM4F.lib(rtx_kernel.o)
    0x08001514   0x08001514   0x00000100   Code   RO         3732    .text.svcRtxKernelInitialize  RTX_CM4F.lib(rtx_kernel.o)
    0x08001614   0x08001614   0x00000088   Code   RO         3734    .text.svcRtxKernelStart  RTX_CM4F.lib(rtx_kernel.o)
    0x0800169c   0x0800169c   0x000000d8   Code   RO         4119    .text.svcRtxMessageQueueGet  RTX_CM4F.lib(rtx_msgqueue.o)
    0x08001774   0x08001774   0x00000118   Code   RO         4077    .text.svcRtxMessageQueueNew  RTX_CM4F.lib(rtx_msgqueue.o)
    0x0800188c   0x0800188c   0x000000b4   Code   RO         4115    .text.svcRtxMessageQueuePut  RTX_CM4F.lib(rtx_msgqueue.o)
    0x08001940   0x08001940   0x00000090   Code   RO         3986    .text.svcRtxMutexAcquire  RTX_CM4F.lib(rtx_mutex.o)
    0x080019d0   0x080019d0   0x000000b0   Code   RO         3992    .text.svcRtxMutexDelete  RTX_CM4F.lib(rtx_mutex.o)
    0x08001a80   0x08001a80   0x00000068   Code   RO         3982    .text.svcRtxMutexNew  RTX_CM4F.lib(rtx_mutex.o)
    0x08001ae8   0x08001ae8   0x000000b4   Code   RO         3988    .text.svcRtxMutexRelease  RTX_CM4F.lib(rtx_mutex.o)
    0x08001b9c   0x08001b9c   0x0000004c   Code   RO         3870    .text.svcRtxThreadExit  RTX_CM4F.lib(rtx_thread.o)
    0x08001be8   0x08001be8   0x00000066   Code   RO         3882    .text.svcRtxThreadFlagsSet  RTX_CM4F.lib(rtx_thread.o)
    0x08001c4e   0x08001c4e   0x00000002   PAD
    0x08001c50   0x08001c50   0x0000004c   Code   RO         3888    .text.svcRtxThreadFlagsWait  RTX_CM4F.lib(rtx_thread.o)
    0x08001c9c   0x08001c9c   0x000001ec   Code   RO         3794    .text.svcRtxThreadNew  RTX_CM4F.lib(rtx_thread.o)
    0x08001e88   0x08001e88   0x00000038   Code   RO         3856    .text.svcRtxThreadYield  RTX_CM4F.lib(rtx_thread.o)
    0x08001ec0   0x08001ec0   0x00000004   Code   RO          165    i.BusFault_Handler  stm32f4xx_it.o
    0x08001ec4   0x08001ec4   0x00000002   Code   RO          166    i.DebugMon_Handler  stm32f4xx_it.o
    0x08001ec6   0x08001ec6   0x00000002   PAD
    0x08001ec8   0x08001ec8   0x0000009c   Code   RO          491    i.Disable_SPI_Clock  spi_stm32f4xx.o
    0x08001f64   0x08001f64   0x000001d8   Code   RO          492    i.Enable_GPIO_Clock  spi_stm32f4xx.o
    0x0800213c   0x0800213c   0x0000010c   Code   RO          493    i.Enable_SPI_Clock  spi_stm32f4xx.o
    0x08002248   0x08002248   0x00000004   Code   RO            4    i.Error_Handler     main.o
    0x0800224c   0x0800224c   0x0000003c   Code   RO          672    i.EventGetTS        eventrecorder.o
    0x08002288   0x08002288   0x000000d8   Code   RO          676    i.EventRecordItem   eventrecorder.o
    0x08002360   0x08002360   0x0000005c   Code   RO          678    i.EventRecorderDisable  eventrecorder.o
    0x080023bc   0x080023bc   0x0000005c   Code   RO          679    i.EventRecorderEnable  eventrecorder.o
    0x08002418   0x08002418   0x00000128   Code   RO          680    i.EventRecorderInitialize  eventrecorder.o
    0x08002540   0x08002540   0x00000030   Code   RO          681    i.EventRecorderStart  eventrecorder.o
    0x08002570   0x08002570   0x0000000c   Code   RO          683    i.EventRecorderTimerGetCount  eventrecorder.o
    0x0800257c   0x0800257c   0x0000000c   Code   RO          684    i.EventRecorderTimerGetFreq  eventrecorder.o
    0x08002588   0x08002588   0x00000024   Code   RO          685    i.EventRecorderTimerSetup  eventrecorder.o
    0x080025ac   0x080025ac   0x00000028   Code   RO         1498    i.HAL_DMA_Abort_IT  stm32f4xx_hal_dma.o
    0x080025d4   0x080025d4   0x00000180   Code   RO         1641    i.HAL_GPIO_DeInit   stm32f4xx_hal_gpio.o
    0x08002754   0x08002754   0x0000021c   Code   RO         1644    i.HAL_GPIO_Init     stm32f4xx_hal_gpio.o
    0x08002970   0x08002970   0x0000000c   Code   RO         1648    i.HAL_GPIO_WritePin  stm32f4xx_hal_gpio.o
    0x0800297c   0x0800297c   0x0000000c   Code   RO          895    i.HAL_GetREVID      stm32f4xx_hal.o
    0x08002988   0x08002988   0x0000004c   Code   RO            5    i.HAL_GetTick       main.o
    0x080029d4   0x080029d4   0x00000030   Code   RO          903    i.HAL_Init          stm32f4xx_hal.o
    0x08002a04   0x08002a04   0x00000006   Code   RO            6    i.HAL_InitTick      main.o
    0x08002a0a   0x08002a0a   0x00000002   Code   RO          906    i.HAL_MspInit       stm32f4xx_hal.o
    0x08002a0c   0x08002a0c   0x0000002c   Code   RO         1358    i.HAL_NVIC_DisableIRQ  stm32f4xx_hal_cortex.o
    0x08002a38   0x08002a38   0x00000028   Code   RO         1366    i.HAL_NVIC_SetPriorityGrouping  stm32f4xx_hal_cortex.o
    0x08002a60   0x08002a60   0x00000184   Code   RO         1900    i.HAL_RCC_ClockConfig  stm32f4xx_hal_rcc.o
    0x08002be4   0x08002be4   0x0000000c   Code   RO         1905    i.HAL_RCC_GetHCLKFreq  stm32f4xx_hal_rcc.o
    0x08002bf0   0x08002bf0   0x00000020   Code   RO         1908    i.HAL_RCC_GetPCLK2Freq  stm32f4xx_hal_rcc.o
    0x08002c10   0x08002c10   0x000000b0   Code   RO         1909    i.HAL_RCC_GetSysClockFreq  stm32f4xx_hal_rcc.o
    0x08002cc0   0x08002cc0   0x00000488   Code   RO         1912    i.HAL_RCC_OscConfig  stm32f4xx_hal_rcc.o
    0x08003148   0x08003148   0x00000004   Code   RO          167    i.HardFault_Handler  stm32f4xx_it.o
    0x0800314c   0x0800314c   0x00000050   Code   RO          264    i.Init_Pins_SD      sd.o
    0x0800319c   0x0800319c   0x00000080   Code   RO          265    i.Init_SD           sd.o
    0x0800321c   0x0800321c   0x00000034   Code   RO          266    i.Init_SPI_SD       sd.o
    0x08003250   0x08003250   0x0000001c   Code   RO          267    i.Init_th_SD        sd.o
    0x0800326c   0x0800326c   0x00000004   Code   RO          168    i.MemManage_Handler  stm32f4xx_it.o
    0x08003270   0x08003270   0x00000002   Code   RO          169    i.NMI_Handler       stm32f4xx_it.o
    0x08003272   0x08003272   0x00000002   PAD
    0x08003274   0x08003274   0x0000002c   Code   RO          268    i.SD_SPI_TxRx       sd.o
    0x080032a0   0x080032a0   0x00000018   Code   RO          494    i.SPI1_Control      spi_stm32f4xx.o
    0x080032b8   0x080032b8   0x00000010   Code   RO          495    i.SPI1_GetDataCount  spi_stm32f4xx.o
    0x080032c8   0x080032c8   0x00000010   Code   RO          496    i.SPI1_GetStatus    spi_stm32f4xx.o
    0x080032d8   0x080032d8   0x00000010   Code   RO          497    i.SPI1_IRQHandler   spi_stm32f4xx.o
    0x080032e8   0x080032e8   0x00000014   Code   RO          498    i.SPI1_Initialize   spi_stm32f4xx.o
    0x080032fc   0x080032fc   0x00000014   Code   RO          499    i.SPI1_PowerControl  spi_stm32f4xx.o
    0x08003310   0x08003310   0x00000018   Code   RO          500    i.SPI1_Receive      spi_stm32f4xx.o
    0x08003328   0x08003328   0x00000018   Code   RO          501    i.SPI1_Send         spi_stm32f4xx.o
    0x08003340   0x08003340   0x0000001c   Code   RO          502    i.SPI1_Transfer     spi_stm32f4xx.o
    0x0800335c   0x0800335c   0x00000010   Code   RO          503    i.SPI1_Uninitialize  spi_stm32f4xx.o
    0x0800336c   0x0800336c   0x0000000c   Code   RO          504    i.SPIX_GetCapabilities  spi_stm32f4xx.o
    0x08003378   0x08003378   0x00000010   Code   RO          505    i.SPIX_GetVersion   spi_stm32f4xx.o
    0x08003388   0x08003388   0x0000050a   Code   RO          506    i.SPI_Control       spi_stm32f4xx.o
    0x08003892   0x08003892   0x00000008   Code   RO          507    i.SPI_GetDataCount  spi_stm32f4xx.o
    0x0800389a   0x0800389a   0x0000002c   Code   RO          508    i.SPI_GetStatus     spi_stm32f4xx.o
    0x080038c6   0x080038c6   0x00000106   Code   RO          509    i.SPI_IRQHandler    spi_stm32f4xx.o
    0x080039cc   0x080039cc   0x000000d4   Code   RO          510    i.SPI_Initialize    spi_stm32f4xx.o
    0x08003aa0   0x08003aa0   0x00000124   Code   RO          511    i.SPI_PeripheralReset  spi_stm32f4xx.o
    0x08003bc4   0x08003bc4   0x00000104   Code   RO          512    i.SPI_PowerControl  spi_stm32f4xx.o
    0x08003cc8   0x08003cc8   0x00000088   Code   RO          513    i.SPI_Receive       spi_stm32f4xx.o
    0x08003d50   0x08003d50   0x00000056   Code   RO          514    i.SPI_RxData        spi_stm32f4xx.o
    0x08003da6   0x08003da6   0x00000088   Code   RO          515    i.SPI_Send          spi_stm32f4xx.o
    0x08003e2e   0x08003e2e   0x00000076   Code   RO          516    i.SPI_Transfer      spi_stm32f4xx.o
    0x08003ea4   0x08003ea4   0x00000054   Code   RO          517    i.SPI_TxData        spi_stm32f4xx.o
    0x08003ef8   0x08003ef8   0x00000066   Code   RO          518    i.SPI_Uninitialize  spi_stm32f4xx.o
    0x08003f5e   0x08003f5e   0x00000002   PAD
    0x08003f60   0x08003f60   0x000000c0   Code   RO            7    i.SystemClock_Config  main.o
    0x08004020   0x08004020   0x000000c0   Code   RO         3355    i.SystemCoreClockUpdate  system_stm32f4xx.o
    0x080040e0   0x080040e0   0x0000001c   Code   RO         3356    i.SystemInit        system_stm32f4xx.o
    0x080040fc   0x080040fc   0x00000004   Code   RO          170    i.UsageFault_Handler  stm32f4xx_it.o
    0x08004100   0x08004100   0x00000016   Code   RO          353    i._mutex_acquire    rtx_lib.o
    0x08004116   0x08004116   0x0000000c   Code   RO          354    i._mutex_free       rtx_lib.o
    0x08004122   0x08004122   0x00000022   Code   RO          355    i._mutex_initialize  rtx_lib.o
    0x08004144   0x08004144   0x00000012   Code   RO          356    i._mutex_release    rtx_lib.o
    0x08004156   0x08004156   0x00000008   Code   RO          357    i._platform_post_stackheap_init  rtx_lib.o
    0x0800415e   0x0800415e   0x00000042   Code   RO          687    i.crc16_ccitt       eventrecorder.o
    0x080041a0   0x080041a0   0x000000e8   Code   RO          358    i.evr_initialize    rtx_lib.o
    0x08004288   0x08004288   0x00000028   Code   RO          222    i.init_th_prueba_com  prueba_thsd.o
    0x080042b0   0x080042b0   0x00000020   Code   RO            8    i.main              main.o
    0x080042d0   0x080042d0   0x0000001c   Code   RO          271    i.mySPI_Callback    sd.o
    0x080042ec   0x080042ec   0x00000022   Code   RO          457    i.osRtxErrorNotify  rtx_config.o
    0x0800430e   0x0800430e   0x00000004   Code   RO          458    i.osRtxIdleThread   rtx_config.o
    0x08004312   0x08004312   0x0000000e   Code   RO          359    i.osRtxKernelPreInit  rtx_lib.o
    0x08004320   0x08004320   0x00000020   Code   RO          360    i.os_kernel_is_active  rtx_lib.o
    0x08004340   0x08004340   0x00000014   Code   RO          272    i.th_SD             sd.o
    0x08004354   0x08004354   0x00000004   Code   RO          223    i.th_prueba_SD      prueba_thsd.o
    0x08004358   0x08004358   0x0000000a   Code   RO         4298    x$fpl$fpinit        fz_wm.l(fpinit.o)
    0x08004362   0x08004362   0x00000002   PAD
    0x08004364   0x08004364   0x00000068   Data   RO          368    .constdata          rtx_lib.o
    0x080043cc   0x080043cc   0x00000090   Data   RO          520    .constdata          spi_stm32f4xx.o
    0x0800445c   0x0800445c   0x00000018   Data   RO          689    .constdata          eventrecorder.o
    0x08004474   0x08004474   0x00000018   Data   RO         3357    .constdata          system_stm32f4xx.o
    0x0800448c   0x0800448c   0x000000a8   Data   RO          370    .rodata             rtx_lib.o
    0x08004534   0x08004534   0x00000001   Data   RO         4002    .rodata             RTX_CM4F.lib(irq_armv7m.o)
    0x08004535   0x08004535   0x00000003   PAD
    0x08004538   0x08004538   0x0000000b   Data   RO         3752    .rodata.str1.4      RTX_CM4F.lib(rtx_kernel.o)
    0x08004543   0x08004543   0x00000001   PAD
    0x08004544   0x08004544   0x00000020   Data   RO         4356    Region$$Table       anon$$obj.o


    Execution Region RW_IRAM1 (Exec base: 0x20000000, Load base: 0x08004564, Size: 0x00009168, Max: 0x00030000, ABSOLUTE, COMPRESSED[0x00000124])

    Exec Addr    Load Addr    Size         Type   Attr      Idx    E Section Name        Object

    0x20000000   COMPRESSED   0x00008040   Data   RW          361    .bss.os             rtx_lib.o
    0x20008040   COMPRESSED   0x00000034   Data   RW          363    .bss.os.msgqueue.cb  rtx_lib.o
    0x20008074   COMPRESSED   0x00000050   Data   RW          364    .bss.os.msgqueue.mem  rtx_lib.o
    0x200080c4   COMPRESSED   0x00000088   Data   RW          365    .bss.os.thread.cb   rtx_lib.o
    0x2000814c   COMPRESSED   0x00000004   PAD
    0x20008150   COMPRESSED   0x00000200   Data   RW          366    .bss.os.thread.idle.stack  rtx_lib.o
    0x20008350   COMPRESSED   0x00000200   Data   RW          367    .bss.os.thread.timer.stack  rtx_lib.o
    0x20008550   COMPRESSED   0x00000004   Data   RW            9    .data               main.o
    0x20008554   COMPRESSED   0x00000004   Data   RW          224    .data               prueba_thsd.o
    0x20008558   COMPRESSED   0x0000000d   Data   RW          273    .data               sd.o
    0x20008565   COMPRESSED   0x00000001   Data   RW          369    .data               rtx_lib.o
    0x20008566   COMPRESSED   0x00000002   PAD
    0x20008568   COMPRESSED   0x00000009   Data   RW          910    .data               stm32f4xx_hal.o
    0x20008571   COMPRESSED   0x00000003   PAD
    0x20008574   COMPRESSED   0x00000004   Data   RW         3358    .data               system_stm32f4xx.o
    0x20008578   COMPRESSED   0x000000a4   Data   RW         3753    .data.os            RTX_CM4F.lib(rtx_kernel.o)
    0x2000861c        -       0x0000002c   Zero   RW          519    .bss                spi_stm32f4xx.o
    0x20008648        -       0x00000060   Zero   RW         4228    .bss                c_w.l(libspace.o)
    0x200086a8   COMPRESSED   0x00000018   PAD
    0x200086c0        -       0x000004a4   Zero   RW          688    .bss.noinit         eventrecorder.o
    0x20008b64        -       0x00000001   Zero   RW         4167    .bss.os             RTX_CM4F.lib(os_systick.o)
    0x20008b65   COMPRESSED   0x00000003   PAD
    0x20008b68        -       0x00000200   Zero   RW         3346    HEAP                startup_stm32f429xx.o
    0x20008d68        -       0x00000400   Zero   RW         3345    STACK               startup_stm32f429xx.o


==============================================================================

Image component sizes


      Code (inc. data)   RO Data    RW Data    ZI Data      Debug   Object Name

      1046         76         24          0       1188      12983   eventrecorder.o
       310         24          0          4          0     714956   main.o
        44          8          0          4          0       5126   prueba_thsd.o
        38          0          0          0          0       1197   rtx_config.o
       372          4        272      34125          0      14331   rtx_lib.o
       380         50          0         13          0       9475   sd.o
      4158        212        144          0         44      55919   spi_stm32f4xx.o
        64         26        428          0       1536        932   startup_stm32f429xx.o
        62          8          0          9          0       8707   stm32f4xx_hal.o
        84         14          0          0          0      31780   stm32f4xx_hal_cortex.o
        40          0          0          0          0       1343   stm32f4xx_hal_dma.o
       936        102          0          0          0       3594   stm32f4xx_hal_gpio.o
      1768         74          0          0          0       5565   stm32f4xx_hal_rcc.o
        20          0          0          0          0       3057   stm32f4xx_it.o
       220         26         24          4          0       2295   system_stm32f4xx.o

    ----------------------------------------------------------------------
      9548        624        924      34168       2768     871260   Object Totals
         0          0         32          0          0          0   (incl. Generated)
         6          0          0          9          0          0   (incl. Padding)

    ----------------------------------------------------------------------

      Code (inc. data)   RO Data    RW Data    ZI Data      Debug   Library Member Name

       200         12          1          0          0        634   irq_armv7m.o
       126         32          0          0          1       3200   os_systick.o
        58          4          0          0          0       2791   rtx_delay.o
       606         60         11        164          0      16501   rtx_kernel.o
       228          0          0          0          0       2537   rtx_memory.o
       188          0          0          0          0      16008   rtx_mempool.o
      1318         32          0          0          0      18657   rtx_msgqueue.o
       886         32          0          0          0       9962   rtx_mutex.o
       376         26          0          0          0       5296   rtx_system.o
      2074        104          0          0          0      31847   rtx_thread.o
       248         16          0          0          0      10397   rtx_timer.o
        58          0          0          0          0          0   __dczerorl.o
         8          0          0          0          0         68   __main.o
         0          0          0          0          0          0   __rtentry.o
        20          0          0          0          0          0   __rtentry2.o
         6          0          0          0          0          0   __rtentry4.o
        52          8          0          0          0          0   __scatter.o
        28          0          0          0          0          0   __scatter_zi.o
        18          0          0          0          0         80   exit.o
         6          0          0          0          0        152   heapauxi.o
         0          0          0          0          0          0   indicate_semi.o
         2          0          0          0          0          0   libinit.o
         6          0          0          0          0          0   libinit2.o
         2          0          0          0          0          0   libshutdown.o
         2          0          0          0          0          0   libshutdown2.o
         8          4          0          0         96         68   libspace.o
       238          0          0          0          0        100   lludivv7m.o
        68          0          0          0          0         68   rt_memclr.o
        78          0          0          0          0         80   rt_memclr_w.o
       138          0          0          0          0         68   rt_memcpy_v6.o
       100          0          0          0          0         80   rt_memcpy_w.o
         2          0          0          0          0          0   rtexit.o
        10          0          0          0          0          0   rtexit2.o
        12          4          0          0          0         68   sys_exit.o
        74          0          0          0          0         80   sys_stackheap_outer.o
         2          0          0          0          0         68   use_no_semi.o
        10          0          0          0          0        116   fpinit.o

    ----------------------------------------------------------------------
      7276        334         16        164        124     118926   Library Totals
        20          0          4          0         27          0   (incl. Padding)

    ----------------------------------------------------------------------

      Code (inc. data)   RO Data    RW Data    ZI Data      Debug   Library Name

      6308        318         12        164          1     117830   RTX_CM4F.lib
       938         16          0          0         96        980   c_w.l
        10          0          0          0          0        116   fz_wm.l

    ----------------------------------------------------------------------
      7276        334         16        164        124     118926   Library Totals

    ----------------------------------------------------------------------

==============================================================================


      Code (inc. data)   RO Data    RW Data    ZI Data      Debug   

     16824        958        940      34332       2892     981726   Grand Totals
     16824        958        940        292       2892     981726   ELF Image Totals (compressed)
     16824        958        940        292          0          0   ROM Totals

==============================================================================

    Total RO  Size (Code + RO Data)                17764 (  17.35kB)
    Total RW  Size (RW Data + ZI Data)             37224 (  36.35kB)
    Total ROM Size (Code + RO Data + RW Data)      18056 (  17.63kB)

==============================================================================

