Component: ARM Compiler 6.16 Tool: armlink [5dfeaa00]

==============================================================================

Section Cross References

    main.o(.text.HAL_GetTick) refers to rtx_kernel.o(.text.osKernelGetState) for osKernelGetState
    main.o(.text.HAL_GetTick) refers to rtx_kernel.o(.text.osKernelGetTickCount) for osKernelGetTickCount
    main.o(.text.HAL_GetTick) refers to system_stm32f4xx.o(.data.SystemCoreClock) for SystemCoreClock
    main.o(.text.HAL_GetTick) refers to main.o(.bss.HAL_GetTick.ticks) for HAL_GetTick.ticks
    main.o(.ARM.exidx.text.HAL_GetTick) refers to main.o(.text.HAL_GetTick) for [Anonymous Symbol]
    main.o(.ARM.exidx.text.HAL_InitTick) refers to main.o(.text.HAL_InitTick) for [Anonymous Symbol]
    main.o(.text.main) refers to stm32f4xx_hal.o(.text.HAL_Init) for HAL_Init
    main.o(.text.main) refers to main.o(.text.SystemClock_Config) for SystemClock_Config
    main.o(.text.main) refers to system_stm32f4xx.o(.text.SystemCoreClockUpdate) for SystemCoreClockUpdate
    main.o(.text.main) refers to rtx_kernel.o(.text.osKernelInitialize) for osKernelInitialize
    main.o(.text.main) refers to com.o(.text.init_thcom) for init_thcom
    main.o(.text.main) refers to prueba_thcom.o(.text.init_th_prueba_com) for init_th_prueba_com
    main.o(.text.main) refers to rtx_kernel.o(.text.osKernelStart) for osKernelStart
    main.o(.ARM.exidx.text.main) refers to main.o(.text.main) for [Anonymous Symbol]
    main.o(.text.SystemClock_Config) refers to stm32f4xx_hal_rcc.o(.text.HAL_RCC_OscConfig) for HAL_RCC_OscConfig
    main.o(.text.SystemClock_Config) refers to stm32f4xx_hal_rcc.o(.text.HAL_RCC_ClockConfig) for HAL_RCC_ClockConfig
    main.o(.text.SystemClock_Config) refers to stm32f4xx_hal.o(.text.HAL_GetREVID) for HAL_GetREVID
    main.o(.ARM.exidx.text.SystemClock_Config) refers to main.o(.text.SystemClock_Config) for [Anonymous Symbol]
    stm32f4xx_it.o(.ARM.exidx.text.NMI_Handler) refers to stm32f4xx_it.o(.text.NMI_Handler) for [Anonymous Symbol]
    stm32f4xx_it.o(.ARM.exidx.text.HardFault_Handler) refers to stm32f4xx_it.o(.text.HardFault_Handler) for [Anonymous Symbol]
    stm32f4xx_it.o(.ARM.exidx.text.MemManage_Handler) refers to stm32f4xx_it.o(.text.MemManage_Handler) for [Anonymous Symbol]
    stm32f4xx_it.o(.ARM.exidx.text.BusFault_Handler) refers to stm32f4xx_it.o(.text.BusFault_Handler) for [Anonymous Symbol]
    stm32f4xx_it.o(.ARM.exidx.text.UsageFault_Handler) refers to stm32f4xx_it.o(.text.UsageFault_Handler) for [Anonymous Symbol]
    stm32f4xx_it.o(.ARM.exidx.text.DebugMon_Handler) refers to stm32f4xx_it.o(.text.DebugMon_Handler) for [Anonymous Symbol]
    com.o(.text.init_thcom) refers to com.o(.text.th_com_Tx) for th_com_Tx
    com.o(.text.init_thcom) refers to rtx_thread.o(.text.osThreadNew) for osThreadNew
    com.o(.text.init_thcom) refers to com.o(.bss.thcom_Tx) for thcom_Tx
    com.o(.text.init_thcom) refers to com.o(.text.th_com_Rx) for th_com_Rx
    com.o(.text.init_thcom) refers to com.o(.bss.thcom_Rx) for thcom_Rx
    com.o(.text.init_thcom) refers to rtx_msgqueue.o(.text.osMessageQueueNew) for osMessageQueueNew
    com.o(.text.init_thcom) refers to com.o(.bss.qCom_Tx) for qCom_Tx
    com.o(.text.init_thcom) refers to com.o(.bss.qCom_Rx) for qCom_Rx
    com.o(.text.init_thcom) refers to com.o(.text.init_uart) for init_uart
    com.o(.ARM.exidx.text.init_thcom) refers to com.o(.text.init_thcom) for [Anonymous Symbol]
    com.o(.text.th_com_Tx) refers to com.o(.data.uart) for uart
    com.o(.text.th_com_Tx) refers to rtx_thread.o(.text.osThreadFlagsWait) for osThreadFlagsWait
    com.o(.text.th_com_Tx) refers to rtx_thread.o(.text.osThreadYield) for osThreadYield
    com.o(.text.th_com_Tx) refers to com.o(.bss.qCom_Tx) for qCom_Tx
    com.o(.text.th_com_Tx) refers to rtx_msgqueue.o(.text.osMessageQueueGet) for osMessageQueueGet
    com.o(.text.th_com_Tx) refers to rt_memcpy_v6.o(.text) for __aeabi_memcpy
    com.o(.ARM.exidx.text.th_com_Tx) refers to com.o(.text.th_com_Tx) for [Anonymous Symbol]
    com.o(.text.th_com_Rx) refers to com.o(.data.uart) for uart
    com.o(.text.th_com_Rx) refers to rtx_thread.o(.text.osThreadYield) for osThreadYield
    com.o(.text.th_com_Rx) refers to rtx_thread.o(.text.osThreadFlagsWait) for osThreadFlagsWait
    com.o(.text.th_com_Rx) refers to com.o(.text.procesar_trama) for procesar_trama
    com.o(.text.th_com_Rx) refers to rt_memclr_w.o(.text) for __aeabi_memclr4
    com.o(.ARM.exidx.text.th_com_Rx) refers to com.o(.text.th_com_Rx) for [Anonymous Symbol]
    com.o(.text.init_uart) refers to com.o(.data.uart) for uart
    com.o(.text.init_uart) refers to com.o(.text.uart_callback) for uart_callback
    com.o(.ARM.exidx.text.init_uart) refers to com.o(.text.init_uart) for [Anonymous Symbol]
    com.o(.text.procesar_trama) refers to com.o(.bss.qCom_Rx) for qCom_Rx
    com.o(.text.procesar_trama) refers to rtx_msgqueue.o(.text.osMessageQueuePut) for osMessageQueuePut
[...]
    DMA1_Stream4_IRQHandler                  0x0800034f   Thumb Code     0  startup_stm32f429xx.o(.text)
    DMA1_Stream5_IRQHandler                  0x0800034f   Thumb Code     0  startup_stm32f429xx.o(.text)
    DMA1_Stream6_IRQHandler                  0x0800034f   Thumb Code     0  startup_stm32f429xx.o(.text)
    DMA1_Stream7_IRQHandler                  0x0800034f   Thumb Code     0  startup_stm32f429xx.o(.text)
    DMA2D_IRQHandler                         0x0800034f   Thumb Code     0  startup_stm32f429xx.o(.text)
    DMA2_Stream0_IRQHandler                  0x0800034f   Thumb Code     0  startup_stm32f429xx.o(.text)
    DMA2_Stream1_IRQHandler                  0x0800034f   Thumb Code     0  startup_stm32f429xx.o(.text)
    DMA2_Stream2_IRQHandler                  0x0800034f   Thumb Code     0  startup_stm32f429xx.o(.text)
    DMA2_Stream3_IRQHandler                  0x0800034f   Thumb Code     0  startup_stm32f429xx.o(.text)
    DMA2_Stream4_IRQHandler                  0x0800034f   Thumb Code     0  startup_stm32f429xx.o(.text)
    DMA2_Stream5_IRQHandler                  0x0800034f   Thumb Code     0  startup_stm32f429xx.o(.text)
    DMA2_Stream6_IRQHandler                  0x0800034f   Thumb Code     0  startup_stm32f429xx.o(.text)
    DMA2_Stream7_IRQHandler                  0x0800034f   Thumb Code     0  startup_stm32f429xx.o(.text)
    ETH_IRQHandler                           0x0800034f   Thumb Code     0  startup_stm32f429xx.o(.text)
    ETH_WKUP_IRQHandler                      0x0800034f   Thumb Code     0  startup_stm32f429xx.o(.text)
    EXTI0_IRQHandler                         0x0800034f   Thumb Code     0  startup_stm32f429xx.o(.text)
    EXTI15_10_IRQHandler                     0x0800034f   Thumb Code     0  startup_stm32f429xx.o(.text)
    EXTI1_IRQHandler                         0x0800034f   Thumb Code     0  startup_stm32f429xx.o(.text)
    EXTI2_IRQHandler                         0x0800034f   Thumb Code     0  startup_stm32f429xx.o(.text)
    EXTI3_IRQHandler                         0x0800034f   Thumb Code     0  startup_stm32f429xx.o(.text)
    EXTI4_IRQHandler                         0x0800034f   Thumb Code     0  startup_stm32f429xx.o(.text)
    EXTI9_5_IRQHandler                       0x0800034f   Thumb Code     0  startup_stm32f429xx.o(.text)
    FLASH_IRQHandler                         0x0800034f   Thumb Code     0  startup_stm32f429xx.o(.text)
    FMC_IRQHandler                           0x0800034f   Thumb Code     0  startup_stm32f429xx.o(.text)
    FPU_IRQHandler                           0x0800034f   Thumb Code     0  startup_stm32f429xx.o(.text)
    HASH_RNG_IRQHandler                      0x0800034f   Thumb Code     0  startup_stm32f429xx.o(.text)
    I2C1_ER_IRQHandler                       0x0800034f   Thumb Code     0  startup_stm32f429xx.o(.text)
    I2C1_EV_IRQHandler                       0x0800034f   Thumb Code     0  startup_stm32f429xx.o(.text)
    I2C2_ER_IRQHandler                       0x0800034f   Thumb Code     0  startup_stm32f429xx.o(.text)
    I2C2_EV_IRQHandler                       0x0800034f   Thumb Code     0  startup_stm32f429xx.o(.text)
    I2C3_ER_IRQHandler                       0x0800034f   Thumb Code     0  startup_stm32f429xx.o(.text)
    I2C3_EV_IRQHandler                       0x0800034f   Thumb Code     0  startup_stm32f429xx.o(.text)
    LTDC_ER_IRQHandler                       0x0800034f   Thumb Code     0  startup_stm32f429xx.o(.text)
    LTDC_IRQHandler                          0x0800034f   Thumb Code     0  startup_stm32f429xx.o(.text)
    OTG_FS_IRQHandler                        0x0800034f   Thumb Code     0  startup_stm32f429xx.o(.text)
    OTG_FS_WKUP_IRQHandler                   0x0800034f   Thumb Code     0  startup_stm32f429xx.o(.text)
    OTG_HS_EP1_IN_IRQHandler                 0x0800034f   Thumb Code     0  startup_stm32f429xx.o(.text)
    OTG_HS_EP1_OUT_IRQHandler                0x0800034f   Thumb Code     0  startup_stm32f429xx.o(.text)
    OTG_HS_IRQHandler                        0x0800034f   Thumb Code     0  startup_stm32f429xx.o(.text)
    OTG_HS_WKUP_IRQHandler                   0x0800034f   Thumb Code     0  startup_stm32f429xx.o(.text)
    PVD_IRQHandler                           0x0800034f   Thumb Code     0  startup_stm32f429xx.o(.text)
    RCC_IRQHandler                           0x0800034f   Thumb Code     0  startup_stm32f429xx.o(.text)
    RTC_Alarm_IRQHandler                     0x0800034f   Thumb Code     0  startup_stm32f429xx.o(.text)
    RTC_WKUP_IRQHandler                      0x0800034f   Thumb Code     0  startup_stm32f429xx.o(.text)
    SAI1_IRQHandler                          0x0800034f   Thumb Code     0  startup_stm32f429xx.o(.text)
    SDIO_IRQHandler                          0x0800034f   Thumb Code     0  startup_stm32f429xx.o(.text)
    SPI1_IRQHandler                          0x0800034f   Thumb Code     0  startup_stm32f429xx.o(.text)
    SPI2_IRQHandler                          0x0800034f   Thumb Code     0  startup_stm32f429xx.o(.text)
    SPI3_IRQHandler                          0x0800034f   Thumb Code     0  startup_stm32f429xx.o(.text)
    SPI4_IRQHandler                          0x0800034f   Thumb Code     0  startup_stm32f429xx.o(.text)
    SPI5_IRQHandler                          0x0800034f   Thumb Code     0  startup_stm32f429xx.o(.text)
    SPI6_IRQHandler                          0x0800034f   Thumb Code     0  startup_stm32f429xx.o(.text)
    TAMP_STAMP_IRQHandler                    0x0800034f   Thumb Code     0  startup_stm32f429xx.o(.text)
    TIM1_BRK_TIM9_IRQHandler                 0x0800034f   Thumb Code     0  startup_stm32f429xx.o(.text)
    TIM1_CC_IRQHandler                       0x0800034f   Thumb Code     0  startup_stm32f429xx.o(.text)
    TIM1_TRG_COM_TIM11_IRQHandler            0x0800034f   Thumb Code     0  startup_stm32f429xx.o(.text)
    TIM1_UP_TIM10_IRQHandler                 0x0800034f   Thumb Code     0  startup_stm32f429xx.o(.text)
    TIM2_IRQHandler                          0x0800034f   Thumb Code     0  startup_stm32f429xx.o(.text)
    TIM3_IRQHandler                          0x0800034f   Thumb Code     0  startup_stm32f429xx.o(.text)
    TIM4_IRQHandler                          0x0800034f   Thumb Code     0  startup_stm32f429xx.o(.text)
    TIM5_IRQHandler                          0x0800034f   Thumb Code     0  startup_stm32f429xx.o(.text)
    TIM6_DAC_IRQHandler                      0x0800034f   Thumb Code     0  startup_stm32f429xx.o(.text)
    TIM7_IRQHandler                          0x0800034f   Thumb Code     0  startup_stm32f429xx.o(.text)
    TIM8_BRK_TIM12_IRQHandler                0x0800034f   Thumb Code     0  startup_stm32f429xx.o(.text)
    TIM8_CC_IRQHandler                       0x0800034f   Thumb Code     0  startup_stm32f429xx.o(.text)
    TIM8_TRG_COM_TIM14_IRQHandler            0x0800034f   Thumb Code     0  startup_stm32f429xx.o(.text)
    TIM8_UP_TIM13_IRQHandler                 0x0800034f   Thumb Code     0  startup_stm32f429xx.o(.text)
    UART4_IRQHandler                         0x0800034f   Thumb Code     0  startup_stm32f429xx.o(.text)
    UART5_IRQHandler                         0x0800034f   Thumb Code     0  startup_stm32f429xx.o(.text)
    UART7_IRQHandler                         0x0800034f   Thumb Code     0  startup_stm32f429xx.o(.text)
    UART8_IRQHandler                         0x0800034f   Thumb Code     0  startup_stm32f429xx.o(.text)
    USART1_IRQHandler                        0x0800034f   Thumb Code     0  startup_stm32f429xx.o(.text)
    USART2_IRQHandler                        0x0800034f   Thumb Code     0  startup_stm32f429xx.o(.text)
    USART6_IRQHandler                        0x0800034f   Thumb Code     0  startup_stm32f429xx.o(.text)
    WWDG_IRQHandler                          0x0800034f   Thumb Code     0  startup_stm32f429xx.o(.text)
    __user_initial_stackheap                 0x08000351   Thumb Code     0  startup_stm32f429xx.o(.text)
    __aeabi_uldivmod                         0x08000375   Thumb Code     0  lludivv7m.o(.text)
    _ll_udiv                                 0x08000375   Thumb Code   240  lludivv7m.o(.text)
    __2sprintf                               0x08000465   Thumb Code    38  __2sprintf.o(.text)
    __printf                                 0x08000491   Thumb Code   270  __printf_wp.o(.text)
    __aeabi_memcpy                           0x0800059f   Thumb Code     0  rt_memcpy_v6.o(.text)
    __rt_memcpy                              0x0800059f   Thumb Code   138  rt_memcpy_v6.o(.text)
    _memcpy_lastbytes                        0x08000605   Thumb Code     0  rt_memcpy_v6.o(.text)
    __aeabi_memset4                          0x08000629   Thumb Code    16  aeabi_memset4.o(.text)
    __aeabi_memset8                          0x08000629   Thumb Code     0  aeabi_memset4.o(.text)
    __aeabi_memclr                           0x08000639   Thumb Code     0  rt_memclr.o(.text)
    __rt_memclr                              0x08000639   Thumb Code     0  rt_memclr.o(.text)
    _memset                                  0x0800063d   Thumb Code    64  rt_memclr.o(.text)
    __aeabi_memclr4                          0x0800067d   Thumb Code     0  rt_memclr_w.o(.text)
    __aeabi_memclr8                          0x0800067d   Thumb Code     0  rt_memclr_w.o(.text)
    __rt_memclr_w                            0x0800067d   Thumb Code     0  rt_memclr_w.o(.text)
    _memset_w                                0x08000681   Thumb Code    74  rt_memclr_w.o(.text)
    __use_two_region_memory                  0x080006cb   Thumb Code     2  heapauxi.o(.text)
    __rt_heap_escrow$2region                 0x080006cd   Thumb Code     2  heapauxi.o(.text)
    __rt_heap_expand$2region                 0x080006cf   Thumb Code     2  heapauxi.o(.text)
    _printf_fp_dec_real                      0x08000881   Thumb Code   620  _printf_fp_dec.o(.text)
    _printf_char_common                      0x08000af7   Thumb Code    32  _printf_char_common.o(.text)
    _sputc                                   0x08000b1d   Thumb Code    10  _sputc.o(.text)
    __aeabi_memcpy4                          0x08000b27   Thumb Code     0  rt_memcpy_w.o(.text)
    __aeabi_memcpy8                          0x08000b27   Thumb Code     0  rt_memcpy_w.o(.text)
    __rt_memcpy_w                            0x08000b27   Thumb Code   100  rt_memcpy_w.o(.text)
    _memcpy_lastbytes_aligned                0x08000b6f   Thumb Code     0  rt_memcpy_w.o(.text)
    __rt_locale                              0x08000b8b   Thumb Code    10  rt_locale_twolibspace.o(.text)
    _ll_udiv10                               0x08000b95   Thumb Code   138  lludiv10.o(.text)
    _printf_fp_infnan                        0x08000c21   Thumb Code   112  _printf_fp_infnan.o(.text)
    _btod_etento                             0x08000ca1   Thumb Code   224  bigflt0.o(.text)
    __user_libspace                          0x08000d85   Thumb Code     8  libspace.o(.text)
    __user_perproc_libspace                  0x08000d85   Thumb Code     0  libspace.o(.text)
    __user_setup_stackheap                   0x08000d8d   Thumb Code    74  sys_stackheap_outer.o(.text)
    exit                                     0x08000dd7   Thumb Code    18  exit.o(.text)
    strcmp                                   0x08000de9   Thumb Code   124  strcmpv7em.o(.text)
    _sys_exit                                0x08000e65   Thumb Code     8  sys_exit.o(.text)
    __I$use$semihosting                      0x08000e71   Thumb Code     0  use_no_semi.o(.text)
    __use_no_semihosting_swi                 0x08000e71   Thumb Code     2  use_no_semi.o(.text)
    __semihosting_library_function           0x08000e73   Thumb Code     0  indicate_semi.o(.text)
    BusFault_Handler                         0x08000e75   Thumb Code     2  stm32f4xx_it.o(.text.BusFault_Handler)
    DebugMon_Handler                         0x08000e79   Thumb Code     2  stm32f4xx_it.o(.text.DebugMon_Handler)
    EvrRtxDelayCompleted                     0x08001071   Thumb Code     2  rtx_evr.o(.text.EvrRtxDelayCompleted)
    EvrRtxEventFlagsWaitTimeout              0x08001075   Thumb Code     2  rtx_evr.o(.text.EvrRtxEventFlagsWaitTimeout)
    EvrRtxKernelError                        0x08001079   Thumb Code     2  rtx_evr.o(.text.EvrRtxKernelError)
    EvrRtxKernelErrorNotify                  0x0800107d   Thumb Code     2  rtx_evr.o(.text.EvrRtxKernelErrorNotify)
    EvrRtxKernelGetState                     0x08001081   Thumb Code     2  rtx_evr.o(.text.EvrRtxKernelGetState)
    EvrRtxKernelGetTickCount                 0x08001085   Thumb Code     2  rtx_evr.o(.text.EvrRtxKernelGetTickCount)
    EvrRtxKernelInitialize                   0x08001089   Thumb Code     2  rtx_evr.o(.text.EvrRtxKernelInitialize)
    EvrRtxKernelInitialized                  0x0800108d   Thumb Code     2  rtx_evr.o(.text.EvrRtxKernelInitialized)
    EvrRtxKernelStart                        0x08001091   Thumb Code     2  rtx_evr.o(.text.EvrRtxKernelStart)
    EvrRtxKernelStarted                      0x08001095   Thumb Code     2  rtx_evr.o(.text.EvrRtxKernelStarted)
    EvrRtxMemoryAlloc                        0x08001099   Thumb Code     2  rtx_evr.o(.text.EvrRtxMemoryAlloc)
    EvrRtxMemoryBlockAlloc                   0x0800109d   Thumb Code     2  rtx_evr.o(.text.EvrRtxMemoryBlockAlloc)
    EvrRtxMemoryBlockFree                    0x080010a1   Thumb Code     2  rtx_evr.o(.text.EvrRtxMemoryBlockFree)
    EvrRtxMemoryBlockInit                    0x080010a5   Thumb Code     2  rtx_evr.o(.text.EvrRtxMemoryBlockInit)
    EvrRtxMemoryFree                         0x080010a9   Thumb Code     2  rtx_evr.o(.text.EvrRtxMemoryFree)
    EvrRtxMemoryInit                         0x080010ad   Thumb Code     2  rtx_evr.o(.text.EvrRtxMemoryInit)
    EvrRtxMemoryPoolAllocTimeout             0x080010b1   Thumb Code     2  rtx_evr.o(.text.EvrRtxMemoryPoolAllocTimeout)
    EvrRtxMessageQueueCreated                0x080010b5   Thumb Code     2  rtx_evr.o(.text.EvrRtxMessageQueueCreated)
    EvrRtxMessageQueueError                  0x080010b9   Thumb Code     2  rtx_evr.o(.text.EvrRtxMessageQueueError)
    EvrRtxMessageQueueGet                    0x080010bd   Thumb Code     2  rtx_evr.o(.text.EvrRtxMessageQueueGet)
    EvrRtxMessageQueueGetPending             0x080010c1   Thumb Code     2  rtx_evr.o(.text.EvrRtxMessageQueueGetPending)
    EvrRtxMessageQueueGetTimeout             0x080010c5   Thumb Code     2  rtx_evr.o(.text.EvrRtxMessageQueueGetTimeout)
    EvrRtxMessageQueueInsertPending          0x080010c9   Thumb Code     2  rtx_evr.o(.text.EvrRtxMessageQueueInsertPending)
    EvrRtxMessageQueueInserted               0x080010cd   Thumb Code     2  rtx_evr.o(.text.EvrRtxMessageQueueInserted)
    EvrRtxMessageQueueNew                    0x080010d1   Thumb Code     2  rtx_evr.o(.text.EvrRtxMessageQueueNew)
    EvrRtxMessageQueueNotInserted            0x080010d5   Thumb Code     2  rtx_evr.o(.text.EvrRtxMessageQueueNotInserted)
    EvrRtxMessageQueueNotRetrieved           0x080010d9   Thumb Code     2  rtx_evr.o(.text.EvrRtxMessageQueueNotRetrieved)
    EvrRtxMessageQueuePut                    0x080010dd   Thumb Code     2  rtx_evr.o(.text.EvrRtxMessageQueuePut)
    EvrRtxMessageQueuePutPending             0x080010e1   Thumb Code     2  rtx_evr.o(.text.EvrRtxMessageQueuePutPending)
    EvrRtxMessageQueuePutTimeout             0x080010e5   Thumb Code     2  rtx_evr.o(.text.EvrRtxMessageQueuePutTimeout)
    EvrRtxMessageQueueRetrieved              0x080010e9   Thumb Code     2  rtx_evr.o(.text.EvrRtxMessageQueueRetrieved)
    EvrRtxMutexAcquire                       0x080010ed   Thumb Code     2  rtx_evr.o(.text.EvrRtxMutexAcquire)
    EvrRtxMutexAcquirePending                0x080010f1   Thumb Code     2  rtx_evr.o(.text.EvrRtxMutexAcquirePending)
    EvrRtxMutexAcquireTimeout                0x080010f5   Thumb Code     2  rtx_evr.o(.text.EvrRtxMutexAcquireTimeout)
    EvrRtxMutexAcquired                      0x080010f9   Thumb Code     2  rtx_evr.o(.text.EvrRtxMutexAcquired)
    EvrRtxMutexCreated                       0x080010fd   Thumb Code     2  rtx_evr.o(.text.EvrRtxMutexCreated)
    EvrRtxMutexDelete                        0x08001101   Thumb Code     2  rtx_evr.o(.text.EvrRtxMutexDelete)
    EvrRtxMutexDestroyed                     0x08001105   Thumb Code     2  rtx_evr.o(.text.EvrRtxMutexDestroyed)
    EvrRtxMutexError                         0x08001109   Thumb Code     2  rtx_evr.o(.text.EvrRtxMutexError)
    EvrRtxMutexNew                           0x0800110d   Thumb Code     2  rtx_evr.o(.text.EvrRtxMutexNew)
    EvrRtxMutexNotAcquired                   0x08001111   Thumb Code     2  rtx_evr.o(.text.EvrRtxMutexNotAcquired)
    EvrRtxMutexRelease                       0x08001115   Thumb Code     2  rtx_evr.o(.text.EvrRtxMutexRelease)
    EvrRtxMutexReleased                      0x08001119   Thumb Code     2  rtx_evr.o(.text.EvrRtxMutexReleased)
    EvrRtxSemaphoreAcquireTimeout            0x0800111d   Thumb Code     2  rtx_evr.o(.text.EvrRtxSemaphoreAcquireTimeout)
    EvrRtxThreadBlocked                      0x08001121   Thumb Code     2  rtx_evr.o(.text.EvrRtxThreadBlocked)
    EvrRtxThreadCreated                      0x08001125   Thumb Code     2  rtx_evr.o(.text.EvrRtxThreadCreated)
    EvrRtxThreadDestroyed                    0x08001129   Thumb Code     2  rtx_evr.o(.text.EvrRtxThreadDestroyed)
    EvrRtxThreadError                        0x0800112d   Thumb Code     2  rtx_evr.o(.text.EvrRtxThreadError)
    EvrRtxThreadExit                         0x08001131   Thumb Code     2  rtx_evr.o(.text.EvrRtxThreadExit)
    EvrRtxThreadFlagsError                   0x08001135   Thumb Code     2  rtx_evr.o(.text.EvrRtxThreadFlagsError)
    EvrRtxThreadFlagsSet                     0x08001139   Thumb Code     2  rtx_evr.o(.text.EvrRtxThreadFlagsSet)
    EvrRtxThreadFlagsSetDone                 0x0800113d   Thumb Code     2  rtx_evr.o(.text.EvrRtxThreadFlagsSetDone)
    EvrRtxThreadFlagsWait                    0x08001141   Thumb Code     2  rtx_evr.o(.text.EvrRtxThreadFlagsWait)
    EvrRtxThreadFlagsWaitCompleted           0x08001145   Thumb Code     2  rtx_evr.o(.text.EvrRtxThreadFlagsWaitCompleted)
    EvrRtxThreadFlagsWaitNotCompleted        0x08001149   Thumb Code     2  rtx_evr.o(.text.EvrRtxThreadFlagsWaitNotCompleted)
    EvrRtxThreadFlagsWaitPending             0x0800114d   Thumb Code     2  rtx_evr.o(.text.EvrRtxThreadFlagsWaitPending)
    EvrRtxThreadFlagsWaitTimeout             0x08001151   Thumb Code     2  rtx_evr.o(.text.EvrRtxThreadFlagsWaitTimeout)
    EvrRtxThreadJoined                       0x08001155   Thumb Code     2  rtx_evr.o(.text.EvrRtxThreadJoined)
    EvrRtxThreadNew                          0x08001159   Thumb Code     2  rtx_evr.o(.text.EvrRtxThreadNew)
    EvrRtxThreadPreempted                    0x0800115d   Thumb Code     2  rtx_evr.o(.text.EvrRtxThreadPreempted)
    EvrRtxThreadSwitched                     0x08001161   Thumb Code     2  rtx_evr.o(.text.EvrRtxThreadSwitched)
    EvrRtxThreadUnblocked                    0x08001165   Thumb Code     2  rtx_evr.o(.text.EvrRtxThreadUnblocked)
    EvrRtxThreadYield                        0x08001169   Thumb Code     2  rtx_evr.o(.text.EvrRtxThreadYield)
    EvrRtxTimerCallback                      0x0800116d   Thumb Code     2  rtx_evr.o(.text.EvrRtxTimerCallback)
    HAL_GPIO_DeInit                          0x08001171   Thumb Code   262  stm32f4xx_hal_gpio.o(.text.HAL_GPIO_DeInit)
    HAL_GPIO_Init                            0x08001279   Thumb Code   410  stm32f4xx_hal_gpio.o(.text.HAL_GPIO_Init)
    HAL_GetREVID                             0x08001415   Thumb Code    14  stm32f4xx_hal.o(.text.HAL_GetREVID)
    HAL_GetTick                              0x08001425   Thumb Code    80  main.o(.text.HAL_GetTick)
    HAL_Init                                 0x08001475   Thumb Code    46  stm32f4xx_hal.o(.text.HAL_Init)
    HAL_InitTick                             0x080014a5   Thumb Code     4  main.o(.text.HAL_InitTick)
    HAL_MspInit                              0x080014a9   Thumb Code     2  stm32f4xx_hal.o(.text.HAL_MspInit)
    HAL_NVIC_DisableIRQ                      0x080014ad   Thumb Code     8  stm32f4xx_hal_cortex.o(.text.HAL_NVIC_DisableIRQ)
    HAL_NVIC_SetPriorityGrouping             0x080014b5   Thumb Code     8  stm32f4xx_hal_cortex.o(.text.HAL_NVIC_SetPriorityGrouping)
    HAL_RCC_ClockConfig                      0x080014bd   Thumb Code   352  stm32f4xx_hal_rcc.o(.text.HAL_RCC_ClockConfig)
    HAL_RCC_GetHCLKFreq                      0x0800161d   Thumb Code    12  stm32f4xx_hal_rcc.o(.text.HAL_RCC_GetHCLKFreq)
    HAL_RCC_GetPCLK1Freq                     0x08001629   Thumb Code    34  stm32f4xx_hal_rcc.o(.text.HAL_RCC_GetPCLK1Freq)
    HAL_RCC_GetSysClockFreq                  0x0800164d   Thumb Code   106  stm32f4xx_hal_rcc.o(.text.HAL_RCC_GetSysClockFreq)
    HAL_RCC_OscConfig                        0x080016b9   Thumb Code   820  stm32f4xx_hal_rcc.o(.text.HAL_RCC_OscConfig)
    HardFault_Handler                        0x080019ed   Thumb Code     2  stm32f4xx_it.o(.text.HardFault_Handler)
    MemManage_Handler                        0x08001a95   Thumb Code     2  stm32f4xx_it.o(.text.MemManage_Handler)
    NMI_Handler                              0x08001b3d   Thumb Code     2  stm32f4xx_it.o(.text.NMI_Handler)
    OS_Tick_AcknowledgeIRQ                   0x08001b41   Thumb Code    12  os_systick.o(.text.OS_Tick_AcknowledgeIRQ)
    OS_Tick_Enable                           0x08001b4d   Thumb Code    50  os_systick.o(.text.OS_Tick_Enable)
    OS_Tick_GetIRQn                          0x08001b81   Thumb Code     6  os_systick.o(.text.OS_Tick_GetIRQn)
    OS_Tick_Setup                            0x08001b89   Thumb Code    72  os_systick.o(.text.OS_Tick_Setup)
    SystemCoreClockUpdate                    0x08001cbd   Thumb Code   126  system_stm32f4xx.o(.text.SystemCoreClockUpdate)
    SystemInit                               0x08001d3d   Thumb Code    18  system_stm32f4xx.o(.text.SystemInit)
    USART3_IRQHandler                        0x08001e4d   Thumb Code    16  usart_stm32f4xx.o(.text.USART3_IRQHandler)
    USART_IRQHandler                         0x080024bd   Thumb Code   514  usart_stm32f4xx.o(.text.USART_IRQHandler)
    UsageFault_Handler                       0x08002b51   Thumb Code     2  stm32f4xx_it.o(.text.UsageFault_Handler)
    _mutex_acquire                           0x08002bcd   Thumb Code    26  rtx_lib.o(.text._mutex_acquire)
    _mutex_free                              0x08002be9   Thumb Code    10  rtx_lib.o(.text._mutex_free)
    _mutex_initialize                        0x08002bf5   Thumb Code    32  rtx_lib.o(.text._mutex_initialize)
    _mutex_release                           0x08002c15   Thumb Code    22  rtx_lib.o(.text._mutex_release)
    _platform_post_stackheap_init            0x08002c2d   Thumb Code     8  rtx_lib.o(.text._platform_post_stackheap_init)
    init_th_prueba_com                       0x08002d9d   Thumb Code    44  prueba_thcom.o(.text.init_th_prueba_com)
    init_thcom                               0x08002dc9   Thumb Code   120  com.o(.text.init_thcom)
    main                                     0x08003039   Thumb Code    30  main.o(.text.main)
    osKernelGetState                         0x08003059   Thumb Code    38  rtx_kernel.o(.text.osKernelGetState)
    osKernelGetTickCount                     0x08003081   Thumb Code    32  rtx_kernel.o(.text.osKernelGetTickCount)
    osKernelInitialize                       0x080030a1   Thumb Code    50  rtx_kernel.o(.text.osKernelInitialize)
    osKernelStart                            0x080030d5   Thumb Code    46  rtx_kernel.o(.text.osKernelStart)
    osMessageQueueGet                        0x08003105   Thumb Code    66  rtx_msgqueue.o(.text.osMessageQueueGet)
    osMessageQueueNew                        0x08003149   Thumb Code    58  rtx_msgqueue.o(.text.osMessageQueueNew)
    osMessageQueuePut                        0x08003185   Thumb Code    66  rtx_msgqueue.o(.text.osMessageQueuePut)
    osMutexAcquire                           0x080031c9   Thumb Code    56  rtx_mutex.o(.text.osMutexAcquire)
    osMutexDelete                            0x08003201   Thumb Code    52  rtx_mutex.o(.text.osMutexDelete)
    osMutexNew                               0x08003235   Thumb Code    50  rtx_mutex.o(.text.osMutexNew)
    osMutexRelease                           0x08003269   Thumb Code    52  rtx_mutex.o(.text.osMutexRelease)
    osRtxErrorNotify                         0x0800329d   Thumb Code     2  rtx_config.o(.text.osRtxErrorNotify)
    osRtxIdleThread                          0x080032a9   Thumb Code     2  rtx_config.o(.text.osRtxIdleThread)
    osRtxKernelErrorNotify                   0x080032ad   Thumb Code    20  rtx_kernel.o(.text.osRtxKernelErrorNotify)
    osRtxKernelPreInit                       0x080032d9   Thumb Code     2  rtx_kernel.o(.text.osRtxKernelPreInit)
    osRtxMemoryAlloc                         0x080032e9   Thumb Code   182  rtx_memory.o(.text.osRtxMemoryAlloc)
    osRtxMemoryFree                          0x080033a1   Thumb Code   120  rtx_memory.o(.text.osRtxMemoryFree)
    osRtxMemoryInit                          0x08003419   Thumb Code   100  rtx_memory.o(.text.osRtxMemoryInit)
    osRtxMemoryPoolAlloc                     0x0800347d   Thumb Code    42  rtx_mempool.o(.text.osRtxMemoryPoolAlloc)
    osRtxMemoryPoolFree                      0x080034a9   Thumb Code    66  rtx_mempool.o(.text.osRtxMemoryPoolFree)
    osRtxMemoryPoolInit                      0x080034ed   Thumb Code    96  rtx_mempool.o(.text.osRtxMemoryPoolInit)
    osRtxMessageQueueTimerSetup              0x08003665   Thumb Code    48  rtx_msgqueue.o(.text.osRtxMessageQueueTimerSetup)
    osRtxMutexOwnerRelease                   0x0800369d   Thumb Code   106  rtx_mutex.o(.text.osRtxMutexOwnerRelease)
    osRtxMutexOwnerRestore                   0x08003709   Thumb Code    80  rtx_mutex.o(.text.osRtxMutexOwnerRestore)
    osRtxPendSV_Handler                      0x08003769   Thumb Code   100  rtx_system.o(.text.osRtxPendSV_Handler)
    osRtxPostProcess                         0x080037cd   Thumb Code    44  rtx_system.o(.text.osRtxPostProcess)
    osRtxThreadDelayTick                     0x08003939   Thumb Code   246  rtx_thread.o(.text.osRtxThreadDelayTick)
    osRtxThreadDispatch                      0x08003a69   Thumb Code    94  rtx_thread.o(.text.osRtxThreadDispatch)
    osRtxThreadListGet                       0x08003b85   Thumb Code    24  rtx_thread.o(.text.osRtxThreadListGet)
    osRtxThreadListPut                       0x08003b9d   Thumb Code    52  rtx_thread.o(.text.osRtxThreadListPut)
    osRtxThreadListRemove                    0x08003bd1   Thumb Code    26  rtx_thread.o(.text.osRtxThreadListRemove)
    osRtxThreadListSort                      0x08003c01   Thumb Code    48  rtx_thread.o(.text.osRtxThreadListSort)
    osRtxThreadReadyPut                      0x08003c71   Thumb Code    24  rtx_thread.o(.text.osRtxThreadReadyPut)
    osRtxThreadRegPtr                        0x08003c89   Thumb Code    16  rtx_thread.o(.text.osRtxThreadRegPtr)
    osRtxThreadStartup                       0x08003cb5   Thumb Code    80  rtx_thread.o(.text.osRtxThreadStartup)
    osRtxThreadSwitch                        0x08003d05   Thumb Code    22  rtx_thread.o(.text.osRtxThreadSwitch)
    osRtxThreadWaitEnter                     0x08003d1d   Thumb Code    92  rtx_thread.o(.text.osRtxThreadWaitEnter)
    osRtxThreadWaitExit                      0x08003d79   Thumb Code    42  rtx_thread.o(.text.osRtxThreadWaitExit)
    osRtxTick_Handler                        0x08003da5   Thumb Code   138  rtx_system.o(.text.osRtxTick_Handler)
    osRtxTimerSetup                          0x08003e31   Thumb Code    38  rtx_timer.o(.text.osRtxTimerSetup)
    osRtxTimerThread                         0x08003e59   Thumb Code    42  rtx_timer.o(.text.osRtxTimerThread)
    osThreadExit                             0x08003f0d   Thumb Code    26  rtx_thread.o(.text.osThreadExit)
    osThreadFlagsSet                         0x08003f29   Thumb Code    48  rtx_thread.o(.text.osThreadFlagsSet)
    osThreadFlagsWait                        0x08003f59   Thumb Code    60  rtx_thread.o(.text.osThreadFlagsWait)
    osThreadNew                              0x08003f95   Thumb Code    58  rtx_thread.o(.text.osThreadNew)
    osThreadYield                            0x08003fd1   Thumb Code    48  rtx_thread.o(.text.osThreadYield)
    procesar_trama                           0x08004021   Thumb Code    66  com.o(.text.procesar_trama)
    th_com_Rx                                0x08004d7d   Thumb Code   134  com.o(.text.th_com_Rx)
    th_com_Tx                                0x08004e05   Thumb Code   130  com.o(.text.th_com_Tx)
    th_prueba_N                              0x08004e89   Thumb Code   104  prueba_thcom.o(.text.th_prueba_N)
    uart_callback                            0x08004f01   Thumb Code    50  com.o(.text.uart_callback)
    _btod_d2e                                0x08004f33   Thumb Code    62  btod.o(CL$$btod_d2e)
    _d2e_denorm_low                          0x08004f71   Thumb Code    70  btod.o(CL$$btod_d2e_denorm_low)
    _d2e_norm_op1                            0x08004fb7   Thumb Code    96  btod.o(CL$$btod_d2e_norm_op1)
    __btod_div_common                        0x08005019   Thumb Code   696  btod.o(CL$$btod_div_common)
    _e2e                                     0x08005351   Thumb Code   220  btod.o(CL$$btod_e2e)
    _btod_ediv                               0x0800542d   Thumb Code    42  btod.o(CL$$btod_ediv)
    _btod_emul                               0x08005457   Thumb Code    42  btod.o(CL$$btod_emul)
    __btod_mult_common                       0x08005481   Thumb Code   580  btod.o(CL$$btod_mult_common)
    __ARM_fpclassify                         0x080056c5   Thumb Code    48  fpclassify.o(i.__ARM_fpclassify)
    _is_digit                                0x080056f5   Thumb Code    14  __printf_wp.o(i._is_digit)
    _get_lc_numeric                          0x08005705   Thumb Code    44  lc_numeric_c.o(locale$$code)
    _fp_init                                 0x08005731   Thumb Code    26  fpinit.o(x$fpl$fpinit)
    __fplib_config_fpu_vfp                   0x08005749   Thumb Code     0  fpinit.o(x$fpl$fpinit)
    __fplib_config_pureend_doubles           0x08005749   Thumb Code     0  fpinit.o(x$fpl$fpinit)
    _printf_fp_dec                           0x0800574b   Thumb Code     4  printf1.o(x$fpl$printf1)
    __I$use$fp                               0x0800574e   Number         0  usenofp.o(x$fpl$usenofp)
    osRtxConfig                              0x080057e4   Data         112  rtx_lib.o(.rodata)
    os_cb_sections                           0x08005854   Data          56  rtx_lib.o(.rodata)
    AHBPrescTable                            0x0800588c   Data          16  system_stm32f4xx.o(.rodata.AHBPrescTable)
    APBPrescTable                            0x0800589c   Data           8  system_stm32f4xx.o(.rodata.APBPrescTable)
    Driver_USART3                            0x080058a4   Data          56  usart_stm32f4xx.o(.rodata.Driver_USART3)
    osRtxUserSVC                             0x08005928   Data           4  rtx_lib.o(.rodata.osRtxUserSVC)
    Region$$Table$$Base                      0x08005998   Number         0  anon$$obj.o(Region$$Table)
    Region$$Table$$Limit                     0x080059b8   Number         0  anon$$obj.o(Region$$Table)
    SystemCoreClock                          0x20000000   Data           4  system_stm32f4xx.o(.data.SystemCoreClock)
    osRtxInfo                                0x20000004   Data         164  rtx_kernel.o(.data.os)
    uart                                     0x200000a8   Data           4  com.o(.data.uart)
    uwTickPrio                               0x200000ac   Data           4  stm32f4xx_hal.o(.data.uwTickPrio)
    __libspace_start                         0x200000b0   Data          96  libspace.o(.bss)
    __temporary_stack_top$libspace           0x20000110   Data           0  libspace.o(.bss)
    .bss.os.msgqueue.cb$$Base                0x20008194   Number         0  rtx_lib.o(.bss.os.msgqueue.cb)
    .bss.os.msgqueue.cb$$Limit               0x200081c8   Number         0  rtx_lib.o(.bss.os.msgqueue.cb)
    .bss.os.thread.cb$$Base                  0x20008218   Number         0  rtx_lib.o(.bss.os.thread.cb)
    .bss.os.thread.cb$$Limit                 0x200082a0   Number         0  rtx_lib.o(.bss.os.thread.cb)
    qCom_Rx                                  0x200086a4   Data           4  com.o(.bss.qCom_Rx)
    qCom_Tx                                  0x200086a8   Data           4  com.o(.bss.qCom_Tx)
    th_prueba_com                            0x200086ac   Data           4  prueba_thcom.o(.bss.th_prueba_com)
    thcom_Rx                                 0x200086b0   Data           4  com.o(.bss.thcom_Rx)
    thcom_Tx                                 0x200086b4   Data           4  com.o(.bss.thcom_Tx)



==============================================================================

Memory Map of the image

  Image Entry point : 0x08000335

  Load Region LR_1 (Base: 0x08000000, Size: 0x00005a84, Max: 0xffffffff, ABSOLUTE)

    Execution Region ER_RO (Exec base: 0x08000000, Load base: 0x08000000, Size: 0x000059d4, Max: 0xffffffff, ABSOLUTE)

    Exec Addr    Load Addr    Size         Type   Attr      Idx    E Section Name        Object

    0x08000000   0x08000000   0x000001ac   Data   RO         2079    RESET               startup_stm32f429xx.o
    0x080001ac   0x080001ac   0x00000008   Code   RO         2143  * !!!main             c_w.l(__main.o)
    0x080001b4   0x080001b4   0x00000034   Code   RO         2381    !!!scatter          c_w.l(__scatter.o)
    0x080001e8   0x080001e8   0x0000001a   Code   RO         2383    !!handler_copy      c_w.l(__scatter_copy.o)
    0x08000202   0x08000202   0x00000002   PAD
    0x08000204   0x08000204   0x0000001c   Code   RO         2385    !!handler_zi        c_w.l(__scatter_zi.o)
    0x08000220   0x08000220   0x00000000   Code   RO         2132    .ARM.Collect$$_printf_percent$$00000000  c_w.l(_printf_percent.o)
    0x08000220   0x08000220   0x00000006   Code   RO         2131    .ARM.Collect$$_printf_percent$$00000003  c_w.l(_printf_f.o)
    0x08000226   0x08000226   0x00000004   Code   RO         2160    .ARM.Collect$$_printf_percent$$00000017  c_w.l(_printf_percent_end.o)
    0x0800022a   0x0800022a   0x00000002   Code   RO         2246    .ARM.Collect$$libinit$$00000000  c_w.l(libinit.o)
    0x0800022c   0x0800022c   0x00000004   Code   RO         2247    .ARM.Collect$$libinit$$00000001  c_w.l(libinit2.o)
    0x08000230   0x08000230   0x00000000   Code   RO         2250    .ARM.Collect$$libinit$$00000004  c_w.l(libinit2.o)
    0x08000230   0x08000230   0x00000000   Code   RO         2253    .ARM.Collect$$libinit$$0000000A  c_w.l(libinit2.o)
    0x08000230   0x08000230   0x00000000   Code   RO         2255    .ARM.Collect$$libinit$$0000000C  c_w.l(libinit2.o)
    0x08000230   0x08000230   0x00000000   Code   RO         2257    .ARM.Collect$$libinit$$0000000E  c_w.l(libinit2.o)
    0x08000230   0x08000230   0x00000006   Code   RO         2258    .ARM.Collect$$libinit$$0000000F  c_w.l(libinit2.o)
    0x08000236   0x08000236   0x00000000   Code   RO         2260    .ARM.Collect$$libinit$$00000011  c_w.l(libinit2.o)
    0x08000236   0x08000236   0x00000000   Code   RO         2262    .ARM.Collect$$libinit$$00000013  c_w.l(libinit2.o)
    0x08000236   0x08000236   0x00000000   Code   RO         2264    .ARM.Collect$$libinit$$00000015  c_w.l(libinit2.o)
    0x08000236   0x08000236   0x0000000a   Code   RO         2265    .ARM.Collect$$libinit$$00000016  c_w.l(libinit2.o)
    0x08000240   0x08000240   0x00000000   Code   RO         2266    .ARM.Collect$$libinit$$00000017  c_w.l(libinit2.o)
    0x08000240   0x08000240   0x00000000   Code   RO         2268    .ARM.Collect$$libinit$$00000019  c_w.l(libinit2.o)
    0x08000240   0x08000240   0x00000000   Code   RO         2270    .ARM.Collect$$libinit$$0000001B  c_w.l(libinit2.o)
    0x08000240   0x08000240   0x00000000   Code   RO         2272    .ARM.Collect$$libinit$$0000001D  c_w.l(libinit2.o)
    0x08000240   0x08000240   0x00000000   Code   RO         2274    .ARM.Collect$$libinit$$0000001F  c_w.l(libinit2.o)
    0x08000240   0x08000240   0x00000000   Code   RO         2276    .ARM.Collect$$libinit$$00000021  c_w.l(libinit2.o)
    0x08000240   0x08000240   0x00000000   Code   RO         2278    .ARM.Collect$$libinit$$00000023  c_w.l(libinit2.o)
    0x08000240   0x08000240   0x00000000   Code   RO         2280    .ARM.Collect$$libinit$$00000025  c_w.l(libinit2.o)
    0x08000240   0x08000240   0x00000000   Code   RO         2284    .ARM.Collect$$libinit$$0000002C  c_w.l(libinit2.o)
    0x08000240   0x08000240   0x00000000   Code   RO         2286    .ARM.Collect$$libinit$$0000002E  c_w.l(libinit2.o)
    0x08000240   0x08000240   0x00000000   Code   RO         2288    .ARM.Collect$$libinit$$00000030  c_w.l(libinit2.o)
    0x08000240   0x08000240   0x00000000   Code   RO         2290    .ARM.Collect$$libinit$$00000032  c_w.l(libinit2.o)
    0x08000240   0x08000240   0x00000002   Code   RO         2291    .ARM.Collect$$libinit$$00000033  c_w.l(libinit2.o)
    0x08000242   0x08000242   0x00000002   Code   RO         2346    .ARM.Collect$$libshutdown$$00000000  c_w.l(libshutdown.o)
    0x08000244   0x08000244   0x00000000   Code   RO         2364    .ARM.Collect$$libshutdown$$00000002  c_w.l(libshutdown2.o)
    0x08000244   0x08000244   0x00000000   Code   RO         2366    .ARM.Collect$$libshutdown$$00000004  c_w.l(libshutdown2.o)
    0x08000244   0x08000244   0x00000000   Code   RO         2369    .ARM.Collect$$libshutdown$$00000007  c_w.l(libshutdown2.o)
    0x08000244   0x08000244   0x00000000   Code   RO         2372    .ARM.Collect$$libshutdown$$0000000A  c_w.l(libshutdown2.o)
    0x08000244   0x08000244   0x00000000   Code   RO         2374    .ARM.Collect$$libshutdown$$0000000C  c_w.l(libshutdown2.o)
    0x08000244   0x08000244   0x00000000   Code   RO         2377    .ARM.Collect$$libshutdown$$0000000F  c_w.l(libshutdown2.o)
    0x08000244   0x08000244   0x00000002   Code   RO         2378    .ARM.Collect$$libshutdown$$00000010  c_w.l(libshutdown2.o)
    0x08000246   0x08000246   0x00000000   Code   RO         2147    .ARM.Collect$$rtentry$$00000000  c_w.l(__rtentry.o)
    0x08000246   0x08000246   0x00000000   Code   RO         2164    .ARM.Collect$$rtentry$$00000002  c_w.l(__rtentry2.o)
    0x08000246   0x08000246   0x00000006   Code   RO         2176    .ARM.Collect$$rtentry$$00000004  c_w.l(__rtentry4.o)
    0x0800024c   0x0800024c   0x00000008   Code   RO         2165    .ARM.Collect$$rtentry$$00000008  c_w.l(__rtentry2.o)
    0x08000254   0x08000254   0x00000004   Code   RO         2167    .ARM.Collect$$rtentry$$0000000A  c_w.l(__rtentry2.o)
    0x08000258   0x08000258   0x00000000   Code   RO         2169    .ARM.Collect$$rtentry$$0000000C  c_w.l(__rtentry2.o)
    0x08000258   0x08000258   0x00000008   Code   RO         2170    .ARM.Collect$$rtentry$$0000000D  c_w.l(__rtentry2.o)
    0x08000260   0x08000260   0x00000002   Code   RO         2292    .ARM.Collect$$rtexit$$00000000  c_w.l(rtexit.o)
    0x08000262   0x08000262   0x00000000   Code   RO         2311    .ARM.Collect$$rtexit$$00000002  c_w.l(rtexit2.o)
    0x08000262   0x08000262   0x00000004   Code   RO         2312    .ARM.Collect$$rtexit$$00000003  c_w.l(rtexit2.o)
    0x08000266   0x08000266   0x00000006   Code   RO         2313    .ARM.Collect$$rtexit$$00000004  c_w.l(rtexit2.o)
    0x0800026c   0x0800026c   0x000000c8   Code   RO           76    .text               irq_armv7m.o
    0x08000334   0x08000334   0x00000040   Code   RO         2080  * .text               startup_stm32f429xx.o
    0x08000374   0x08000374   0x000000f0   Code   RO         2103    .text               c_w.l(lludivv7m.o)
    0x08000464   0x08000464   0x0000002c   Code   RO         2105    .text               c_w.l(__2sprintf.o)
    0x08000490   0x08000490   0x0000010e   Code   RO         2119    .text               c_w.l(__printf_wp.o)
    0x0800059e   0x0800059e   0x0000008a   Code   RO         2133    .text               c_w.l(rt_memcpy_v6.o)
    0x08000628   0x08000628   0x00000010   Code   RO         2135    .text               c_w.l(aeabi_memset4.o)
    0x08000638   0x08000638   0x00000044   Code   RO         2137    .text               c_w.l(rt_memclr.o)
    0x0800067c   0x0800067c   0x0000004e   Code   RO         2139    .text               c_w.l(rt_memclr_w.o)
    0x080006ca   0x080006ca   0x00000006   Code   RO         2141    .text               c_w.l(heapauxi.o)
    0x080006d0   0x080006d0   0x0000041c   Code   RO         2152    .text               c_w.l(_printf_fp_dec.o)
    0x08000aec   0x08000aec   0x00000030   Code   RO         2156    .text               c_w.l(_printf_char_common.o)
    0x08000b1c   0x08000b1c   0x0000000a   Code   RO         2158    .text               c_w.l(_sputc.o)
    0x08000b26   0x08000b26   0x00000064   Code   RO         2161    .text               c_w.l(rt_memcpy_w.o)
    0x08000b8a   0x08000b8a   0x0000000a   Code   RO         2185    .text               c_w.l(rt_locale_twolibspace.o)
    0x08000b94   0x08000b94   0x0000008a   Code   RO         2187    .text               c_w.l(lludiv10.o)
    0x08000c1e   0x08000c1e   0x00000002   PAD
    0x08000c20   0x08000c20   0x00000080   Code   RO         2189    .text               c_w.l(_printf_fp_infnan.o)
    0x08000ca0   0x08000ca0   0x000000e4   Code   RO         2193    .text               c_w.l(bigflt0.o)
    0x08000d84   0x08000d84   0x00000008   Code   RO         2228    .text               c_w.l(libspace.o)
    0x08000d8c   0x08000d8c   0x0000004a   Code   RO         2231    .text               c_w.l(sys_stackheap_outer.o)
    0x08000dd6   0x08000dd6   0x00000012   Code   RO         2235    .text               c_w.l(exit.o)
    0x08000de8   0x08000de8   0x0000007c   Code   RO         2241    .text               c_w.l(strcmpv7em.o)
    0x08000e64   0x08000e64   0x0000000c   Code   RO         2306    .text               c_w.l(sys_exit.o)
    0x08000e70   0x08000e70   0x00000002   Code   RO         2333    .text               c_w.l(use_no_semi.o)
    0x08000e72   0x08000e72   0x00000000   Code   RO         2335    .text               c_w.l(indicate_semi.o)
    0x08000e72   0x08000e72   0x00000002   PAD
    0x08000e74   0x08000e74   0x00000002   Code   RO           26    .text.BusFault_Handler  stm32f4xx_it.o
    0x08000e76   0x08000e76   0x00000002   PAD
    0x08000e78   0x08000e78   0x00000002   Code   RO           30    .text.DebugMon_Handler  stm32f4xx_it.o
    0x08000e7a   0x08000e7a   0x00000002   PAD
    0x08000e7c   0x08000e7c   0x000001f4   Code   RO         1269    .text.Enable_GPIO_Clock  usart_stm32f4xx.o
    0x08001070   0x08001070   0x00000002   Code   RO          320    .text.EvrRtxDelayCompleted  rtx_evr.o
    0x08001072   0x08001072   0x00000002   PAD
    0x08001074   0x08001074   0x00000002   Code   RO          368    .text.EvrRtxEventFlagsWaitTimeout  rtx_evr.o
    0x08001076   0x08001076   0x00000002   PAD
    0x08001078   0x08001078   0x00000002   Code   RO          182    .text.EvrRtxKernelError  rtx_evr.o
    0x0800107a   0x0800107a   0x00000002   PAD
    0x0800107c   0x0800107c   0x00000002   Code   RO          226    .text.EvrRtxKernelErrorNotify  rtx_evr.o
    0x0800107e   0x0800107e   0x00000002   PAD
    0x08001080   0x08001080   0x00000002   Code   RO          192    .text.EvrRtxKernelGetState  rtx_evr.o
    0x08001082   0x08001082   0x00000002   PAD
    0x08001084   0x08001084   0x00000002   Code   RO          218    .text.EvrRtxKernelGetTickCount  rtx_evr.o
    0x08001086   0x08001086   0x00000002   PAD
    0x08001088   0x08001088   0x00000002   Code   RO          184    .text.EvrRtxKernelInitialize  rtx_evr.o
    0x0800108a   0x0800108a   0x00000002   PAD
    0x0800108c   0x0800108c   0x00000002   Code   RO          186    .text.EvrRtxKernelInitialized  rtx_evr.o
    0x0800108e   0x0800108e   0x00000002   PAD
    0x08001090   0x08001090   0x00000002   Code   RO          194    .text.EvrRtxKernelStart  rtx_evr.o
    0x08001092   0x08001092   0x00000002   PAD
    0x08001094   0x08001094   0x00000002   Code   RO          196    .text.EvrRtxKernelStarted  rtx_evr.o
    0x08001096   0x08001096   0x00000002   PAD
    0x08001098   0x08001098   0x00000002   Code   RO          172    .text.EvrRtxMemoryAlloc  rtx_evr.o
    0x0800109a   0x0800109a   0x00000002   PAD
    0x0800109c   0x0800109c   0x00000002   Code   RO          178    .text.EvrRtxMemoryBlockAlloc  rtx_evr.o
    0x0800109e   0x0800109e   0x00000002   PAD
    0x080010a0   0x080010a0   0x00000002   Code   RO          180    .text.EvrRtxMemoryBlockFree  rtx_evr.o
    0x080010a2   0x080010a2   0x00000002   PAD
    0x080010a4   0x080010a4   0x00000002   Code   RO          176    .text.EvrRtxMemoryBlockInit  rtx_evr.o
    0x080010a6   0x080010a6   0x00000002   PAD
    0x080010a8   0x080010a8   0x00000002   Code   RO          174    .text.EvrRtxMemoryFree  rtx_evr.o
    0x080010aa   0x080010aa   0x00000002   PAD
    0x080010ac   0x080010ac   0x00000002   Code   RO          170    .text.EvrRtxMemoryInit  rtx_evr.o
    0x080010ae   0x080010ae   0x00000002   PAD
    0x080010b0   0x080010b0   0x00000002   Code   RO          446    .text.EvrRtxMemoryPoolAllocTimeout  rtx_evr.o
    0x080010b2   0x080010b2   0x00000002   PAD
    0x080010b4   0x080010b4   0x00000002   Code   RO          474    .text.EvrRtxMessageQueueCreated  rtx_evr.o
    0x080010b6   0x080010b6   0x00000002   PAD
    0x080010b8   0x080010b8   0x00000002   Code   RO          470    .text.EvrRtxMessageQueueError  rtx_evr.o
    0x080010ba   0x080010ba   0x00000002   PAD
    0x080010bc   0x080010bc   0x00000002   Code   RO          490    .text.EvrRtxMessageQueueGet  rtx_evr.o
    0x080010be   0x080010be   0x00000002   PAD
    0x080010c0   0x080010c0   0x00000002   Code   RO          492    .text.EvrRtxMessageQueueGetPending  rtx_evr.o
    0x080010c2   0x080010c2   0x00000002   PAD
    0x080010c4   0x080010c4   0x00000002   Code   RO          494    .text.EvrRtxMessageQueueGetTimeout  rtx_evr.o
    0x080010c6   0x080010c6   0x00000002   PAD
    0x080010c8   0x080010c8   0x00000002   Code   RO          484    .text.EvrRtxMessageQueueInsertPending  rtx_evr.o
    0x080010ca   0x080010ca   0x00000002   PAD
    0x080010cc   0x080010cc   0x00000002   Code   RO          486    .text.EvrRtxMessageQueueInserted  rtx_evr.o
    0x080010ce   0x080010ce   0x00000002   PAD
    0x080010d0   0x080010d0   0x00000002   Code   RO          472    .text.EvrRtxMessageQueueNew  rtx_evr.o
    0x080010d2   0x080010d2   0x00000002   PAD
    0x080010d4   0x080010d4   0x00000002   Code   RO          488    .text.EvrRtxMessageQueueNotInserted  rtx_evr.o
    0x080010d6   0x080010d6   0x00000002   PAD
    0x080010d8   0x080010d8   0x00000002   Code   RO          498    .text.EvrRtxMessageQueueNotRetrieved  rtx_evr.o
    0x080010da   0x080010da   0x00000002   PAD
    0x080010dc   0x080010dc   0x00000002   Code   RO          478    .text.EvrRtxMessageQueuePut  rtx_evr.o
    0x080010de   0x080010de   0x00000002   PAD
    0x080010e0   0x080010e0   0x00000002   Code   RO          480    .text.EvrRtxMessageQueuePutPending  rtx_evr.o
    0x080010e2   0x080010e2   0x00000002   PAD
    0x080010e4   0x080010e4   0x00000002   Code   RO          482    .text.EvrRtxMessageQueuePutTimeout  rtx_evr.o
    0x080010e6   0x080010e6   0x00000002   PAD
    0x080010e8   0x080010e8   0x00000002   Code   RO          496    .text.EvrRtxMessageQueueRetrieved  rtx_evr.o
    0x080010ea   0x080010ea   0x00000002   PAD
    0x080010ec   0x080010ec   0x00000002   Code   RO          386    .text.EvrRtxMutexAcquire  rtx_evr.o
    0x080010ee   0x080010ee   0x00000002   PAD
    0x080010f0   0x080010f0   0x00000002   Code   RO          388    .text.EvrRtxMutexAcquirePending  rtx_evr.o
    0x080010f2   0x080010f2   0x00000002   PAD
    0x080010f4   0x080010f4   0x00000002   Code   RO          390    .text.EvrRtxMutexAcquireTimeout  rtx_evr.o
    0x080010f6   0x080010f6   0x00000002   PAD
    0x080010f8   0x080010f8   0x00000002   Code   RO          392    .text.EvrRtxMutexAcquired  rtx_evr.o
    0x080010fa   0x080010fa   0x00000002   PAD
    0x080010fc   0x080010fc   0x00000002   Code   RO          382    .text.EvrRtxMutexCreated  rtx_evr.o
    0x080010fe   0x080010fe   0x00000002   PAD
    0x08001100   0x08001100   0x00000002   Code   RO          402    .text.EvrRtxMutexDelete  rtx_evr.o
    0x08001102   0x08001102   0x00000002   PAD
    0x08001104   0x08001104   0x00000002   Code   RO          404    .text.EvrRtxMutexDestroyed  rtx_evr.o
    0x08001106   0x08001106   0x00000002   PAD
    0x08001108   0x08001108   0x00000002   Code   RO          378    .text.EvrRtxMutexError  rtx_evr.o
    0x0800110a   0x0800110a   0x00000002   PAD
    0x0800110c   0x0800110c   0x00000002   Code   RO          380    .text.EvrRtxMutexNew  rtx_evr.o
    0x0800110e   0x0800110e   0x00000002   PAD
    0x08001110   0x08001110   0x00000002   Code   RO          394    .text.EvrRtxMutexNotAcquired  rtx_evr.o
    0x08001112   0x08001112   0x00000002   PAD
    0x08001114   0x08001114   0x00000002   Code   RO          396    .text.EvrRtxMutexRelease  rtx_evr.o
    0x08001116   0x08001116   0x00000002   PAD
    0x08001118   0x08001118   0x00000002   Code   RO          398    .text.EvrRtxMutexReleased  rtx_evr.o
    0x0800111a   0x0800111a   0x00000002   PAD
    0x0800111c   0x0800111c   0x00000002   Code   RO          418    .text.EvrRtxSemaphoreAcquireTimeout  rtx_evr.o
    0x0800111e   0x0800111e   0x00000002   PAD
    0x08001120   0x08001120   0x00000002   Code   RO          270    .text.EvrRtxThreadBlocked  rtx_evr.o
    0x08001122   0x08001122   0x00000002   PAD
    0x08001124   0x08001124   0x00000002   Code   RO          232    .text.EvrRtxThreadCreated  rtx_evr.o
    0x08001126   0x08001126   0x00000002   PAD
    0x08001128   0x08001128   0x00000002   Code   RO          282    .text.EvrRtxThreadDestroyed  rtx_evr.o
    0x0800112a   0x0800112a   0x00000002   PAD
    0x0800112c   0x0800112c   0x00000002   Code   RO          228    .text.EvrRtxThreadError  rtx_evr.o
    0x0800112e   0x0800112e   0x00000002   PAD
    0x08001130   0x08001130   0x00000002   Code   RO          278    .text.EvrRtxThreadExit  rtx_evr.o
    0x08001132   0x08001132   0x00000002   PAD
    0x08001134   0x08001134   0x00000002   Code   RO          288    .text.EvrRtxThreadFlagsError  rtx_evr.o
    0x08001136   0x08001136   0x00000002   PAD
    0x08001138   0x08001138   0x00000002   Code   RO          290    .text.EvrRtxThreadFlagsSet  rtx_evr.o
    0x0800113a   0x0800113a   0x00000002   PAD
    0x0800113c   0x0800113c   0x00000002   Code   RO          292    .text.EvrRtxThreadFlagsSetDone  rtx_evr.o
    0x0800113e   0x0800113e   0x00000002   PAD
    0x08001140   0x08001140   0x00000002   Code   RO          300    .text.EvrRtxThreadFlagsWait  rtx_evr.o
    0x08001142   0x08001142   0x00000002   PAD
    0x08001144   0x08001144   0x00000002   Code   RO          306    .text.EvrRtxThreadFlagsWaitCompleted  rtx_evr.o
    0x08001146   0x08001146   0x00000002   PAD
    0x08001148   0x08001148   0x00000002   Code   RO          308    .text.EvrRtxThreadFlagsWaitNotCompleted  rtx_evr.o
    0x0800114a   0x0800114a   0x00000002   PAD
    0x0800114c   0x0800114c   0x00000002   Code   RO          302    .text.EvrRtxThreadFlagsWaitPending  rtx_evr.o
    0x0800114e   0x0800114e   0x00000002   PAD
    0x08001150   0x08001150   0x00000002   Code   RO          304    .text.EvrRtxThreadFlagsWaitTimeout  rtx_evr.o
    0x08001152   0x08001152   0x00000002   PAD
    0x08001154   0x08001154   0x00000002   Code   RO          268    .text.EvrRtxThreadJoined  rtx_evr.o
    0x08001156   0x08001156   0x00000002   PAD
    0x08001158   0x08001158   0x00000002   Code   RO          230    .text.EvrRtxThreadNew  rtx_evr.o
    0x0800115a   0x0800115a   0x00000002   PAD
    0x0800115c   0x0800115c   0x00000002   Code   RO          274    .text.EvrRtxThreadPreempted  rtx_evr.o
    0x0800115e   0x0800115e   0x00000002   PAD
    0x08001160   0x08001160   0x00000002   Code   RO          276    .text.EvrRtxThreadSwitched  rtx_evr.o
    0x08001162   0x08001162   0x00000002   PAD
    0x08001164   0x08001164   0x00000002   Code   RO          272    .text.EvrRtxThreadUnblocked  rtx_evr.o
    0x08001166   0x08001166   0x00000002   PAD
    0x08001168   0x08001168   0x00000002   Code   RO          250    .text.EvrRtxThreadYield  rtx_evr.o
    0x0800116a   0x0800116a   0x00000002   PAD
    0x0800116c   0x0800116c   0x00000002   Code   RO          324    .text.EvrRtxTimerCallback  rtx_evr.o
    0x0800116e   0x0800116e   0x00000002   PAD
    0x08001170   0x08001170   0x00000106   Code   RO         1510    .text.HAL_GPIO_DeInit  stm32f4xx_hal_gpio.o
    0x08001276   0x08001276   0x00000002   PAD
    0x08001278   0x08001278   0x0000019a   Code   RO         1508    .text.HAL_GPIO_Init  stm32f4xx_hal_gpio.o
    0x08001412   0x08001412   0x00000002   PAD
    0x08001414   0x08001414   0x0000000e   Code   RO         1341    .text.HAL_GetREVID  stm32f4xx_hal.o
    0x08001422   0x08001422   0x00000002   PAD
    0x08001424   0x08001424   0x00000050   Code   RO            2    .text.HAL_GetTick   main.o
    0x08001474   0x08001474   0x0000002e   Code   RO         1313    .text.HAL_Init      stm32f4xx_hal.o
    0x080014a2   0x080014a2   0x00000002   PAD
    0x080014a4   0x080014a4   0x00000004   Code   RO            4    .text.HAL_InitTick  main.o
    0x080014a8   0x080014a8   0x00000002   Code   RO         1317    .text.HAL_MspInit   stm32f4xx_hal.o
    0x080014aa   0x080014aa   0x00000002   PAD
    0x080014ac   0x080014ac   0x00000008   Code   RO         1398    .text.HAL_NVIC_DisableIRQ  stm32f4xx_hal_cortex.o
    0x080014b4   0x080014b4   0x00000008   Code   RO         1382    .text.HAL_NVIC_SetPriorityGrouping  stm32f4xx_hal_cortex.o
    0x080014bc   0x080014bc   0x00000160   Code   RO         1604    .text.HAL_RCC_ClockConfig  stm32f4xx_hal_rcc.o
    0x0800161c   0x0800161c   0x0000000c   Code   RO         1614    .text.HAL_RCC_GetHCLKFreq  stm32f4xx_hal_rcc.o
    0x08001628   0x08001628   0x00000022   Code   RO         1616    .text.HAL_RCC_GetPCLK1Freq  stm32f4xx_hal_rcc.o
    0x0800164a   0x0800164a   0x00000002   PAD
    0x0800164c   0x0800164c   0x0000006a   Code   RO         1606    .text.HAL_RCC_GetSysClockFreq  stm32f4xx_hal_rcc.o
    0x080016b6   0x080016b6   0x00000002   PAD
    0x080016b8   0x080016b8   0x00000334   Code   RO         1602    .text.HAL_RCC_OscConfig  stm32f4xx_hal_rcc.o
    0x080019ec   0x080019ec   0x00000002   Code   RO           22    .text.HardFault_Handler  stm32f4xx_it.o
    0x080019ee   0x080019ee   0x00000002   PAD
    0x080019f0   0x080019f0   0x0000000c   Code   RO          529    .text.IsException   rtx_kernel.o
    0x080019fc   0x080019fc   0x0000000c   Code   RO          749    .text.IsException   rtx_msgqueue.o
    0x08001a08   0x08001a08   0x0000000c   Code   RO          827    .text.IsException   rtx_mutex.o
    0x08001a14   0x08001a14   0x0000000c   Code   RO         1019    .text.IsException   rtx_thread.o
    0x08001a20   0x08001a20   0x00000018   Code   RO          531    .text.IsIrqMasked   rtx_kernel.o
    0x08001a38   0x08001a38   0x00000018   Code   RO          751    .text.IsIrqMasked   rtx_msgqueue.o
    0x08001a50   0x08001a50   0x00000018   Code   RO          829    .text.IsIrqMasked   rtx_mutex.o
    0x08001a68   0x08001a68   0x00000018   Code   RO         1021    .text.IsIrqMasked   rtx_thread.o
    0x08001a80   0x08001a80   0x0000000c   Code   RO          535    .text.IsPrivileged  rtx_kernel.o
    0x08001a8c   0x08001a8c   0x00000004   Code   RO          653    .text.MemBlockPtr   rtx_memory.o
    0x08001a90   0x08001a90   0x00000002   Code   RO          651    .text.MemHeadPtr    rtx_memory.o
    0x08001a92   0x08001a92   0x00000002   PAD
    0x08001a94   0x08001a94   0x00000002   Code   RO           24    .text.MemManage_Handler  stm32f4xx_it.o
    0x08001a96   0x08001a96   0x00000002   PAD
    0x08001a98   0x08001a98   0x0000002a   Code   RO          799    .text.MessageQueueGet  rtx_msgqueue.o
    0x08001ac2   0x08001ac2   0x00000002   PAD
    0x08001ac4   0x08001ac4   0x00000054   Code   RO          789    .text.MessageQueuePut  rtx_msgqueue.o
    0x08001b18   0x08001b18   0x00000024   Code   RO          785    .text.MessageQueueRemove  rtx_msgqueue.o
    0x08001b3c   0x08001b3c   0x00000002   Code   RO           20    .text.NMI_Handler   stm32f4xx_it.o
    0x08001b3e   0x08001b3e   0x00000002   PAD
    0x08001b40   0x08001b40   0x0000000c   Code   RO         1203    .text.OS_Tick_AcknowledgeIRQ  os_systick.o
    0x08001b4c   0x08001b4c   0x00000032   Code   RO         1199    .text.OS_Tick_Enable  os_systick.o
    0x08001b7e   0x08001b7e   0x00000002   PAD
    0x08001b80   0x08001b80   0x00000006   Code   RO         1205    .text.OS_Tick_GetIRQn  os_systick.o
    0x08001b86   0x08001b86   0x00000002   PAD
    0x08001b88   0x08001b88   0x00000048   Code   RO         1197    .text.OS_Tick_Setup  os_systick.o
    0x08001bd0   0x08001bd0   0x00000030   Code   RO          577    .text.SVC_Setup     rtx_kernel.o
    0x08001c00   0x08001c00   0x00000010   Code   RO          943    .text.SetPendSV     rtx_system.o
    0x08001c10   0x08001c10   0x0000000c   Code   RO          991    .text.StackOffsetR0  rtx_thread.o
    0x08001c1c   0x08001c1c   0x000000a0   Code   RO            8    .text.SystemClock_Config  main.o
    0x08001cbc   0x08001cbc   0x0000007e   Code   RO         2089    .text.SystemCoreClockUpdate  system_stm32f4xx.o
    0x08001d3a   0x08001d3a   0x00000002   PAD
    0x08001d3c   0x08001d3c   0x00000012   Code   RO         2087    .text.SystemInit    system_stm32f4xx.o
    0x08001d4e   0x08001d4e   0x00000002   PAD
    0x08001d50   0x08001d50   0x0000003e   Code   RO         1069    .text.ThreadFlagsCheck  rtx_thread.o
    0x08001d8e   0x08001d8e   0x00000002   PAD
    0x08001d90   0x08001d90   0x0000000a   Code   RO         1119    .text.ThreadFlagsSet  rtx_thread.o
    0x08001d9a   0x08001d9a   0x00000002   PAD
    0x08001d9c   0x08001d9c   0x00000068   Code   RO         1171    .text.TimerInsert   rtx_timer.o
    0x08001e04   0x08001e04   0x00000016   Code   RO         1167    .text.TimerUnlink   rtx_timer.o
    0x08001e1a   0x08001e1a   0x00000002   PAD
    0x08001e1c   0x08001e1c   0x00000008   Code   RO         1259    .text.USART3_Control  usart_stm32f4xx.o
    0x08001e24   0x08001e24   0x00000006   Code   RO         1241    .text.USART3_GetCapabilities  usart_stm32f4xx.o
    0x08001e2a   0x08001e2a   0x00000002   PAD
    0x08001e2c   0x08001e2c   0x00000008   Code   RO         1265    .text.USART3_GetModemStatus  usart_stm32f4xx.o
    0x08001e34   0x08001e34   0x00000008   Code   RO         1257    .text.USART3_GetRxCount  usart_stm32f4xx.o
    0x08001e3c   0x08001e3c   0x00000008   Code   RO         1261    .text.USART3_GetStatus  usart_stm32f4xx.o
    0x08001e44   0x08001e44   0x00000008   Code   RO         1255    .text.USART3_GetTxCount  usart_stm32f4xx.o
    0x08001e4c   0x08001e4c   0x00000010   Code   RO         1237    .text.USART3_IRQHandler  usart_stm32f4xx.o
    0x08001e5c   0x08001e5c   0x0000000a   Code   RO         1243    .text.USART3_Initialize  usart_stm32f4xx.o
    0x08001e66   0x08001e66   0x00000002   PAD
    0x08001e68   0x08001e68   0x00000008   Code   RO         1247    .text.USART3_PowerControl  usart_stm32f4xx.o
    0x08001e70   0x08001e70   0x00000008   Code   RO         1251    .text.USART3_Receive  usart_stm32f4xx.o
    0x08001e78   0x08001e78   0x00000008   Code   RO         1249    .text.USART3_Send   usart_stm32f4xx.o
    0x08001e80   0x08001e80   0x00000008   Code   RO         1263    .text.USART3_SetModemControl  usart_stm32f4xx.o
    0x08001e88   0x08001e88   0x00000008   Code   RO         1253    .text.USART3_Transfer  usart_stm32f4xx.o
    0x08001e90   0x08001e90   0x0000000a   Code   RO         1245    .text.USART3_Uninitialize  usart_stm32f4xx.o
    0x08001e9a   0x08001e9a   0x00000002   PAD
    0x08001e9c   0x08001e9c   0x00000596   Code   RO         1291    .text.USART_Control  usart_stm32f4xx.o
    0x08002432   0x08002432   0x00000002   PAD
    0x08002434   0x08002434   0x00000004   Code   RO         1297    .text.USART_GetModemStatus  usart_stm32f4xx.o
    0x08002438   0x08002438   0x0000000c   Code   RO         1289    .text.USART_GetRxCount  usart_stm32f4xx.o
    0x08002444   0x08002444   0x0000006a   Code   RO         1293    .text.USART_GetStatus  usart_stm32f4xx.o
    0x080024ae   0x080024ae   0x00000002   PAD
    0x080024b0   0x080024b0   0x0000000c   Code   RO         1287    .text.USART_GetTxCount  usart_stm32f4xx.o
    0x080024bc   0x080024bc   0x00000202   Code   RO         1235    .text.USART_IRQHandler  usart_stm32f4xx.o
    0x080026be   0x080026be   0x00000002   PAD
    0x080026c0   0x080026c0   0x00000046   Code   RO         1267    .text.USART_Initialize  usart_stm32f4xx.o
    0x08002706   0x08002706   0x00000002   PAD
    0x08002708   0x08002708   0x0000018a   Code   RO         1279    .text.USART_PeripheralReset  usart_stm32f4xx.o
    0x08002892   0x08002892   0x00000002   PAD
    0x08002894   0x08002894   0x000000c6   Code   RO         1273    .text.USART_PowerControl  usart_stm32f4xx.o
    0x0800295a   0x0800295a   0x00000002   PAD
    0x0800295c   0x0800295c   0x00000094   Code   RO         1283    .text.USART_Receive  usart_stm32f4xx.o
    0x080029f0   0x080029f0   0x00000080   Code   RO         1281    .text.USART_Send    usart_stm32f4xx.o
    0x08002a70   0x08002a70   0x00000054   Code   RO         1295    .text.USART_SetModemControl  usart_stm32f4xx.o
    0x08002ac4   0x08002ac4   0x00000054   Code   RO         1285    .text.USART_Transfer  usart_stm32f4xx.o
    0x08002b18   0x08002b18   0x0000002c   Code   RO         1271    .text.USART_Uninitialize  usart_stm32f4xx.o
    0x08002b44   0x08002b44   0x0000000a   Code   RO         1239    .text.USARTx_GetVersion  usart_stm32f4xx.o
    0x08002b4e   0x08002b4e   0x00000002   PAD
    0x08002b50   0x08002b50   0x00000002   Code   RO           28    .text.UsageFault_Handler  stm32f4xx_it.o
    0x08002b52   0x08002b52   0x00000002   PAD
    0x08002b54   0x08002b54   0x0000000e   Code   RO         1275    .text.__NVIC_ClearPendingIRQ  usart_stm32f4xx.o
    0x08002b62   0x08002b62   0x00000002   PAD
    0x08002b64   0x08002b64   0x00000028   Code   RO         1400    .text.__NVIC_DisableIRQ  stm32f4xx_hal_cortex.o
    0x08002b8c   0x08002b8c   0x0000000e   Code   RO         1277    .text.__NVIC_EnableIRQ  usart_stm32f4xx.o
    0x08002b9a   0x08002b9a   0x00000002   PAD
    0x08002b9c   0x08002b9c   0x00000010   Code   RO          579    .text.__NVIC_GetPriorityGrouping  rtx_kernel.o
    0x08002bac   0x08002bac   0x00000020   Code   RO         1384    .text.__NVIC_SetPriorityGrouping  stm32f4xx_hal_cortex.o
    0x08002bcc   0x08002bcc   0x0000001a   Code   RO          621    .text._mutex_acquire  rtx_lib.o
    0x08002be6   0x08002be6   0x00000002   PAD
    0x08002be8   0x08002be8   0x0000000a   Code   RO          625    .text._mutex_free   rtx_lib.o
    0x08002bf2   0x08002bf2   0x00000002   PAD
    0x08002bf4   0x08002bf4   0x00000020   Code   RO          619    .text._mutex_initialize  rtx_lib.o
    0x08002c14   0x08002c14   0x00000016   Code   RO          623    .text._mutex_release  rtx_lib.o
    0x08002c2a   0x08002c2a   0x00000002   PAD
    0x08002c2c   0x08002c2c   0x00000008   Code   RO          613    .text._platform_post_stackheap_init  rtx_lib.o
    0x08002c34   0x08002c34   0x00000026   Code   RO         1071    .text.atomic_chk32_all  rtx_thread.o
    0x08002c5a   0x08002c5a   0x00000002   PAD
    0x08002c5c   0x08002c5c   0x00000022   Code   RO         1073    .text.atomic_chk32_any  rtx_thread.o
    0x08002c7e   0x08002c7e   0x00000002   PAD
    0x08002c80   0x08002c80   0x00000024   Code   RO          945    .text.atomic_dec16_nz  rtx_system.o
    0x08002ca4   0x08002ca4   0x00000010   Code   RO          679    .text.atomic_dec32  rtx_mempool.o
    0x08002cb4   0x08002cb4   0x0000001a   Code   RO          801    .text.atomic_dec32_nz  rtx_msgqueue.o
    0x08002cce   0x08002cce   0x00000002   PAD
    0x08002cd0   0x08002cd0   0x0000001a   Code   RO          947    .text.atomic_inc16_lim  rtx_system.o
    0x08002cea   0x08002cea   0x00000002   PAD
    0x08002cec   0x08002cec   0x00000028   Code   RO          951    .text.atomic_inc16_lt  rtx_system.o
    0x08002d14   0x08002d14   0x00000010   Code   RO          673    .text.atomic_inc32  rtx_mempool.o
    0x08002d24   0x08002d24   0x00000010   Code   RO          791    .text.atomic_inc32  rtx_msgqueue.o
    0x08002d34   0x08002d34   0x0000001a   Code   RO          671    .text.atomic_link_get  rtx_mempool.o
    0x08002d4e   0x08002d4e   0x00000002   PAD
    0x08002d50   0x08002d50   0x0000001e   Code   RO          677    .text.atomic_link_put  rtx_mempool.o
    0x08002d6e   0x08002d6e   0x00000002   PAD
    0x08002d70   0x08002d70   0x00000016   Code   RO         1121    .text.atomic_set32  rtx_thread.o
    0x08002d86   0x08002d86   0x00000002   PAD
    0x08002d88   0x08002d88   0x00000012   Code   RO          803    .text.atomic_wr8    rtx_msgqueue.o
    0x08002d9a   0x08002d9a   0x00000002   PAD
    0x08002d9c   0x08002d9c   0x0000002c   Code   RO           64    .text.init_th_prueba_com  prueba_thcom.o
    0x08002dc8   0x08002dc8   0x00000078   Code   RO           39    .text.init_thcom    com.o
    0x08002e40   0x08002e40   0x00000042   Code   RO           45    .text.init_uart     com.o
    0x08002e82   0x08002e82   0x00000002   PAD
    0x08002e84   0x08002e84   0x00000074   Code   RO          761    .text.isrRtxMessageQueueGet  rtx_msgqueue.o
    0x08002ef8   0x08002ef8   0x0000007e   Code   RO          757    .text.isrRtxMessageQueuePut  rtx_msgqueue.o
    0x08002f76   0x08002f76   0x00000002   PAD
    0x08002f78   0x08002f78   0x0000005a   Code   RO         1059    .text.isrRtxThreadFlagsSet  rtx_thread.o
    0x08002fd2   0x08002fd2   0x00000002   PAD
    0x08002fd4   0x08002fd4   0x0000002e   Code   RO          927    .text.isr_queue_get  rtx_system.o
    0x08003002   0x08003002   0x00000002   PAD
    0x08003004   0x08003004   0x00000032   Code   RO          941    .text.isr_queue_put  rtx_system.o
    0x08003036   0x08003036   0x00000002   PAD
    0x08003038   0x08003038   0x0000001e   Code   RO            6    .text.main          main.o
    0x08003056   0x08003056   0x00000002   PAD
    0x08003058   0x08003058   0x00000026   Code   RO          539    .text.osKernelGetState  rtx_kernel.o
    0x0800307e   0x0800307e   0x00000002   PAD
    0x08003080   0x08003080   0x00000020   Code   RO          555    .text.osKernelGetTickCount  rtx_kernel.o
    0x080030a0   0x080030a0   0x00000032   Code   RO          527    .text.osKernelInitialize  rtx_kernel.o
    0x080030d2   0x080030d2   0x00000002   PAD
    0x080030d4   0x080030d4   0x0000002e   Code   RO          543    .text.osKernelStart  rtx_kernel.o
    0x08003102   0x08003102   0x00000002   PAD
    0x08003104   0x08003104   0x00000042   Code   RO          759    .text.osMessageQueueGet  rtx_msgqueue.o
    0x08003146   0x08003146   0x00000002   PAD
    0x08003148   0x08003148   0x0000003a   Code   RO          747    .text.osMessageQueueNew  rtx_msgqueue.o
    0x08003182   0x08003182   0x00000002   PAD
    0x08003184   0x08003184   0x00000042   Code   RO          755    .text.osMessageQueuePut  rtx_msgqueue.o
    0x080031c6   0x080031c6   0x00000002   PAD
    0x080031c8   0x080031c8   0x00000038   Code   RO          833    .text.osMutexAcquire  rtx_mutex.o
    0x08003200   0x08003200   0x00000034   Code   RO          839    .text.osMutexDelete  rtx_mutex.o
    0x08003234   0x08003234   0x00000032   Code   RO          825    .text.osMutexNew    rtx_mutex.o
    0x08003266   0x08003266   0x00000002   PAD
    0x08003268   0x08003268   0x00000034   Code   RO          835    .text.osMutexRelease  rtx_mutex.o
    0x0800329c   0x0800329c   0x00000002   Code   RO         1226    .text.osRtxErrorNotify  rtx_config.o
    0x0800329e   0x0800329e   0x00000002   PAD
    0x080032a0   0x080032a0   0x00000002   Code   RO          931    .text.osRtxEventFlagsObject  rtx_system.o
    0x080032a2   0x080032a2   0x00000002   PAD
    0x080032a4   0x080032a4   0x00000002   Code   RO          979    .text.osRtxEventFlagsObject  rtx_thread.o
    0x080032a6   0x080032a6   0x00000002   PAD
    0x080032a8   0x080032a8   0x00000002   Code   RO         1224    .text.osRtxIdleThread  rtx_config.o
    0x080032aa   0x080032aa   0x00000002   PAD
    0x080032ac   0x080032ac   0x00000014   Code   RO          525    .text.osRtxKernelErrorNotify  rtx_kernel.o
    0x080032c0   0x080032c0   0x0000000c   Code   RO          923    .text.osRtxKernelGetState  rtx_system.o
    0x080032cc   0x080032cc   0x0000000c   Code   RO          997    .text.osRtxKernelGetState  rtx_thread.o
    0x080032d8   0x080032d8   0x00000002   Code   RO          523    .text.osRtxKernelPreInit  rtx_kernel.o
    0x080032da   0x080032da   0x00000002   PAD
    0x080032dc   0x080032dc   0x0000000c   Code   RO          573    .text.osRtxKernelState  rtx_kernel.o
    0x080032e8   0x080032e8   0x000000b6   Code   RO          655    .text.osRtxMemoryAlloc  rtx_memory.o
    0x0800339e   0x0800339e   0x00000002   PAD
    0x080033a0   0x080033a0   0x00000078   Code   RO          657    .text.osRtxMemoryFree  rtx_memory.o
    0x08003418   0x08003418   0x00000064   Code   RO          649    .text.osRtxMemoryInit  rtx_memory.o
    0x0800347c   0x0800347c   0x0000002a   Code   RO          669    .text.osRtxMemoryPoolAlloc  rtx_mempool.o
    0x080034a6   0x080034a6   0x00000002   PAD
    0x080034a8   0x080034a8   0x00000042   Code   RO          675    .text.osRtxMemoryPoolFree  rtx_mempool.o
    0x080034ea   0x080034ea   0x00000002   PAD
    0x080034ec   0x080034ec   0x00000060   Code   RO          667    .text.osRtxMemoryPoolInit  rtx_mempool.o
    0x0800354c   0x0800354c   0x00000002   Code   RO          935    .text.osRtxMemoryPoolObject  rtx_system.o
    0x0800354e   0x0800354e   0x00000002   PAD
    0x08003550   0x08003550   0x00000002   Code   RO          985    .text.osRtxMemoryPoolObject  rtx_thread.o
    0x08003552   0x08003552   0x00000002   PAD
    0x08003554   0x08003554   0x00000002   Code   RO          937    .text.osRtxMessageObject  rtx_system.o
    0x08003556   0x08003556   0x00000002   PAD
    0x08003558   0x08003558   0x00000002   Code   RO          743    .text.osRtxMessageQueueId  rtx_msgqueue.o
    0x0800355a   0x0800355a   0x00000002   PAD
    0x0800355c   0x0800355c   0x00000002   Code   RO          987    .text.osRtxMessageQueueObject  rtx_thread.o
    0x0800355e   0x0800355e   0x00000002   PAD
    0x08003560   0x08003560   0x00000102   Code   RO          783    .text.osRtxMessageQueuePostProcess  rtx_msgqueue.o
    0x08003662   0x08003662   0x00000002   PAD
    0x08003664   0x08003664   0x00000030   Code   RO          741    .text.osRtxMessageQueueTimerSetup  rtx_msgqueue.o
    0x08003694   0x08003694   0x00000002   Code   RO          845    .text.osRtxMutexId  rtx_mutex.o
    0x08003696   0x08003696   0x00000002   PAD
    0x08003698   0x08003698   0x00000002   Code   RO          981    .text.osRtxMutexObject  rtx_thread.o
    0x0800369a   0x0800369a   0x00000002   PAD
    0x0800369c   0x0800369c   0x0000006a   Code   RO          819    .text.osRtxMutexOwnerRelease  rtx_mutex.o
    0x08003706   0x08003706   0x00000002   PAD
    0x08003708   0x08003708   0x00000050   Code   RO          823    .text.osRtxMutexOwnerRestore  rtx_mutex.o
    0x08003758   0x08003758   0x00000002   Code   RO          787    .text.osRtxObject   rtx_msgqueue.o
    0x0800375a   0x0800375a   0x00000002   PAD
    0x0800375c   0x0800375c   0x00000002   Code   RO          821    .text.osRtxObject   rtx_mutex.o
    0x0800375e   0x0800375e   0x00000002   PAD
    0x08003760   0x08003760   0x00000002   Code   RO          949    .text.osRtxObject   rtx_system.o
    0x08003762   0x08003762   0x00000002   PAD
    0x08003764   0x08003764   0x00000002   Code   RO          969    .text.osRtxObject   rtx_thread.o
    0x08003766   0x08003766   0x00000002   PAD
    0x08003768   0x08003768   0x00000064   Code   RO          925    .text.osRtxPendSV_Handler  rtx_system.o
    0x080037cc   0x080037cc   0x0000002c   Code   RO          939    .text.osRtxPostProcess  rtx_system.o
    0x080037f8   0x080037f8   0x00000002   Code   RO          933    .text.osRtxSemaphoreObject  rtx_system.o
    0x080037fa   0x080037fa   0x00000002   PAD
    0x080037fc   0x080037fc   0x00000002   Code   RO          983    .text.osRtxSemaphoreObject  rtx_thread.o
    0x080037fe   0x080037fe   0x00000002   PAD
    0x08003800   0x08003800   0x00000048   Code   RO         1001    .text.osRtxThreadBlock  rtx_thread.o
    0x08003848   0x08003848   0x000000a0   Code   RO         1009    .text.osRtxThreadDelayInsert  rtx_thread.o
    0x080038e8   0x080038e8   0x00000050   Code   RO         1005    .text.osRtxThreadDelayRemove  rtx_thread.o
    0x08003938   0x08003938   0x000000f6   Code   RO          975    .text.osRtxThreadDelayTick  rtx_thread.o
    0x08003a2e   0x08003a2e   0x00000002   PAD
    0x08003a30   0x08003a30   0x00000036   Code   RO         1111    .text.osRtxThreadDestroy  rtx_thread.o
    0x08003a66   0x08003a66   0x00000002   PAD
    0x08003a68   0x08003a68   0x0000005e   Code   RO          995    .text.osRtxThreadDispatch  rtx_thread.o
    0x08003ac6   0x08003ac6   0x00000002   PAD
    0x08003ac8   0x08003ac8   0x00000060   Code   RO         1101    .text.osRtxThreadFree  rtx_thread.o
    0x08003b28   0x08003b28   0x0000000c   Code   RO          797    .text.osRtxThreadGetRunning  rtx_msgqueue.o
    0x08003b34   0x08003b34   0x0000000c   Code   RO          849    .text.osRtxThreadGetRunning  rtx_mutex.o
    0x08003b40   0x08003b40   0x0000000c   Code   RO          999    .text.osRtxThreadGetRunning  rtx_thread.o
    0x08003b4c   0x08003b4c   0x0000000c   Code   RO         1165    .text.osRtxThreadGetRunning  rtx_timer.o
    0x08003b58   0x08003b58   0x00000002   Code   RO         1013    .text.osRtxThreadId  rtx_thread.o
    0x08003b5a   0x08003b5a   0x00000002   PAD
    0x08003b5c   0x08003b5c   0x00000026   Code   RO         1107    .text.osRtxThreadJoinWakeup  rtx_thread.o
    0x08003b82   0x08003b82   0x00000002   PAD
    0x08003b84   0x08003b84   0x00000018   Code   RO          965    .text.osRtxThreadListGet  rtx_thread.o
    0x08003b9c   0x08003b9c   0x00000034   Code   RO          961    .text.osRtxThreadListPut  rtx_thread.o
    0x08003bd0   0x08003bd0   0x0000001a   Code   RO          971    .text.osRtxThreadListRemove  rtx_thread.o
    0x08003bea   0x08003bea   0x00000002   PAD
    0x08003bec   0x08003bec   0x00000012   Code   RO          977    .text.osRtxThreadListRoot  rtx_thread.o
    0x08003bfe   0x08003bfe   0x00000002   PAD
    0x08003c00   0x08003c00   0x00000030   Code   RO          967    .text.osRtxThreadListSort  rtx_thread.o
    0x08003c30   0x08003c30   0x00000002   Code   RO          929    .text.osRtxThreadObject  rtx_system.o
    0x08003c32   0x08003c32   0x00000002   PAD
    0x08003c34   0x08003c34   0x00000002   Code   RO          963    .text.osRtxThreadObject  rtx_thread.o
    0x08003c36   0x08003c36   0x00000002   PAD
    0x08003c38   0x08003c38   0x00000038   Code   RO         1067    .text.osRtxThreadPostProcess  rtx_thread.o
    0x08003c70   0x08003c70   0x00000018   Code   RO          973    .text.osRtxThreadReadyPut  rtx_thread.o
    0x08003c88   0x08003c88   0x00000010   Code   RO          989    .text.osRtxThreadRegPtr  rtx_thread.o
    0x08003c98   0x08003c98   0x0000000e   Code   RO         1109    .text.osRtxThreadSetRunning  rtx_thread.o
    0x08003ca6   0x08003ca6   0x00000002   PAD
    0x08003ca8   0x08003ca8   0x0000000c   Code   RO         1169    .text.osRtxThreadSetRunning  rtx_timer.o
    0x08003cb4   0x08003cb4   0x00000050   Code   RO         1011    .text.osRtxThreadStartup  rtx_thread.o
    0x08003d04   0x08003d04   0x00000016   Code   RO          993    .text.osRtxThreadSwitch  rtx_thread.o
    0x08003d1a   0x08003d1a   0x00000002   PAD
    0x08003d1c   0x08003d1c   0x0000005c   Code   RO         1007    .text.osRtxThreadWaitEnter  rtx_thread.o
    0x08003d78   0x08003d78   0x0000002a   Code   RO         1003    .text.osRtxThreadWaitExit  rtx_thread.o
    0x08003da2   0x08003da2   0x00000002   PAD
    0x08003da4   0x08003da4   0x0000008a   Code   RO          921    .text.osRtxTick_Handler  rtx_system.o
    0x08003e2e   0x08003e2e   0x00000002   PAD
    0x08003e30   0x08003e30   0x00000026   Code   RO         1143    .text.osRtxTimerSetup  rtx_timer.o
    0x08003e56   0x08003e56   0x00000002   PAD
    0x08003e58   0x08003e58   0x0000002a   Code   RO         1147    .text.osRtxTimerThread  rtx_timer.o
    0x08003e82   0x08003e82   0x00000002   PAD
    0x08003e84   0x08003e84   0x00000088   Code   RO         1145    .text.osRtxTimerTick  rtx_timer.o
    0x08003f0c   0x08003f0c   0x0000001a   Code   RO         1049    .text.osThreadExit  rtx_thread.o
    0x08003f26   0x08003f26   0x00000002   PAD
    0x08003f28   0x08003f28   0x00000030   Code   RO         1057    .text.osThreadFlagsSet  rtx_thread.o
    0x08003f58   0x08003f58   0x0000003c   Code   RO         1065    .text.osThreadFlagsWait  rtx_thread.o
    0x08003f94   0x08003f94   0x0000003a   Code   RO         1017    .text.osThreadNew   rtx_thread.o
    0x08003fce   0x08003fce   0x00000002   PAD
    0x08003fd0   0x08003fd0   0x00000030   Code   RO         1039    .text.osThreadYield  rtx_thread.o
    0x08004000   0x08004000   0x0000001e   Code   RO          617    .text.os_kernel_is_active  rtx_lib.o
    0x0800401e   0x0800401e   0x00000002   PAD
    0x08004020   0x08004020   0x00000042   Code   RO           47    .text.procesar_trama  com.o
    0x08004062   0x08004062   0x00000002   PAD
    0x08004064   0x08004064   0x00000010   Code   RO          541    .text.svcRtxKernelGetState  rtx_kernel.o
    0x08004074   0x08004074   0x00000014   Code   RO          557    .text.svcRtxKernelGetTickCount  rtx_kernel.o
    0x08004088   0x08004088   0x00000150   Code   RO          571    .text.svcRtxKernelInitialize  rtx_kernel.o
    0x080041d8   0x080041d8   0x00000084   Code   RO          575    .text.svcRtxKernelStart  rtx_kernel.o
    0x0800425c   0x0800425c   0x00000132   Code   RO          805    .text.svcRtxMessageQueueGet  rtx_msgqueue.o
    0x0800438e   0x0800438e   0x00000002   PAD
    0x08004390   0x08004390   0x00000188   Code   RO          745    .text.svcRtxMessageQueueNew  rtx_msgqueue.o
    0x08004518   0x08004518   0x00000114   Code   RO          795    .text.svcRtxMessageQueuePut  rtx_msgqueue.o
    0x0800462c   0x0800462c   0x000000e6   Code   RO          847    .text.svcRtxMutexAcquire  rtx_mutex.o
    0x08004712   0x08004712   0x00000002   PAD
    0x08004714   0x08004714   0x000000d8   Code   RO          855    .text.svcRtxMutexDelete  rtx_mutex.o
    0x080047ec   0x080047ec   0x00000090   Code   RO          841    .text.svcRtxMutexNew  rtx_mutex.o
    0x0800487c   0x0800487c   0x000000f8   Code   RO          851    .text.svcRtxMutexRelease  rtx_mutex.o
    0x08004974   0x08004974   0x0000004a   Code   RO         1105    .text.svcRtxThreadExit  rtx_thread.o
    0x080049be   0x080049be   0x00000002   PAD
    0x080049c0   0x080049c0   0x0000008e   Code   RO         1123    .text.svcRtxThreadFlagsSet  rtx_thread.o
    0x08004a4e   0x08004a4e   0x00000002   PAD
    0x08004a50   0x08004a50   0x000000a6   Code   RO         1133    .text.svcRtxThreadFlagsWait  rtx_thread.o
    0x08004af6   0x08004af6   0x00000002   PAD
    0x08004af8   0x08004af8   0x00000240   Code   RO         1015    .text.svcRtxThreadNew  rtx_thread.o
    0x08004d38   0x08004d38   0x00000044   Code   RO         1091    .text.svcRtxThreadYield  rtx_thread.o
    0x08004d7c   0x08004d7c   0x00000086   Code   RO           43    .text.th_com_Rx     com.o
    0x08004e02   0x08004e02   0x00000002   PAD
    0x08004e04   0x08004e04   0x00000082   Code   RO           41    .text.th_com_Tx     com.o
    0x08004e86   0x08004e86   0x00000002   PAD
    0x08004e88   0x08004e88   0x00000078   Code   RO           66    .text.th_prueba_N   prueba_thcom.o
    0x08004f00   0x08004f00   0x00000032   Code   RO           49    .text.uart_callback  com.o
    0x08004f32   0x08004f32   0x0000003e   Code   RO         2196    CL$$btod_d2e        c_w.l(btod.o)
    0x08004f70   0x08004f70   0x00000046   Code   RO         2198    CL$$btod_d2e_denorm_low  c_w.l(btod.o)
    0x08004fb6   0x08004fb6   0x00000060   Code   RO         2197    CL$$btod_d2e_norm_op1  c_w.l(btod.o)
    0x08005016   0x08005016   0x00000002   PAD
    0x08005018   0x08005018   0x00000338   Code   RO         2206    CL$$btod_div_common  c_w.l(btod.o)
    0x08005350   0x08005350   0x000000dc   Code   RO         2203    CL$$btod_e2e        c_w.l(btod.o)
    0x0800542c   0x0800542c   0x0000002a   Code   RO         2200    CL$$btod_ediv       c_w.l(btod.o)
    0x08005456   0x08005456   0x0000002a   Code   RO         2199    CL$$btod_emul       c_w.l(btod.o)
    0x08005480   0x08005480   0x00000244   Code   RO         2205    CL$$btod_mult_common  c_w.l(btod.o)
    0x080056c4   0x080056c4   0x00000030   Code   RO         2226    i.__ARM_fpclassify  m_wm.l(fpclassify.o)
    0x080056f4   0x080056f4   0x0000000e   Code   RO         2121    i._is_digit         c_w.l(__printf_wp.o)
    0x08005702   0x08005702   0x00000002   PAD
    0x08005704   0x08005704   0x0000002c   Code   RO         2221    locale$$code        c_w.l(lc_numeric_c.o)
    0x08005730   0x08005730   0x0000001a   Code   RO         2304    x$fpl$fpinit        fz_wm.l(fpinit.o)
    0x0800574a   0x0800574a   0x00000004   Code   RO         2145    x$fpl$printf1       fz_wm.l(printf1.o)
    0x0800574e   0x0800574e   0x00000000   Code   RO         2225    x$fpl$usenofp       fz_wm.l(usenofp.o)
    0x0800574e   0x0800574e   0x00000002   PAD
    0x08005750   0x08005750   0x00000094   Data   RO         2194    .constdata          c_w.l(bigflt0.o)
    0x080057e4   0x080057e4   0x000000a8   Data   RO          631    .rodata             rtx_lib.o
    0x0800588c   0x0800588c   0x00000010   Data   RO         2092    .rodata.AHBPrescTable  system_stm32f4xx.o
    0x0800589c   0x0800589c   0x00000008   Data   RO         2093    .rodata.APBPrescTable  system_stm32f4xx.o
    0x080058a4   0x080058a4   0x00000038   Data   RO         1299    .rodata.Driver_USART3  usart_stm32f4xx.o
    0x080058dc   0x080058dc   0x00000034   Data   RO         1304    .rodata.USART3_Resources  usart_stm32f4xx.o
    0x08005910   0x08005910   0x0000000c   Data   RO         1301    .rodata.USART3_rx   usart_stm32f4xx.o
    0x0800591c   0x0800591c   0x0000000c   Data   RO         1300    .rodata.USART3_tx   usart_stm32f4xx.o
    0x08005928   0x08005928   0x00000004   Data   RO          633    .rodata.osRtxUserSVC  rtx_lib.o
    0x0800592c   0x0800592c   0x00000024   Data   RO          628    .rodata.os_idle_thread_attr  rtx_lib.o
    0x08005950   0x08005950   0x00000018   Data   RO          630    .rodata.os_timer_mq_attr  rtx_lib.o
    0x08005968   0x08005968   0x00000024   Data   RO          629    .rodata.os_timer_thread_attr  rtx_lib.o
    0x0800598c   0x0800598c   0x0000000b   Data   RO          603    .rodata.str1.4      rtx_kernel.o
    0x08005997   0x08005997   0x00000001   PAD
    0x08005998   0x08005998   0x00000020   Data   RO         2380    Region$$Table       anon$$obj.o
    0x080059b8   0x080059b8   0x0000001c   Data   RO         2220    locale$$data        c_w.l(lc_numeric_c.o)


    Execution Region ER_RW (Exec base: 0x20000000, Load base: 0x080059d4, Size: 0x000000b0, Max: 0xffffffff, ABSOLUTE)

    Exec Addr    Load Addr    Size         Type   Attr      Idx    E Section Name        Object

    0x20000000   0x080059d4   0x00000004   Data   RW         2091    .data.SystemCoreClock  system_stm32f4xx.o
    0x20000004   0x080059d8   0x000000a4   Data   RW          604    .data.os            rtx_kernel.o
    0x200000a8   0x08005a7c   0x00000004   Data   RW           51    .data.uart          com.o
    0x200000ac   0x08005a80   0x00000004   Data   RW         1371    .data.uwTickPrio    stm32f4xx_hal.o


    Execution Region ER_ZI (Exec base: 0x200000b0, Load base: 0x08005a84, Size: 0x00008c08, Max: 0xffffffff, ABSOLUTE)

    Exec Addr    Load Addr    Size         Type   Attr      Idx    E Section Name        Object

    0x200000b0        -       0x00000060   Zero   RW         2229    .bss                c_w.l(libspace.o)
    0x20000110        -       0x00000004   Zero   RW           10    .bss.HAL_GetTick.ticks  main.o
    0x20000114        -       0x00000014   Zero   RW         1302    .bss.USART3_Info    usart_stm32f4xx.o
    0x20000128        -       0x00000024   Zero   RW         1303    .bss.USART3_TransferInfo  usart_stm32f4xx.o
    0x2000014c   0x08005a84   0x00000004   PAD
    0x20000150        -       0x00008040   Zero   RW          627    .bss.os             rtx_lib.o
    0x20008190        -       0x00000001   Zero   RW         1215    .bss.os             os_systick.o
    0x20008191   0x08005a84   0x00000003   PAD
    0x20008194        -       0x00000034   Zero   RW          638    .bss.os.msgqueue.cb  rtx_lib.o
    0x200081c8        -       0x00000050   Zero   RW          639    .bss.os.msgqueue.mem  rtx_lib.o
    0x20008218        -       0x00000088   Zero   RW          635    .bss.os.thread.cb   rtx_lib.o
    0x200082a0        -       0x00000200   Zero   RW          636    .bss.os.thread.idle.stack  rtx_lib.o
    0x200084a0        -       0x00000200   Zero   RW          637    .bss.os.thread.timer.stack  rtx_lib.o
    0x200086a0        -       0x00000001   Zero   RW          640    .bss.os_kernel_is_active.os_kernel_active  rtx_lib.o
    0x200086a1   0x08005a84   0x00000003   PAD
    0x200086a4        -       0x00000004   Zero   RW           55    .bss.qCom_Rx        com.o
    0x200086a8        -       0x00000004   Zero   RW           54    .bss.qCom_Tx        com.o
    0x200086ac        -       0x00000004   Zero   RW           68    .bss.th_prueba_com  prueba_thcom.o
    0x200086b0        -       0x00000004   Zero   RW           53    .bss.thcom_Rx       com.o
    0x200086b4        -       0x00000004   Zero   RW           52    .bss.thcom_Tx       com.o
    0x200086b8        -       0x00000200   Zero   RW         2078    HEAP                startup_stm32f429xx.o
    0x200088b8        -       0x00000400   Zero   RW         2077    STACK               startup_stm32f429xx.o


==============================================================================

Image component sizes


      Code (inc. data)   RO Data    RW Data    ZI Data      Debug   Object Name

       566          0          0          4         16       5136   com.o
       200         12          0          0          0        748   irq_armv7m.o
       274          0          0          0          4       3576   main.o
       140          0          0          0          1       4989   os_systick.o
       164         16          0          0          4       1176   prueba_thcom.o
         4          0          0          0          0        664   rtx_config.o
       128          0          0          0          0      24350   rtx_evr.o
       816          0         11        164          0      15666   rtx_kernel.o
       128          0        268          0      34125       7344   rtx_lib.o
       408          0          0          0          0       2850   rtx_memory.o
       292          0          0          0          0      15183   rtx_mempool.o
      1986          0          0          0          0      18676   rtx_msgqueue.o
      1286          0          0          0          0      10170   rtx_mutex.o
       520         10          0          0          0       6579   rtx_system.o
      2964         10          0          0          0      33200   rtx_thread.o
       366          0          0          0          0      10456   rtx_timer.o
        64         26        428          0       1536        868   startup_stm32f429xx.o
        62          0          0          4          0       8031   stm32f4xx_hal.o
        88          0          0          0          0      11171   stm32f4xx_hal_cortex.o
       672          0          0          0          0       5440   stm32f4xx_hal_gpio.o
      1324          0          0          0          0       7604   stm32f4xx_hal_rcc.o
        12          0          0          0          0        745   stm32f4xx_it.o
       144          0         24          4          0       2784   system_stm32f4xx.o
      3888        100        132          0         56      19784   usart_stm32f4xx.o

    ----------------------------------------------------------------------
     16838        174        896        176      35752     217190   Object Totals
         0          0         32          0          0          0   (incl. Generated)
       342          0          1          0         10          0   (incl. Padding)

    ----------------------------------------------------------------------

      Code (inc. data)   RO Data    RW Data    ZI Data      Debug   Library Member Name

        44          6          0          0          0         84   __2sprintf.o
         8          0          0          0          0         68   __main.o
       284          0          0          0          0        156   __printf_wp.o
         0          0          0          0          0          0   __rtentry.o
        20          0          0          0          0          0   __rtentry2.o
         6          0          0          0          0          0   __rtentry4.o
        52          8          0          0          0          0   __scatter.o
        26          0          0          0          0          0   __scatter_copy.o
        28          0          0          0          0          0   __scatter_zi.o
        48          6          0          0          0         96   _printf_char_common.o
         6          0          0          0          0          0   _printf_f.o
      1052          0          0          0          0        148   _printf_fp_dec.o
       128         16          0          0          0         84   _printf_fp_infnan.o
         0          0          0          0          0          0   _printf_percent.o
         4          0          0          0          0          0   _printf_percent_end.o
        10          0          0          0          0         68   _sputc.o
        16          0          0          0          0         68   aeabi_memset4.o
       228          4        148          0          0         96   bigflt0.o
      1936        128          0          0          0        668   btod.o
        18          0          0          0          0         80   exit.o
         6          0          0          0          0        152   heapauxi.o
         0          0          0          0          0          0   indicate_semi.o
        44         10         28          0          0         76   lc_numeric_c.o
         2          0          0          0          0          0   libinit.o
        22          0          0          0          0          0   libinit2.o
         2          0          0          0          0          0   libshutdown.o
         2          0          0          0          0          0   libshutdown2.o
         8          4          0          0         96         68   libspace.o
       138          0          0          0          0         80   lludiv10.o
       240          0          0          0          0        100   lludivv7m.o
        10          0          0          0          0         76   rt_locale_twolibspace.o
        68          0          0          0          0         68   rt_memclr.o
        78          0          0          0          0         80   rt_memclr_w.o
       138          0          0          0          0         68   rt_memcpy_v6.o
       100          0          0          0          0         80   rt_memcpy_w.o
         2          0          0          0          0          0   rtexit.o
        10          0          0          0          0          0   rtexit2.o
       124          0          0          0          0         88   strcmpv7em.o
        12          4          0          0          0         68   sys_exit.o
        74          0          0          0          0         80   sys_stackheap_outer.o
         2          0          0          0          0         68   use_no_semi.o
        26          0          0          0          0        116   fpinit.o
         4          0          0          0          0        116   printf1.o
         0          0          0          0          0          0   usenofp.o
        48          0          0          0          0        124   fpclassify.o

    ----------------------------------------------------------------------
      5086        186        176          0         96       3124   Library Totals
        12          0          0          0          0          0   (incl. Padding)

    ----------------------------------------------------------------------

      Code (inc. data)   RO Data    RW Data    ZI Data      Debug   Library Name

      4996        186        176          0         96       2768   c_w.l
        30          0          0          0          0        232   fz_wm.l
        48          0          0          0          0        124   m_wm.l

    ----------------------------------------------------------------------
      5086        186        176          0         96       3124   Library Totals

    ----------------------------------------------------------------------

==============================================================================


      Code (inc. data)   RO Data    RW Data    ZI Data      Debug   

     21924        360       1072        176      35848     218370   Grand Totals
     21924        360       1072        176      35848     218370   ELF Image Totals
     21924        360       1072        176          0          0   ROM Totals

==============================================================================

    Total RO  Size (Code + RO Data)                22996 (  22.46kB)
    Total RW  Size (RW Data + ZI Data)             36024 (  35.18kB)
    Total ROM Size (Code + RO Data + RW Data)      23172 (  22.63kB)

==============================================================================

